[migrater] timestamp=1779269570.71, migrating=False, epoch=0, total_epochs=0, configured=0 B/s, rate=0 B/s, pending=0 bytesMigrater running on 50051

[migrater] timestamp=1779269570.86, migrating=False, epoch=0, total_epochs=0, configured=0 B/s, rate=0 B/s, pending=0 bytes
[migrater] timestamp=1779269570.96, migrating=False, epoch=0, total_epochs=0, configured=0 B/s, rate=0 B/s, pending=0 bytes
[migrater] timestamp=1779269571.06, migrating=False, epoch=0, total_epochs=0, configured=0 B/s, rate=0 B/s, pending=0 bytes
[migrater] timestamp=1779269571.16, migrating=False, epoch=0, total_epochs=0, configured=0 B/s, rate=0 B/s, pending=0 bytes
[migrater] timestamp=1779269571.26, migrating=False, epoch=0, total_epochs=0, configured=0 B/s, rate=0 B/s, pending=0 bytes
[migrater] timestamp=1779269571.37, migrating=False, epoch=0, total_epochs=0, configured=0 B/s, rate=0 B/s, pending=0 bytes
[migrater] timestamp=1779269571.47, migrating=False, epoch=0, total_epochs=0, configured=0 B/s, rate=0 B/s, pending=0 bytes
[migrater] timestamp=1779269571.57, migrating=False, epoch=0, total_epochs=0, configured=0 B/s, rate=0 B/s, pending=0 bytes
[migrater] timestamp=1779269571.67, migrating=False, epoch=0, total_epochs=0, configured=0 B/s, rate=0 B/s, pending=0 bytes
[migrater] timestamp=1779269571.77, migrating=False, epoch=0, total_epochs=0, configured=0 B/s, rate=0 B/s, pending=0 bytes
[migrater] timestamp=1779269571.87, migrating=False, epoch=0, total_epochs=0, configured=0 B/s, rate=0 B/s, pending=0 bytes
[migrater] timestamp=1779269571.97, migrating=False, epoch=0, total_epochs=0, configured=0 B/s, rate=0 B/s, pending=0 bytes
[migrater] timestamp=1779269572.07, migrating=False, epoch=0, total_epochs=0, configured=0 B/s, rate=0 B/s, pending=0 bytes
[migrater] timestamp=1779269572.17, migrating=False, epoch=0, total_epochs=0, configured=0 B/s, rate=0 B/s, pending=0 bytes
[migrater] timestamp=1779269572.27, migrating=False, epoch=0, total_epochs=0, configured=0 B/s, rate=0 B/s, pending=0 bytes
[migrater] timestamp=1779269572.37, migrating=False, epoch=0, total_epochs=0, configured=0 B/s, rate=0 B/s, pending=0 bytes
[migrater] timestamp=1779269572.47, migrating=False, epoch=0, total_epochs=0, configured=0 B/s, rate=0 B/s, pending=0 bytes
[migrater] timestamp=1779269572.57, migrating=False, epoch=0, total_epochs=0, configured=0 B/s, rate=0 B/s, pending=0 bytes
[migrater] timestamp=1779269572.67, migrating=False, epoch=0, total_epochs=0, configured=0 B/s, rate=0 B/s, pending=0 bytes
[migrater] timestamp=1779269572.77, migrating=False, epoch=0, total_epochs=0, configured=0 B/s, rate=0 B/s, pending=0 bytes
[migrater] timestamp=1779269572.87, migrating=False, epoch=0, total_epochs=0, configured=0 B/s, rate=0 B/s, pending=0 bytes
[migrater] timestamp=1779269572.97, migrating=False, epoch=0, total_epochs=0, configured=0 B/s, rate=0 B/s, pending=0 bytes
[migrater] timestamp=1779269573.07, migrating=False, epoch=0, total_epochs=0, configured=0 B/s, rate=0 B/s, pending=0 bytes
[migrater] timestamp=1779269573.17, migrating=False, epoch=0, total_epochs=0, configured=0 B/s, rate=0 B/s, pending=0 bytes
[migrater] timestamp=1779269573.27, migrating=False, epoch=0, total_epochs=0, configured=0 B/s, rate=0 B/s, pending=0 bytes
[migrater] timestamp=1779269573.37, migrating=False, epoch=0, total_epochs=0, configured=0 B/s, rate=0 B/s, pending=0 bytes
[migrater] timestamp=1779269573.47, migrating=False, epoch=0, total_epochs=0, configured=0 B/s, rate=0 B/s, pending=0 bytes
[migrater] timestamp=1779269573.57, migrating=False, epoch=0, total_epochs=0, configured=0 B/s, rate=0 B/s, pending=0 bytes
[migrater] timestamp=1779269573.68, migrating=False, epoch=0, total_epochs=0, configured=0 B/s, rate=0 B/s, pending=0 bytes
[migrater] timestamp=1779269573.78, migrating=False, epoch=0, total_epochs=0, configured=0 B/s, rate=0 B/s, pending=0 bytes
[migrater] timestamp=1779269573.88, migrating=False, epoch=0, total_epochs=0, configured=0 B/s, rate=0 B/s, pending=0 bytes
[migrater] timestamp=1779269573.98, migrating=False, epoch=0, total_epochs=0, configured=0 B/s, rate=0 B/s, pending=0 bytes
[migrater] timestamp=1779269574.08, migrating=False, epoch=0, total_epochs=0, configured=0 B/s, rate=0 B/s, pending=0 bytes
[migrater] timestamp=1779269574.18, migrating=False, epoch=0, total_epochs=0, configured=0 B/s, rate=0 B/s, pending=0 bytes
[migrater] timestamp=1779269574.28, migrating=False, epoch=0, total_epochs=0, configured=0 B/s, rate=0 B/s, pending=0 bytes
[migrater] timestamp=1779269574.38, migrating=False, epoch=0, total_epochs=0, configured=0 B/s, rate=0 B/s, pending=0 bytes
[migrater] timestamp=1779269574.48, migrating=False, epoch=0, total_epochs=0, configured=0 B/s, rate=0 B/s, pending=0 bytes
[migrater] timestamp=1779269574.58, migrating=False, epoch=0, total_epochs=0, configured=0 B/s, rate=0 B/s, pending=0 bytes
[migrater] timestamp=1779269574.68, migrating=False, epoch=0, total_epochs=0, configured=0 B/s, rate=0 B/s, pending=0 bytes
[migrater] timestamp=1779269574.78, migrating=False, epoch=0, total_epochs=0, configured=0 B/s, rate=0 B/s, pending=0 bytes
[migrater] timestamp=1779269574.88, migrating=False, epoch=0, total_epochs=0, configured=0 B/s, rate=0 B/s, pending=0 bytes
[migrater] timestamp=1779269574.98, migrating=False, epoch=0, total_epochs=0, configured=0 B/s, rate=0 B/s, pending=0 bytes
[migrater] timestamp=1779269575.08, migrating=False, epoch=0, total_epochs=0, configured=0 B/s, rate=0 B/s, pending=0 bytes
[migrater] timestamp=1779269575.18, migrating=False, epoch=0, total_epochs=0, configured=0 B/s, rate=0 B/s, pending=0 bytes
[migrater] timestamp=1779269575.28, migrating=False, epoch=0, total_epochs=0, configured=0 B/s, rate=0 B/s, pending=0 bytes
[migrater] timestamp=1779269575.38, migrating=False, epoch=0, total_epochs=0, configured=0 B/s, rate=0 B/s, pending=0 bytes
[migrater] timestamp=1779269575.48, migrating=False, epoch=0, total_epochs=0, configured=0 B/s, rate=0 B/s, pending=0 bytes
[migrater] timestamp=1779269575.59, migrating=False, epoch=0, total_epochs=0, configured=0 B/s, rate=0 B/s, pending=0 bytes
[migrater] timestamp=1779269575.69, migrating=False, epoch=0, total_epochs=0, configured=0 B/s, rate=0 B/s, pending=0 bytes
[migrater] timestamp=1779269575.79, migrating=False, epoch=0, total_epochs=0, configured=0 B/s, rate=0 B/s, pending=0 bytes
[migrater] timestamp=1779269575.89, migrating=False, epoch=0, total_epochs=0, configured=0 B/s, rate=0 B/s, pending=0 bytes
[migrater] timestamp=1779269575.99, migrating=False, epoch=0, total_epochs=0, configured=0 B/s, rate=0 B/s, pending=0 bytes
[migrater] timestamp=1779269576.09, migrating=False, epoch=0, total_epochs=0, configured=0 B/s, rate=0 B/s, pending=0 bytes
[migrater] timestamp=1779269576.19, migrating=False, epoch=0, total_epochs=0, configured=0 B/s, rate=0 B/s, pending=0 bytes
[migrater] timestamp=1779269576.29, migrating=False, epoch=0, total_epochs=0, configured=0 B/s, rate=0 B/s, pending=0 bytes
[migrater] timestamp=1779269576.39, migrating=False, epoch=0, total_epochs=0, configured=0 B/s, rate=0 B/s, pending=0 bytes
[migrater] timestamp=1779269576.49, migrating=False, epoch=0, total_epochs=0, configured=0 B/s, rate=0 B/s, pending=0 bytes
[migrater] timestamp=1779269576.59, migrating=False, epoch=0, total_epochs=0, configured=0 B/s, rate=0 B/s, pending=0 bytes
[migrater] timestamp=1779269576.69, migrating=False, epoch=0, total_epochs=0, configured=0 B/s, rate=0 B/s, pending=0 bytes
[migrater] timestamp=1779269576.79, migrating=False, epoch=0, total_epochs=0, configured=0 B/s, rate=0 B/s, pending=0 bytes
[migrater] timestamp=1779269576.89, migrating=False, epoch=0, total_epochs=0, configured=0 B/s, rate=0 B/s, pending=0 bytes
[migrater] timestamp=1779269576.99, migrating=False, epoch=0, total_epochs=0, configured=0 B/s, rate=0 B/s, pending=0 bytes
[migrater] timestamp=1779269577.09, migrating=False, epoch=0, total_epochs=0, configured=0 B/s, rate=0 B/s, pending=0 bytes
[migrater] timestamp=1779269577.19, migrating=False, epoch=0, total_epochs=0, configured=0 B/s, rate=0 B/s, pending=0 bytes
[migrater] timestamp=1779269577.29, migrating=False, epoch=0, total_epochs=0, configured=0 B/s, rate=0 B/s, pending=0 bytes
[migrater] timestamp=1779269577.40, migrating=False, epoch=0, total_epochs=0, configured=0 B/s, rate=0 B/s, pending=0 bytes
[migrater] timestamp=1779269577.50, migrating=False, epoch=0, total_epochs=0, configured=0 B/s, rate=0 B/s, pending=0 bytes
[migrater] timestamp=1779269577.60, migrating=False, epoch=0, total_epochs=0, configured=0 B/s, rate=0 B/s, pending=0 bytes
[migrater] timestamp=1779269577.70, migrating=False, epoch=0, total_epochs=0, configured=0 B/s, rate=0 B/s, pending=0 bytes
[migrater] timestamp=1779269577.80, migrating=False, epoch=0, total_epochs=0, configured=0 B/s, rate=0 B/s, pending=0 bytes
[migrater] timestamp=1779269577.90, migrating=False, epoch=0, total_epochs=0, configured=0 B/s, rate=0 B/s, pending=0 bytes
[migrater] timestamp=1779269578.00, migrating=False, epoch=0, total_epochs=0, configured=0 B/s, rate=0 B/s, pending=0 bytes
[migrater] timestamp=1779269578.10, migrating=False, epoch=0, total_epochs=0, configured=0 B/s, rate=0 B/s, pending=0 bytes
[migrater] timestamp=1779269578.20, migrating=False, epoch=0, total_epochs=0, configured=0 B/s, rate=0 B/s, pending=0 bytes
[migrater] timestamp=1779269578.30, migrating=False, epoch=0, total_epochs=0, configured=0 B/s, rate=0 B/s, pending=0 bytes
[migrater] timestamp=1779269578.40, migrating=False, epoch=0, total_epochs=0, configured=0 B/s, rate=0 B/s, pending=0 bytes
[migrater] timestamp=1779269578.50, migrating=False, epoch=0, total_epochs=0, configured=0 B/s, rate=0 B/s, pending=0 bytes
[migrater] timestamp=1779269578.60, migrating=False, epoch=0, total_epochs=0, configured=0 B/s, rate=0 B/s, pending=0 bytes
[migrater] timestamp=1779269578.70, migrating=False, epoch=0, total_epochs=0, configured=0 B/s, rate=0 B/s, pending=0 bytes
[migrater] timestamp=1779269578.80, migrating=False, epoch=1, total_epochs=3, configured=0 B/s, rate=0 B/s, pending=5368709120 bytes
[migrater] timestamp=1779269578.90, migrating=True, epoch=1, total_epochs=3, configured=0 B/s, rate=0 B/s, pending=5368709120 bytes
[migrater] timestamp=1779269578.94, migrating=True, epoch=1, total_epochs=3, configured=500000000 B/s, rate=481430473 B/s, pending=5318377472 bytes ([0.94%] 50331648/5368709120 bytes copied)
[migrater] timestamp=1779269579.04, migrating=True, epoch=1, total_epochs=3, configured=500000000 B/s, rate=500156362 B/s, pending=5268045824 bytes ([1.88%] 100663296/5368709120 bytes copied)
[migrater] timestamp=1779269579.14, migrating=True, epoch=1, total_epochs=3, configured=500000000 B/s, rate=499947499 B/s, pending=5217714176 bytes ([2.81%] 150994944/5368709120 bytes copied)
[migrater] timestamp=1779269579.24, migrating=True, epoch=1, total_epochs=3, configured=500000000 B/s, rate=500045304 B/s, pending=5167382528 bytes ([3.75%] 201326592/5368709120 bytes copied)
[migrater] timestamp=1779269579.34, migrating=True, epoch=1, total_epochs=3, configured=500000000 B/s, rate=499880769 B/s, pending=5117050880 bytes ([4.69%] 251658240/5368709120 bytes copied)
[migrater] timestamp=1779269579.44, migrating=True, epoch=1, total_epochs=3, configured=500000000 B/s, rate=500088081 B/s, pending=5066719232 bytes ([5.62%] 301989888/5368709120 bytes copied)
[migrater] timestamp=1779269579.54, migrating=True, epoch=1, total_epochs=3, configured=500000000 B/s, rate=499963093 B/s, pending=5016387584 bytes ([6.56%] 352321536/5368709120 bytes copied)
[migrater] timestamp=1779269579.65, migrating=True, epoch=1, total_epochs=3, configured=500000000 B/s, rate=499975265 B/s, pending=4966055936 bytes ([7.50%] 402653184/5368709120 bytes copied)
[migrater] timestamp=1779269579.75, migrating=True, epoch=1, total_epochs=3, configured=500000000 B/s, rate=500059562 B/s, pending=4915724288 bytes ([8.44%] 452984832/5368709120 bytes copied)
[migrater] timestamp=1779269579.85, migrating=True, epoch=1, total_epochs=3, configured=500000000 B/s, rate=499916662 B/s, pending=4865392640 bytes ([9.38%] 503316480/5368709120 bytes copied)
[migrater] timestamp=1779269579.95, migrating=True, epoch=1, total_epochs=3, configured=500000000 B/s, rate=499942687 B/s, pending=4815060992 bytes ([10.31%] 553648128/5368709120 bytes copied)
[migrater] timestamp=1779269580.05, migrating=True, epoch=1, total_epochs=3, configured=500000000 B/s, rate=499752609 B/s, pending=4764729344 bytes ([11.25%] 603979776/5368709120 bytes copied)
[migrater] timestamp=1779269580.15, migrating=True, epoch=1, total_epochs=3, configured=500000000 B/s, rate=500136582 B/s, pending=4714397696 bytes ([12.19%] 654311424/5368709120 bytes copied)
[migrater] timestamp=1779269580.25, migrating=True, epoch=1, total_epochs=3, configured=500000000 B/s, rate=499993145 B/s, pending=4664066048 bytes ([13.12%] 704643072/5368709120 bytes copied)
[migrater] timestamp=1779269580.35, migrating=True, epoch=1, total_epochs=3, configured=500000000 B/s, rate=499916861 B/s, pending=4613734400 bytes ([14.06%] 754974720/5368709120 bytes copied)
[migrater] timestamp=1779269580.45, migrating=True, epoch=1, total_epochs=3, configured=500000000 B/s, rate=500085050 B/s, pending=4563402752 bytes ([15.00%] 805306368/5368709120 bytes copied)
[migrater] timestamp=1779269580.55, migrating=True, epoch=1, total_epochs=3, configured=500000000 B/s, rate=500217204 B/s, pending=4513071104 bytes ([15.94%] 855638016/5368709120 bytes copied)
[migrater] timestamp=1779269580.65, migrating=True, epoch=1, total_epochs=3, configured=500000000 B/s, rate=499969703 B/s, pending=4462739456 bytes ([16.88%] 905969664/5368709120 bytes copied)
[migrater] timestamp=1779269580.75, migrating=True, epoch=1, total_epochs=3, configured=500000000 B/s, rate=499992003 B/s, pending=4412407808 bytes ([17.81%] 956301312/5368709120 bytes copied)
[migrater] timestamp=1779269580.85, migrating=True, epoch=1, total_epochs=3, configured=500000000 B/s, rate=499984007 B/s, pending=4362076160 bytes ([18.75%] 1006632960/5368709120 bytes copied)
[migrater] timestamp=1779269580.95, migrating=True, epoch=1, total_epochs=3, configured=500000000 B/s, rate=499989019 B/s, pending=4311744512 bytes ([19.69%] 1056964608/5368709120 bytes copied)
[migrater] timestamp=1779269581.05, migrating=True, epoch=1, total_epochs=3, configured=500000000 B/s, rate=500062592 B/s, pending=4261412864 bytes ([20.62%] 1107296256/5368709120 bytes copied)
[migrater] timestamp=1779269581.16, migrating=True, epoch=1, total_epochs=3, configured=500000000 B/s, rate=499802136 B/s, pending=4211081216 bytes ([21.56%] 1157627904/5368709120 bytes copied)
[migrater] timestamp=1779269581.26, migrating=True, epoch=1, total_epochs=3, configured=500000000 B/s, rate=500109846 B/s, pending=4160749568 bytes ([22.50%] 1207959552/5368709120 bytes copied)
[migrater] timestamp=1779269581.36, migrating=True, epoch=1, total_epochs=3, configured=500000000 B/s, rate=500030202 B/s, pending=4110417920 bytes ([23.44%] 1258291200/5368709120 bytes copied)
[migrater] timestamp=1779269581.46, migrating=True, epoch=1, total_epochs=3, configured=500000000 B/s, rate=499845374 B/s, pending=4060086272 bytes ([24.38%] 1308622848/5368709120 bytes copied)
[migrater] timestamp=1779269581.56, migrating=True, epoch=1, total_epochs=3, configured=500000000 B/s, rate=500078139 B/s, pending=4009754624 bytes ([25.31%] 1358954496/5368709120 bytes copied)
[migrater] timestamp=1779269581.66, migrating=True, epoch=1, total_epochs=3, configured=500000000 B/s, rate=499906240 B/s, pending=3959422976 bytes ([26.25%] 1409286144/5368709120 bytes copied)
[migrater] timestamp=1779269581.76, migrating=True, epoch=1, total_epochs=3, configured=500000000 B/s, rate=500248327 B/s, pending=3909091328 bytes ([27.19%] 1459617792/5368709120 bytes copied)
[migrater] timestamp=1779269581.86, migrating=True, epoch=1, total_epochs=3, configured=500000000 B/s, rate=500173018 B/s, pending=3858759680 bytes ([28.12%] 1509949440/5368709120 bytes copied)
[migrater] timestamp=1779269581.96, migrating=True, epoch=1, total_epochs=3, configured=500000000 B/s, rate=499948095 B/s, pending=3808428032 bytes ([29.06%] 1560281088/5368709120 bytes copied)
[migrater] timestamp=1779269582.06, migrating=True, epoch=1, total_epochs=3, configured=500000000 B/s, rate=499863141 B/s, pending=3758096384 bytes ([30.00%] 1610612736/5368709120 bytes copied)
[migrater] timestamp=1779269582.16, migrating=True, epoch=1, total_epochs=3, configured=500000000 B/s, rate=500054892 B/s, pending=3707764736 bytes ([30.94%] 1660944384/5368709120 bytes copied)
[migrater] timestamp=1779269582.26, migrating=True, epoch=1, total_epochs=3, configured=500000000 B/s, rate=500052308 B/s, pending=3657433088 bytes ([31.87%] 1711276032/5368709120 bytes copied)
[migrater] timestamp=1779269582.36, migrating=True, epoch=1, total_epochs=3, configured=500000000 B/s, rate=499955896 B/s, pending=3607101440 bytes ([32.81%] 1761607680/5368709120 bytes copied)
[migrater] timestamp=1779269582.46, migrating=True, epoch=1, total_epochs=3, configured=500000000 B/s, rate=500007898 B/s, pending=3556769792 bytes ([33.75%] 1811939328/5368709120 bytes copied)
[migrater] timestamp=1779269582.56, migrating=True, epoch=1, total_epochs=3, configured=500000000 B/s, rate=500034071 B/s, pending=3506438144 bytes ([34.69%] 1862270976/5368709120 bytes copied)
[migrater] timestamp=1779269582.67, migrating=True, epoch=1, total_epochs=3, configured=500000000 B/s, rate=500022650 B/s, pending=3456106496 bytes ([35.62%] 1912602624/5368709120 bytes copied)
[migrater] timestamp=1779269582.77, migrating=True, epoch=1, total_epochs=3, configured=500000000 B/s, rate=500019025 B/s, pending=3405774848 bytes ([36.56%] 1962934272/5368709120 bytes copied)
[migrater] timestamp=1779269582.87, migrating=True, epoch=1, total_epochs=3, configured=500000000 B/s, rate=499999504 B/s, pending=3355443200 bytes ([37.50%] 2013265920/5368709120 bytes copied)
[migrater] timestamp=1779269582.97, migrating=True, epoch=1, total_epochs=3, configured=500000000 B/s, rate=499783525 B/s, pending=3305111552 bytes ([38.44%] 2063597568/5368709120 bytes copied)
[migrater] timestamp=1779269583.07, migrating=True, epoch=1, total_epochs=3, configured=500000000 B/s, rate=499863736 B/s, pending=3254779904 bytes ([39.38%] 2113929216/5368709120 bytes copied)
[migrater] timestamp=1779269583.17, migrating=True, epoch=1, total_epochs=3, configured=500000000 B/s, rate=500214972 B/s, pending=3204448256 bytes ([40.31%] 2164260864/5368709120 bytes copied)
[migrater] timestamp=1779269583.27, migrating=True, epoch=1, total_epochs=3, configured=500000000 B/s, rate=500012810 B/s, pending=3154116608 bytes ([41.25%] 2214592512/5368709120 bytes copied)
[migrater] timestamp=1779269583.37, migrating=True, epoch=1, total_epochs=3, configured=500000000 B/s, rate=499987731 B/s, pending=3103784960 bytes ([42.19%] 2264924160/5368709120 bytes copied)
[migrater] timestamp=1779269583.47, migrating=True, epoch=1, total_epochs=3, configured=500000000 B/s, rate=499969256 B/s, pending=3053453312 bytes ([43.12%] 2315255808/5368709120 bytes copied)
[migrater] timestamp=1779269583.57, migrating=True, epoch=1, total_epochs=3, configured=500000000 B/s, rate=500079833 B/s, pending=3003121664 bytes ([44.06%] 2365587456/5368709120 bytes copied)
[migrater] timestamp=1779269583.67, migrating=True, epoch=1, total_epochs=3, configured=500000000 B/s, rate=500054341 B/s, pending=2952790016 bytes ([45.00%] 2415919104/5368709120 bytes copied)
[migrater] timestamp=1779269583.77, migrating=True, epoch=1, total_epochs=3, configured=500000000 B/s, rate=500085845 B/s, pending=2902458368 bytes ([45.94%] 2466250752/5368709120 bytes copied)
[migrater] timestamp=1779269583.87, migrating=True, epoch=1, total_epochs=3, configured=500000000 B/s, rate=499928336 B/s, pending=2852126720 bytes ([46.88%] 2516582400/5368709120 bytes copied)
[migrater] timestamp=1779269583.97, migrating=True, epoch=1, total_epochs=3, configured=500000000 B/s, rate=499977004 B/s, pending=2801795072 bytes ([47.81%] 2566914048/5368709120 bytes copied)
[migrater] timestamp=1779269584.07, migrating=True, epoch=1, total_epochs=3, configured=500000000 B/s, rate=500005211 B/s, pending=2751463424 bytes ([48.75%] 2617245696/5368709120 bytes copied)
[migrater] timestamp=1779269584.18, migrating=True, epoch=1, total_epochs=3, configured=500000000 B/s, rate=499980629 B/s, pending=2701131776 bytes ([49.69%] 2667577344/5368709120 bytes copied)
[migrater] timestamp=1779269584.28, migrating=True, epoch=1, total_epochs=3, configured=500000000 B/s, rate=500079734 B/s, pending=2650800128 bytes ([50.62%] 2717908992/5368709120 bytes copied)
[migrater] timestamp=1779269584.38, migrating=True, epoch=1, total_epochs=3, configured=500000000 B/s, rate=499969902 B/s, pending=2600468480 bytes ([51.56%] 2768240640/5368709120 bytes copied)
[migrater] timestamp=1779269584.48, migrating=True, epoch=1, total_epochs=3, configured=500000000 B/s, rate=499821791 B/s, pending=2550136832 bytes ([52.50%] 2818572288/5368709120 bytes copied)
[migrater] timestamp=1779269584.58, migrating=True, epoch=1, total_epochs=3, configured=500000000 B/s, rate=499952271 B/s, pending=2499805184 bytes ([53.44%] 2868903936/5368709120 bytes copied)
[migrater] timestamp=1779269584.68, migrating=True, epoch=1, total_epochs=3, configured=500000000 B/s, rate=500032730 B/s, pending=2449473536 bytes ([54.37%] 2919235584/5368709120 bytes copied)
[migrater] timestamp=1779269584.78, migrating=True, epoch=1, total_epochs=3, configured=500000000 B/s, rate=500087435 B/s, pending=2399141888 bytes ([55.31%] 2969567232/5368709120 bytes copied)
[migrater] timestamp=1779269584.88, migrating=True, epoch=1, total_epochs=3, configured=500000000 B/s, rate=500044062 B/s, pending=2348810240 bytes ([56.25%] 3019898880/5368709120 bytes copied)
[migrater] timestamp=1779269584.98, migrating=True, epoch=1, total_epochs=3, configured=500000000 B/s, rate=499903409 B/s, pending=2298478592 bytes ([57.19%] 3070230528/5368709120 bytes copied)
[migrater] timestamp=1779269585.08, migrating=True, epoch=1, total_epochs=3, configured=500000000 B/s, rate=500319834 B/s, pending=2248146944 bytes ([58.13%] 3120562176/5368709120 bytes copied)
[migrater] timestamp=1779269585.18, migrating=True, epoch=1, total_epochs=3, configured=500000000 B/s, rate=499923767 B/s, pending=2197815296 bytes ([59.06%] 3170893824/5368709120 bytes copied)
[migrater] timestamp=1779269585.28, migrating=True, epoch=1, total_epochs=3, configured=500000000 B/s, rate=500128332 B/s, pending=2147483648 bytes ([60.00%] 3221225472/5368709120 bytes copied)
[migrater] timestamp=1779269585.38, migrating=True, epoch=1, total_epochs=3, configured=500000000 B/s, rate=500004471 B/s, pending=2097152000 bytes ([60.94%] 3271557120/5368709120 bytes copied)
[migrater] timestamp=1779269585.48, migrating=True, epoch=1, total_epochs=3, configured=500000000 B/s, rate=500037648 B/s, pending=2046820352 bytes ([61.88%] 3321888768/5368709120 bytes copied)
[migrater] timestamp=1779269585.58, migrating=True, epoch=1, total_epochs=3, configured=500000000 B/s, rate=499899685 B/s, pending=1996488704 bytes ([62.81%] 3372220416/5368709120 bytes copied)
[migrater] timestamp=1779269585.68, migrating=True, epoch=1, total_epochs=3, configured=500000000 B/s, rate=500080728 B/s, pending=1946157056 bytes ([63.75%] 3422552064/5368709120 bytes copied)
[migrater] timestamp=1779269585.79, migrating=True, epoch=1, total_epochs=3, configured=500000000 B/s, rate=499980629 B/s, pending=1895825408 bytes ([64.69%] 3472883712/5368709120 bytes copied)
[migrater] timestamp=1779269585.89, migrating=True, epoch=1, total_epochs=3, configured=500000000 B/s, rate=500051956 B/s, pending=1845493760 bytes ([65.62%] 3523215360/5368709120 bytes copied)
[migrater] timestamp=1779269585.99, migrating=True, epoch=1, total_epochs=3, configured=500000000 B/s, rate=499754793 B/s, pending=1795162112 bytes ([66.56%] 3573547008/5368709120 bytes copied)
[migrater] timestamp=1779269586.09, migrating=True, epoch=1, total_epochs=3, configured=500000000 B/s, rate=500000745 B/s, pending=1744830464 bytes ([67.50%] 3623878656/5368709120 bytes copied)
[migrater] timestamp=1779269586.19, migrating=True, epoch=1, total_epochs=3, configured=500000000 B/s, rate=500026674 B/s, pending=1694498816 bytes ([68.44%] 3674210304/5368709120 bytes copied)
[migrater] timestamp=1779269586.29, migrating=True, epoch=1, total_epochs=3, configured=500000000 B/s, rate=499820004 B/s, pending=1644167168 bytes ([69.38%] 3724541952/5368709120 bytes copied)
[migrater] timestamp=1779269586.39, migrating=True, epoch=1, total_epochs=3, configured=500000000 B/s, rate=500234958 B/s, pending=1593835520 bytes ([70.31%] 3774873600/5368709120 bytes copied)
[migrater] timestamp=1779269586.49, migrating=True, epoch=1, total_epochs=3, configured=500000000 B/s, rate=499988968 B/s, pending=1543503872 bytes ([71.25%] 3825205248/5368709120 bytes copied)
[migrater] timestamp=1779269586.59, migrating=True, epoch=1, total_epochs=3, configured=500000000 B/s, rate=500103535 B/s, pending=1493172224 bytes ([72.19%] 3875536896/5368709120 bytes copied)
[migrater] timestamp=1779269586.69, migrating=True, epoch=1, total_epochs=3, configured=500000000 B/s, rate=499990910 B/s, pending=1442840576 bytes ([73.12%] 3925868544/5368709120 bytes copied)
[migrater] timestamp=1779269586.79, migrating=True, epoch=1, total_epochs=3, configured=500000000 B/s, rate=500014702 B/s, pending=1392508928 bytes ([74.06%] 3976200192/5368709120 bytes copied)
[migrater] timestamp=1779269586.89, migrating=True, epoch=1, total_epochs=3, configured=500000000 B/s, rate=499930367 B/s, pending=1342177280 bytes ([75.00%] 4026531840/5368709120 bytes copied)
[migrater] timestamp=1779269586.99, migrating=True, epoch=1, total_epochs=3, configured=500000000 B/s, rate=500047390 B/s, pending=1291845632 bytes ([75.94%] 4076863488/5368709120 bytes copied)
[migrater] timestamp=1779269587.09, migrating=True, epoch=1, total_epochs=3, configured=500000000 B/s, rate=500015697 B/s, pending=1241513984 bytes ([76.88%] 4127195136/5368709120 bytes copied)
[migrater] timestamp=1779269587.19, migrating=True, epoch=1, total_epochs=3, configured=500000000 B/s, rate=499970497 B/s, pending=1191182336 bytes ([77.81%] 4177526784/5368709120 bytes copied)
[migrater] timestamp=1779269587.30, migrating=True, epoch=1, total_epochs=3, configured=500000000 B/s, rate=500042765 B/s, pending=1140850688 bytes ([78.75%] 4227858432/5368709120 bytes copied)
[migrater] timestamp=1779269587.40, migrating=True, epoch=1, total_epochs=3, configured=500000000 B/s, rate=499991706 B/s, pending=1090519040 bytes ([79.69%] 4278190080/5368709120 bytes copied)
[migrater] timestamp=1779269587.50, migrating=True, epoch=1, total_epochs=3, configured=500000000 B/s, rate=499861854 B/s, pending=1040187392 bytes ([80.62%] 4328521728/5368709120 bytes copied)
[migrater] timestamp=1779269587.60, migrating=True, epoch=1, total_epochs=3, configured=500000000 B/s, rate=499941341 B/s, pending=989855744 bytes ([81.56%] 4378853376/5368709120 bytes copied)
[migrater] timestamp=1779269587.70, migrating=True, epoch=1, total_epochs=3, configured=500000000 B/s, rate=500015796 B/s, pending=939524096 bytes ([82.50%] 4429185024/5368709120 bytes copied)
[migrater] timestamp=1779269587.80, migrating=True, epoch=1, total_epochs=3, configured=500000000 B/s, rate=499731223 B/s, pending=889192448 bytes ([83.44%] 4479516672/5368709120 bytes copied)
[migrater] timestamp=1779269587.90, migrating=True, epoch=1, total_epochs=3, configured=500000000 B/s, rate=499975017 B/s, pending=838860800 bytes ([84.38%] 4529848320/5368709120 bytes copied)
[migrater] timestamp=1779269588.00, migrating=True, epoch=1, total_epochs=3, configured=500000000 B/s, rate=500096727 B/s, pending=788529152 bytes ([85.31%] 4580179968/5368709120 bytes copied)
[migrater] timestamp=1779269588.10, migrating=True, epoch=1, total_epochs=3, configured=500000000 B/s, rate=500048329 B/s, pending=738197504 bytes ([86.25%] 4630511616/5368709120 bytes copied)
[migrater] timestamp=1779269588.20, migrating=True, epoch=1, total_epochs=3, configured=500000000 B/s, rate=499834702 B/s, pending=687865856 bytes ([87.19%] 4680843264/5368709120 bytes copied)
[migrater] timestamp=1779269588.30, migrating=True, epoch=1, total_epochs=3, configured=500000000 B/s, rate=499980525 B/s, pending=637534208 bytes ([88.12%] 4731174912/5368709120 bytes copied)
[migrater] timestamp=1779269588.40, migrating=True, epoch=1, total_epochs=3, configured=500000000 B/s, rate=500019323 B/s, pending=587202560 bytes ([89.06%] 4781506560/5368709120 bytes copied)
[migrater] timestamp=1779269588.50, migrating=True, epoch=1, total_epochs=3, configured=500000000 B/s, rate=499986887 B/s, pending=536870912 bytes ([90.00%] 4831838208/5368709120 bytes copied)
[migrater] timestamp=1779269588.60, migrating=True, epoch=1, total_epochs=3, configured=500000000 B/s, rate=499996572 B/s, pending=486539264 bytes ([90.94%] 4882169856/5368709120 bytes copied)
[migrater] timestamp=1779269588.70, migrating=True, epoch=1, total_epochs=3, configured=500000000 B/s, rate=500005409 B/s, pending=436207616 bytes ([91.88%] 4932501504/5368709120 bytes copied)
[migrater] timestamp=1779269588.81, migrating=True, epoch=1, total_epochs=3, configured=500000000 B/s, rate=499991308 B/s, pending=385875968 bytes ([92.81%] 4982833152/5368709120 bytes copied)
[migrater] timestamp=1779269588.91, migrating=True, epoch=1, total_epochs=3, configured=500000000 B/s, rate=499958280 B/s, pending=335544320 bytes ([93.75%] 5033164800/5368709120 bytes copied)
[migrater] timestamp=1779269589.01, migrating=True, epoch=1, total_epochs=3, configured=500000000 B/s, rate=499650405 B/s, pending=285212672 bytes ([94.69%] 5083496448/5368709120 bytes copied)
[migrater] timestamp=1779269589.11, migrating=True, epoch=1, total_epochs=3, configured=500000000 B/s, rate=500245498 B/s, pending=234881024 bytes ([95.62%] 5133828096/5368709120 bytes copied)
[migrater] timestamp=1779269589.21, migrating=True, epoch=1, total_epochs=3, configured=500000000 B/s, rate=499819656 B/s, pending=184549376 bytes ([96.56%] 5184159744/5368709120 bytes copied)
[migrater] timestamp=1779269589.31, migrating=True, epoch=1, total_epochs=3, configured=500000000 B/s, rate=500217602 B/s, pending=134217728 bytes ([97.50%] 5234491392/5368709120 bytes copied)
[migrater] timestamp=1779269589.41, migrating=True, epoch=1, total_epochs=3, configured=500000000 B/s, rate=499922079 B/s, pending=83886080 bytes ([98.44%] 5284823040/5368709120 bytes copied)
[migrater] timestamp=1779269589.51, migrating=True, epoch=1, total_epochs=3, configured=666666666 B/s, rate=560140162 B/s, pending=25165824 bytes ([99.53%] 5343543296/5368709120 bytes copied)
[migrater] timestamp=1779269589.56, migrating=False, epoch=1, total_epochs=3, configured=666666666 B/s, rate=0 B/s, pending=0 bytes ([100.00%] 5368709120/5368709120 bytes copied)
[migrater] timestamp=1779269589.76, migrating=False, epoch=1, total_epochs=3, configured=0 B/s, rate=0 B/s, pending=0 bytes
[migrater] timestamp=1779269589.86, migrating=False, epoch=1, total_epochs=3, configured=0 B/s, rate=0 B/s, pending=0 bytes
[migrater] timestamp=1779269589.96, migrating=False, epoch=1, total_epochs=3, configured=0 B/s, rate=0 B/s, pending=0 bytes
[migrater] timestamp=1779269590.07, migrating=False, epoch=1, total_epochs=3, configured=0 B/s, rate=0 B/s, pending=0 bytes
[migrater] timestamp=1779269590.17, migrating=False, epoch=1, total_epochs=3, configured=0 B/s, rate=0 B/s, pending=0 bytes
[migrater] timestamp=1779269590.27, migrating=False, epoch=1, total_epochs=3, configured=0 B/s, rate=0 B/s, pending=0 bytes
[migrater] timestamp=1779269590.37, migrating=False, epoch=1, total_epochs=3, configured=0 B/s, rate=0 B/s, pending=0 bytes
[migrater] timestamp=1779269590.47, migrating=False, epoch=1, total_epochs=3, configured=0 B/s, rate=0 B/s, pending=0 bytes
[migrater] timestamp=1779269590.57, migrating=False, epoch=1, total_epochs=3, configured=0 B/s, rate=0 B/s, pending=0 bytes
[migrater] timestamp=1779269590.67, migrating=False, epoch=1, total_epochs=3, configured=0 B/s, rate=0 B/s, pending=0 bytes
[migrater] timestamp=1779269590.77, migrating=False, epoch=1, total_epochs=3, configured=0 B/s, rate=0 B/s, pending=0 bytes
[migrater] timestamp=1779269590.87, migrating=False, epoch=1, total_epochs=3, configured=0 B/s, rate=0 B/s, pending=0 bytes
[migrater] timestamp=1779269590.97, migrating=False, epoch=1, total_epochs=3, configured=0 B/s, rate=0 B/s, pending=0 bytes
[migrater] timestamp=1779269591.07, migrating=False, epoch=1, total_epochs=3, configured=0 B/s, rate=0 B/s, pending=0 bytes
[migrater] timestamp=1779269591.17, migrating=False, epoch=1, total_epochs=3, configured=0 B/s, rate=0 B/s, pending=0 bytes
[migrater] timestamp=1779269591.27, migrating=False, epoch=1, total_epochs=3, configured=0 B/s, rate=0 B/s, pending=0 bytes
[migrater] timestamp=1779269591.37, migrating=False, epoch=1, total_epochs=3, configured=0 B/s, rate=0 B/s, pending=0 bytes
[migrater] timestamp=1779269591.47, migrating=False, epoch=1, total_epochs=3, configured=0 B/s, rate=0 B/s, pending=0 bytes
[migrater] timestamp=1779269591.57, migrating=False, epoch=1, total_epochs=3, configured=0 B/s, rate=0 B/s, pending=0 bytes
[migrater] timestamp=1779269591.67, migrating=False, epoch=1, total_epochs=3, configured=0 B/s, rate=0 B/s, pending=0 bytes
[migrater] timestamp=1779269591.77, migrating=False, epoch=1, total_epochs=3, configured=0 B/s, rate=0 B/s, pending=0 bytes
[migrater] timestamp=1779269591.87, migrating=False, epoch=1, total_epochs=3, configured=0 B/s, rate=0 B/s, pending=0 bytes
[migrater] timestamp=1779269591.97, migrating=False, epoch=1, total_epochs=3, configured=0 B/s, rate=0 B/s, pending=0 bytes
[migrater] timestamp=1779269592.07, migrating=False, epoch=1, total_epochs=3, configured=0 B/s, rate=0 B/s, pending=0 bytes
[migrater] timestamp=1779269592.18, migrating=False, epoch=1, total_epochs=3, configured=0 B/s, rate=0 B/s, pending=0 bytes
[migrater] timestamp=1779269592.28, migrating=False, epoch=1, total_epochs=3, configured=0 B/s, rate=0 B/s, pending=0 bytes
[migrater] timestamp=1779269592.38, migrating=False, epoch=1, total_epochs=3, configured=0 B/s, rate=0 B/s, pending=0 bytes
[migrater] timestamp=1779269592.48, migrating=False, epoch=1, total_epochs=3, configured=0 B/s, rate=0 B/s, pending=0 bytes
[migrater] timestamp=1779269592.58, migrating=False, epoch=1, total_epochs=3, configured=0 B/s, rate=0 B/s, pending=0 bytes
[migrater] timestamp=1779269592.68, migrating=False, epoch=1, total_epochs=3, configured=0 B/s, rate=0 B/s, pending=0 bytes
[migrater] timestamp=1779269592.78, migrating=False, epoch=1, total_epochs=3, configured=0 B/s, rate=0 B/s, pending=0 bytes
[migrater] timestamp=1779269592.88, migrating=False, epoch=1, total_epochs=3, configured=0 B/s, rate=0 B/s, pending=0 bytes
[migrater] timestamp=1779269592.98, migrating=False, epoch=1, total_epochs=3, configured=0 B/s, rate=0 B/s, pending=0 bytes
[migrater] timestamp=1779269593.08, migrating=False, epoch=1, total_epochs=3, configured=0 B/s, rate=0 B/s, pending=0 bytes
[migrater] timestamp=1779269593.18, migrating=False, epoch=1, total_epochs=3, configured=0 B/s, rate=0 B/s, pending=0 bytes
[migrater] timestamp=1779269593.28, migrating=False, epoch=1, total_epochs=3, configured=0 B/s, rate=0 B/s, pending=0 bytes
[migrater] timestamp=1779269593.38, migrating=False, epoch=1, total_epochs=3, configured=0 B/s, rate=0 B/s, pending=0 bytes
[migrater] timestamp=1779269593.48, migrating=False, epoch=1, total_epochs=3, configured=0 B/s, rate=0 B/s, pending=0 bytes
[migrater] timestamp=1779269593.58, migrating=False, epoch=1, total_epochs=3, configured=0 B/s, rate=0 B/s, pending=0 bytes
[migrater] timestamp=1779269593.68, migrating=False, epoch=1, total_epochs=3, configured=0 B/s, rate=0 B/s, pending=0 bytes
[migrater] timestamp=1779269593.78, migrating=False, epoch=1, total_epochs=3, configured=0 B/s, rate=0 B/s, pending=0 bytes
[migrater] timestamp=1779269593.88, migrating=False, epoch=1, total_epochs=3, configured=0 B/s, rate=0 B/s, pending=0 bytes
[migrater] timestamp=1779269593.98, migrating=False, epoch=1, total_epochs=3, configured=0 B/s, rate=0 B/s, pending=0 bytes
[migrater] timestamp=1779269594.08, migrating=False, epoch=1, total_epochs=3, configured=0 B/s, rate=0 B/s, pending=0 bytes
[migrater] timestamp=1779269594.18, migrating=False, epoch=1, total_epochs=3, configured=0 B/s, rate=0 B/s, pending=0 bytes
[migrater] timestamp=1779269594.29, migrating=False, epoch=1, total_epochs=3, configured=0 B/s, rate=0 B/s, pending=0 bytes
[migrater] timestamp=1779269594.39, migrating=False, epoch=1, total_epochs=3, configured=0 B/s, rate=0 B/s, pending=0 bytes
[migrater] timestamp=1779269594.49, migrating=False, epoch=1, total_epochs=3, configured=0 B/s, rate=0 B/s, pending=0 bytes
[migrater] timestamp=1779269594.59, migrating=False, epoch=1, total_epochs=3, configured=0 B/s, rate=0 B/s, pending=0 bytes
[migrater] timestamp=1779269594.69, migrating=False, epoch=1, total_epochs=3, configured=0 B/s, rate=0 B/s, pending=0 bytes
[migrater] timestamp=1779269594.79, migrating=False, epoch=1, total_epochs=3, configured=0 B/s, rate=0 B/s, pending=0 bytes
[migrater] timestamp=1779269594.89, migrating=False, epoch=1, total_epochs=3, configured=0 B/s, rate=0 B/s, pending=0 bytes
[migrater] timestamp=1779269594.99, migrating=False, epoch=1, total_epochs=3, configured=0 B/s, rate=0 B/s, pending=0 bytes
[migrater] timestamp=1779269595.09, migrating=False, epoch=1, total_epochs=3, configured=0 B/s, rate=0 B/s, pending=0 bytes
[migrater] timestamp=1779269595.19, migrating=False, epoch=1, total_epochs=3, configured=0 B/s, rate=0 B/s, pending=0 bytes
[migrater] timestamp=1779269595.29, migrating=False, epoch=1, total_epochs=3, configured=0 B/s, rate=0 B/s, pending=0 bytes
[migrater] timestamp=1779269595.39, migrating=False, epoch=1, total_epochs=3, configured=0 B/s, rate=0 B/s, pending=0 bytes
[migrater] timestamp=1779269595.49, migrating=False, epoch=1, total_epochs=3, configured=0 B/s, rate=0 B/s, pending=0 bytes
[migrater] timestamp=1779269595.59, migrating=False, epoch=1, total_epochs=3, configured=0 B/s, rate=0 B/s, pending=0 bytes
[migrater] timestamp=1779269595.69, migrating=False, epoch=1, total_epochs=3, configured=0 B/s, rate=0 B/s, pending=0 bytes
[migrater] timestamp=1779269595.79, migrating=False, epoch=1, total_epochs=3, configured=0 B/s, rate=0 B/s, pending=0 bytes
[migrater] timestamp=1779269595.89, migrating=False, epoch=2, total_epochs=3, configured=0 B/s, rate=0 B/s, pending=5368709120 bytes
[migrater] timestamp=1779269595.99, migrating=True, epoch=2, total_epochs=3, configured=0 B/s, rate=0 B/s, pending=5368709120 bytes
[migrater] timestamp=1779269596.00, migrating=True, epoch=2, total_epochs=3, configured=500000000 B/s, rate=582527209 B/s, pending=5309988864 bytes ([1.09%] 58720256/5368709120 bytes copied)
[migrater] timestamp=1779269596.10, migrating=True, epoch=2, total_epochs=3, configured=500000000 B/s, rate=499895559 B/s, pending=5259657216 bytes ([2.03%] 109051904/5368709120 bytes copied)
[migrater] timestamp=1779269596.20, migrating=True, epoch=2, total_epochs=3, configured=500000000 B/s, rate=499943780 B/s, pending=5209325568 bytes ([2.97%] 159383552/5368709120 bytes copied)
[migrater] timestamp=1779269596.30, migrating=True, epoch=2, total_epochs=3, configured=500000000 B/s, rate=499971386 B/s, pending=5158993920 bytes ([3.91%] 209715200/5368709120 bytes copied)
[migrater] timestamp=1779269596.40, migrating=True, epoch=2, total_epochs=3, configured=500000000 B/s, rate=500252260 B/s, pending=5108662272 bytes ([4.84%] 260046848/5368709120 bytes copied)
[migrater] timestamp=1779269596.50, migrating=True, epoch=2, total_epochs=3, configured=500000000 B/s, rate=500032188 B/s, pending=5058330624 bytes ([5.78%] 310378496/5368709120 bytes copied)
[migrater] timestamp=1779269596.60, migrating=True, epoch=2, total_epochs=3, configured=500000000 B/s, rate=499907228 B/s, pending=5007998976 bytes ([6.72%] 360710144/5368709120 bytes copied)
[migrater] timestamp=1779269596.70, migrating=True, epoch=2, total_epochs=3, configured=500000000 B/s, rate=499953413 B/s, pending=4957667328 bytes ([7.66%] 411041792/5368709120 bytes copied)
[migrater] timestamp=1779269596.80, migrating=True, epoch=2, total_epochs=3, configured=500000000 B/s, rate=500039839 B/s, pending=4907335680 bytes ([8.59%] 461373440/5368709120 bytes copied)
[migrater] timestamp=1779269596.90, migrating=True, epoch=2, total_epochs=3, configured=500000000 B/s, rate=499962050 B/s, pending=4857004032 bytes ([9.53%] 511705088/5368709120 bytes copied)
[migrater] timestamp=1779269597.01, migrating=True, epoch=2, total_epochs=3, configured=500000000 B/s, rate=500028513 B/s, pending=4806672384 bytes ([10.47%] 562036736/5368709120 bytes copied)
[migrater] timestamp=1779269597.11, migrating=True, epoch=2, total_epochs=3, configured=500000000 B/s, rate=500028115 B/s, pending=4756340736 bytes ([11.41%] 612368384/5368709120 bytes copied)
[migrater] timestamp=1779269597.21, migrating=True, epoch=2, total_epochs=3, configured=500000000 B/s, rate=499944966 B/s, pending=4706009088 bytes ([12.34%] 662700032/5368709120 bytes copied)
[migrater] timestamp=1779269597.31, migrating=True, epoch=2, total_epochs=3, configured=500000000 B/s, rate=499865727 B/s, pending=4655677440 bytes ([13.28%] 713031680/5368709120 bytes copied)
[migrater] timestamp=1779269597.41, migrating=True, epoch=2, total_epochs=3, configured=500000000 B/s, rate=500017435 B/s, pending=4605345792 bytes ([14.22%] 763363328/5368709120 bytes copied)
[migrater] timestamp=1779269597.51, migrating=True, epoch=2, total_epochs=3, configured=500000000 B/s, rate=500179325 B/s, pending=4555014144 bytes ([15.16%] 813694976/5368709120 bytes copied)
[migrater] timestamp=1779269597.61, migrating=True, epoch=2, total_epochs=3, configured=500000000 B/s, rate=499908717 B/s, pending=4504682496 bytes ([16.09%] 864026624/5368709120 bytes copied)
[migrater] timestamp=1779269597.71, migrating=True, epoch=2, total_epochs=3, configured=500000000 B/s, rate=499973328 B/s, pending=4454350848 bytes ([17.03%] 914358272/5368709120 bytes copied)
[migrater] timestamp=1779269597.81, migrating=True, epoch=2, total_epochs=3, configured=500000000 B/s, rate=499971739 B/s, pending=4404019200 bytes ([17.97%] 964689920/5368709120 bytes copied)
[migrater] timestamp=1779269597.91, migrating=True, epoch=2, total_epochs=3, configured=500000000 B/s, rate=500176194 B/s, pending=4353687552 bytes ([18.91%] 1015021568/5368709120 bytes copied)
[migrater] timestamp=1779269598.01, migrating=True, epoch=2, total_epochs=3, configured=500000000 B/s, rate=500002826 B/s, pending=4303355904 bytes ([19.84%] 1065353216/5368709120 bytes copied)
[migrater] timestamp=1779269598.11, migrating=True, epoch=2, total_epochs=3, configured=500000000 B/s, rate=500046545 B/s, pending=4253024256 bytes ([20.78%] 1115684864/5368709120 bytes copied)
[migrater] timestamp=1779269598.21, migrating=True, epoch=2, total_epochs=3, configured=500000000 B/s, rate=499989371 B/s, pending=4202692608 bytes ([21.72%] 1166016512/5368709120 bytes copied)
[migrater] timestamp=1779269598.31, migrating=True, epoch=2, total_epochs=3, configured=500000000 B/s, rate=499870438 B/s, pending=4152360960 bytes ([22.66%] 1216348160/5368709120 bytes copied)
[migrater] timestamp=1779269598.41, migrating=True, epoch=2, total_epochs=3, configured=500000000 B/s, rate=500052507 B/s, pending=4102029312 bytes ([23.59%] 1266679808/5368709120 bytes copied)
[migrater] timestamp=1779269598.52, migrating=True, epoch=2, total_epochs=3, configured=500000000 B/s, rate=500013312 B/s, pending=4051697664 bytes ([24.53%] 1317011456/5368709120 bytes copied)
[migrater] timestamp=1779269598.62, migrating=True, epoch=2, total_epochs=3, configured=500000000 B/s, rate=500090913 B/s, pending=4001366016 bytes ([25.47%] 1367343104/5368709120 bytes copied)
[migrater] timestamp=1779269598.72, migrating=True, epoch=2, total_epochs=3, configured=500000000 B/s, rate=499948150 B/s, pending=3951034368 bytes ([26.41%] 1417674752/5368709120 bytes copied)
[migrater] timestamp=1779269598.82, migrating=True, epoch=2, total_epochs=3, configured=500000000 B/s, rate=499732712 B/s, pending=3900702720 bytes ([27.34%] 1468006400/5368709120 bytes copied)
[migrater] timestamp=1779269598.92, migrating=True, epoch=2, total_epochs=3, configured=500000000 B/s, rate=500026818 B/s, pending=3850371072 bytes ([28.28%] 1518338048/5368709120 bytes copied)
[migrater] timestamp=1779269599.02, migrating=True, epoch=2, total_epochs=3, configured=500000000 B/s, rate=499939807 B/s, pending=3800039424 bytes ([29.22%] 1568669696/5368709120 bytes copied)
[migrater] timestamp=1779269599.12, migrating=True, epoch=2, total_epochs=3, configured=500000000 B/s, rate=500205323 B/s, pending=3749707776 bytes ([30.16%] 1619001344/5368709120 bytes copied)
[migrater] timestamp=1779269599.22, migrating=True, epoch=2, total_epochs=3, configured=500000000 B/s, rate=499939956 B/s, pending=3699376128 bytes ([31.09%] 1669332992/5368709120 bytes copied)
[migrater] timestamp=1779269599.32, migrating=True, epoch=2, total_epochs=3, configured=500000000 B/s, rate=499924656 B/s, pending=3649044480 bytes ([32.03%] 1719664640/5368709120 bytes copied)
[migrater] timestamp=1779269599.42, migrating=True, epoch=2, total_epochs=3, configured=500000000 B/s, rate=500220292 B/s, pending=3598712832 bytes ([32.97%] 1769996288/5368709120 bytes copied)
[migrater] timestamp=1779269599.52, migrating=True, epoch=2, total_epochs=3, configured=500000000 B/s, rate=500047688 B/s, pending=3548381184 bytes ([33.91%] 1820327936/5368709120 bytes copied)
[migrater] timestamp=1779269599.62, migrating=True, epoch=2, total_epochs=3, configured=500000000 B/s, rate=499763973 B/s, pending=3498049536 bytes ([34.84%] 1870659584/5368709120 bytes copied)
[migrater] timestamp=1779269599.72, migrating=True, epoch=2, total_epochs=3, configured=500000000 B/s, rate=500192945 B/s, pending=3447717888 bytes ([35.78%] 1920991232/5368709120 bytes copied)
[migrater] timestamp=1779269599.82, migrating=True, epoch=2, total_epochs=3, configured=500000000 B/s, rate=500013710 B/s, pending=3397386240 bytes ([36.72%] 1971322880/5368709120 bytes copied)
[migrater] timestamp=1779269599.92, migrating=True, epoch=2, total_epochs=3, configured=500000000 B/s, rate=499981270 B/s, pending=3347054592 bytes ([37.66%] 2021654528/5368709120 bytes copied)
[migrater] timestamp=1779269600.03, migrating=True, epoch=2, total_epochs=3, configured=500000000 B/s, rate=499943282 B/s, pending=3296722944 bytes ([38.59%] 2071986176/5368709120 bytes copied)
[migrater] timestamp=1779269600.13, migrating=True, epoch=2, total_epochs=3, configured=500000000 B/s, rate=500089324 B/s, pending=3246391296 bytes ([39.53%] 2122317824/5368709120 bytes copied)
[migrater] timestamp=1779269600.23, migrating=True, epoch=2, total_epochs=3, configured=500000000 B/s, rate=500060307 B/s, pending=3196059648 bytes ([40.47%] 2172649472/5368709120 bytes copied)
[migrater] timestamp=1779269600.33, migrating=True, epoch=2, total_epochs=3, configured=500000000 B/s, rate=499781143 B/s, pending=3145728000 bytes ([41.41%] 2222981120/5368709120 bytes copied)
[migrater] timestamp=1779269600.43, migrating=True, epoch=2, total_epochs=3, configured=500000000 B/s, rate=499537588 B/s, pending=3095396352 bytes ([42.34%] 2273312768/5368709120 bytes copied)
[migrater] timestamp=1779269600.53, migrating=True, epoch=2, total_epochs=3, configured=500000000 B/s, rate=500078194 B/s, pending=3045064704 bytes ([43.28%] 2323644416/5368709120 bytes copied)
[migrater] timestamp=1779269600.63, migrating=True, epoch=2, total_epochs=3, configured=500000000 B/s, rate=500094640 B/s, pending=2994733056 bytes ([44.22%] 2373976064/5368709120 bytes copied)
[migrater] timestamp=1779269600.73, migrating=True, epoch=2, total_epochs=3, configured=500000000 B/s, rate=500085796 B/s, pending=2944401408 bytes ([45.16%] 2424307712/5368709120 bytes copied)
[migrater] timestamp=1779269600.83, migrating=True, epoch=2, total_epochs=3, configured=500000000 B/s, rate=500198915 B/s, pending=2894069760 bytes ([46.09%] 2474639360/5368709120 bytes copied)
[migrater] timestamp=1779269600.93, migrating=True, epoch=2, total_epochs=3, configured=500000000 B/s, rate=499957381 B/s, pending=2843738112 bytes ([47.03%] 2524971008/5368709120 bytes copied)
[migrater] timestamp=1779269601.03, migrating=True, epoch=2, total_epochs=3, configured=500000000 B/s, rate=500114666 B/s, pending=2793406464 bytes ([47.97%] 2575302656/5368709120 bytes copied)
[migrater] timestamp=1779269601.13, migrating=True, epoch=2, total_epochs=3, configured=500000000 B/s, rate=500094739 B/s, pending=2743074816 bytes ([48.91%] 2625634304/5368709120 bytes copied)
[migrater] timestamp=1779269601.23, migrating=True, epoch=2, total_epochs=3, configured=500000000 B/s, rate=499623627 B/s, pending=2692743168 bytes ([49.84%] 2675965952/5368709120 bytes copied)
[migrater] timestamp=1779269601.33, migrating=True, epoch=2, total_epochs=3, configured=500000000 B/s, rate=500132457 B/s, pending=2642411520 bytes ([50.78%] 2726297600/5368709120 bytes copied)
[migrater] timestamp=1779269601.43, migrating=True, epoch=2, total_epochs=3, configured=500000000 B/s, rate=500089224 B/s, pending=2592079872 bytes ([51.72%] 2776629248/5368709120 bytes copied)
[migrater] timestamp=1779269601.54, migrating=True, epoch=2, total_epochs=3, configured=500000000 B/s, rate=500133401 B/s, pending=2541748224 bytes ([52.66%] 2826960896/5368709120 bytes copied)
[migrater] timestamp=1779269601.64, migrating=True, epoch=2, total_epochs=3, configured=500000000 B/s, rate=500101249 B/s, pending=2491416576 bytes ([53.59%] 2877292544/5368709120 bytes copied)
[migrater] timestamp=1779269601.74, migrating=True, epoch=2, total_epochs=3, configured=500000000 B/s, rate=499617577 B/s, pending=2441084928 bytes ([54.53%] 2927624192/5368709120 bytes copied)
[migrater] timestamp=1779269601.84, migrating=True, epoch=2, total_epochs=3, configured=500000000 B/s, rate=500296908 B/s, pending=2390753280 bytes ([55.47%] 2977955840/5368709120 bytes copied)
[migrater] timestamp=1779269601.94, migrating=True, epoch=2, total_epochs=3, configured=500000000 B/s, rate=498911743 B/s, pending=2340421632 bytes ([56.41%] 3028287488/5368709120 bytes copied)
[migrater] timestamp=1779269602.04, migrating=True, epoch=2, total_epochs=3, configured=500000000 B/s, rate=501090620 B/s, pending=2290089984 bytes ([57.34%] 3078619136/5368709120 bytes copied)
[migrater] timestamp=1779269602.14, migrating=True, epoch=2, total_epochs=3, configured=500000000 B/s, rate=499814892 B/s, pending=2239758336 bytes ([58.28%] 3128950784/5368709120 bytes copied)
[migrater] timestamp=1779269602.24, migrating=True, epoch=2, total_epochs=3, configured=500000000 B/s, rate=499971441 B/s, pending=2189426688 bytes ([59.22%] 3179282432/5368709120 bytes copied)
[migrater] timestamp=1779269602.34, migrating=True, epoch=2, total_epochs=3, configured=500000000 B/s, rate=500122915 B/s, pending=2139095040 bytes ([60.16%] 3229614080/5368709120 bytes copied)
[migrater] timestamp=1779269602.44, migrating=True, epoch=2, total_epochs=3, configured=500000000 B/s, rate=500070045 B/s, pending=2088763392 bytes ([61.09%] 3279945728/5368709120 bytes copied)
[migrater] timestamp=1779269602.54, migrating=True, epoch=2, total_epochs=3, configured=500000000 B/s, rate=500003521 B/s, pending=2038431744 bytes ([62.03%] 3330277376/5368709120 bytes copied)
[migrater] timestamp=1779269602.64, migrating=True, epoch=2, total_epochs=3, configured=500000000 B/s, rate=500020714 B/s, pending=1988100096 bytes ([62.97%] 3380609024/5368709120 bytes copied)
[migrater] timestamp=1779269602.74, migrating=True, epoch=2, total_epochs=3, configured=500000000 B/s, rate=499977897 B/s, pending=1937768448 bytes ([63.91%] 3430940672/5368709120 bytes copied)
[migrater] timestamp=1779269602.84, migrating=True, epoch=2, total_epochs=3, configured=500000000 B/s, rate=499962452 B/s, pending=1887436800 bytes ([64.84%] 3481272320/5368709120 bytes copied)
[migrater] timestamp=1779269602.94, migrating=True, epoch=2, total_epochs=3, configured=500000000 B/s, rate=500099510 B/s, pending=1837105152 bytes ([65.78%] 3531603968/5368709120 bytes copied)
[migrater] timestamp=1779269603.05, migrating=True, epoch=2, total_epochs=3, configured=500000000 B/s, rate=499995326 B/s, pending=1786773504 bytes ([66.72%] 3581935616/5368709120 bytes copied)
[migrater] timestamp=1779269603.15, migrating=True, epoch=2, total_epochs=3, configured=500000000 B/s, rate=499414416 B/s, pending=1736441856 bytes ([67.66%] 3632267264/5368709120 bytes copied)
[migrater] timestamp=1779269603.25, migrating=True, epoch=2, total_epochs=3, configured=500000000 B/s, rate=500507905 B/s, pending=1686110208 bytes ([68.59%] 3682598912/5368709120 bytes copied)
[migrater] timestamp=1779269603.35, migrating=True, epoch=2, total_epochs=3, configured=500000000 B/s, rate=499821548 B/s, pending=1635778560 bytes ([69.53%] 3732930560/5368709120 bytes copied)
[migrater] timestamp=1779269603.45, migrating=True, epoch=2, total_epochs=3, configured=500000000 B/s, rate=500008837 B/s, pending=1585446912 bytes ([70.47%] 3783262208/5368709120 bytes copied)
[migrater] timestamp=1779269603.55, migrating=True, epoch=2, total_epochs=3, configured=500000000 B/s, rate=500052557 B/s, pending=1535115264 bytes ([71.41%] 3833593856/5368709120 bytes copied)
[migrater] timestamp=1779269603.65, migrating=True, epoch=2, total_epochs=3, configured=500000000 B/s, rate=499993245 B/s, pending=1484783616 bytes ([72.34%] 3883925504/5368709120 bytes copied)
[migrater] timestamp=1779269603.75, migrating=True, epoch=2, total_epochs=3, configured=500000000 B/s, rate=499894473 B/s, pending=1434451968 bytes ([73.28%] 3934257152/5368709120 bytes copied)
[migrater] timestamp=1779269603.85, migrating=True, epoch=2, total_epochs=3, configured=500000000 B/s, rate=500027365 B/s, pending=1384120320 bytes ([74.22%] 3984588800/5368709120 bytes copied)
[migrater] timestamp=1779269603.95, migrating=True, epoch=2, total_epochs=3, configured=500000000 B/s, rate=500249128 B/s, pending=1333788672 bytes ([75.16%] 4034920448/5368709120 bytes copied)
[migrater] timestamp=1779269604.05, migrating=True, epoch=2, total_epochs=3, configured=500000000 B/s, rate=499882254 B/s, pending=1283457024 bytes ([76.09%] 4085252096/5368709120 bytes copied)
[migrater] timestamp=1779269604.15, migrating=True, epoch=2, total_epochs=3, configured=500000000 B/s, rate=500054296 B/s, pending=1233125376 bytes ([77.03%] 4135583744/5368709120 bytes copied)
[migrater] timestamp=1779269604.25, migrating=True, epoch=2, total_epochs=3, configured=500000000 B/s, rate=499776528 B/s, pending=1182793728 bytes ([77.97%] 4185915392/5368709120 bytes copied)
[migrater] timestamp=1779269604.35, migrating=True, epoch=2, total_epochs=3, configured=500000000 B/s, rate=500114865 B/s, pending=1132462080 bytes ([78.91%] 4236247040/5368709120 bytes copied)
[migrater] timestamp=1779269604.45, migrating=True, epoch=2, total_epochs=3, configured=500000000 B/s, rate=499666481 B/s, pending=1082130432 bytes ([79.84%] 4286578688/5368709120 bytes copied)
[migrater] timestamp=1779269604.56, migrating=True, epoch=2, total_epochs=3, configured=500000000 B/s, rate=500477048 B/s, pending=1031798784 bytes ([80.78%] 4336910336/5368709120 bytes copied)
[migrater] timestamp=1779269604.66, migrating=True, epoch=2, total_epochs=3, configured=500000000 B/s, rate=499794444 B/s, pending=981467136 bytes ([81.72%] 4387241984/5368709120 bytes copied)
[migrater] timestamp=1779269604.76, migrating=True, epoch=2, total_epochs=3, configured=500000000 B/s, rate=500182556 B/s, pending=931135488 bytes ([82.66%] 4437573632/5368709120 bytes copied)
[migrater] timestamp=1779269604.86, migrating=True, epoch=2, total_epochs=3, configured=500000000 B/s, rate=499776929 B/s, pending=880803840 bytes ([83.59%] 4487905280/5368709120 bytes copied)
[migrater] timestamp=1779269604.96, migrating=True, epoch=2, total_epochs=3, configured=500000000 B/s, rate=500036804 B/s, pending=830472192 bytes ([84.53%] 4538236928/5368709120 bytes copied)
[migrater] timestamp=1779269605.06, migrating=True, epoch=2, total_epochs=3, configured=500000000 B/s, rate=500013908 B/s, pending=780140544 bytes ([85.47%] 4588568576/5368709120 bytes copied)
[migrater] timestamp=1779269605.16, migrating=True, epoch=2, total_epochs=3, configured=500000000 B/s, rate=500060953 B/s, pending=729808896 bytes ([86.41%] 4638900224/5368709120 bytes copied)
[migrater] timestamp=1779269605.26, migrating=True, epoch=2, total_epochs=3, configured=500000000 B/s, rate=499970696 B/s, pending=679477248 bytes ([87.34%] 4689231872/5368709120 bytes copied)
[migrater] timestamp=1779269605.36, migrating=True, epoch=2, total_epochs=3, configured=500000000 B/s, rate=499947400 B/s, pending=629145600 bytes ([88.28%] 4739563520/5368709120 bytes copied)
[migrater] timestamp=1779269605.46, migrating=True, epoch=2, total_epochs=3, configured=500000000 B/s, rate=500117647 B/s, pending=578813952 bytes ([89.22%] 4789895168/5368709120 bytes copied)
[migrater] timestamp=1779269605.56, migrating=True, epoch=2, total_epochs=3, configured=500000000 B/s, rate=500133153 B/s, pending=528482304 bytes ([90.16%] 4840226816/5368709120 bytes copied)
[migrater] timestamp=1779269605.66, migrating=True, epoch=2, total_epochs=3, configured=500000000 B/s, rate=499914184 B/s, pending=478150656 bytes ([91.09%] 4890558464/5368709120 bytes copied)
[migrater] timestamp=1779269605.76, migrating=True, epoch=2, total_epochs=3, configured=666666666 B/s, rate=573085795 B/s, pending=419430400 bytes ([92.19%] 4949278720/5368709120 bytes copied)
[migrater] timestamp=1779269605.87, migrating=True, epoch=2, total_epochs=3, configured=666666666 B/s, rate=666658249 B/s, pending=352321536 bytes ([93.44%] 5016387584/5368709120 bytes copied)
[migrater] timestamp=1779269605.97, migrating=True, epoch=2, total_epochs=3, configured=666666666 B/s, rate=666667064 B/s, pending=285212672 bytes ([94.69%] 5083496448/5368709120 bytes copied)
[migrater] timestamp=1779269606.07, migrating=True, epoch=2, total_epochs=3, configured=666666666 B/s, rate=666671700 B/s, pending=218103808 bytes ([95.94%] 5150605312/5368709120 bytes copied)
[migrater] timestamp=1779269606.17, migrating=True, epoch=2, total_epochs=3, configured=666666666 B/s, rate=666475450 B/s, pending=150994944 bytes ([97.19%] 5217714176/5368709120 bytes copied)
[migrater] timestamp=1779269606.27, migrating=True, epoch=2, total_epochs=3, configured=1000000000 B/s, rate=740539001 B/s, pending=75497472 bytes ([98.59%] 5293211648/5368709120 bytes copied)
[migrater] timestamp=1779269606.37, migrating=False, epoch=2, total_epochs=3, configured=1000000000 B/s, rate=0 B/s, pending=0 bytes ([100.00%] 5368709120/5368709120 bytes copied)
[migrater] timestamp=1779269606.55, migrating=False, epoch=2, total_epochs=3, configured=0 B/s, rate=0 B/s, pending=0 bytes
[migrater] timestamp=1779269606.65, migrating=False, epoch=2, total_epochs=3, configured=0 B/s, rate=0 B/s, pending=0 bytes
[migrater] timestamp=1779269606.75, migrating=False, epoch=2, total_epochs=3, configured=0 B/s, rate=0 B/s, pending=0 bytes
[migrater] timestamp=1779269606.85, migrating=False, epoch=2, total_epochs=3, configured=0 B/s, rate=0 B/s, pending=0 bytes
[migrater] timestamp=1779269606.95, migrating=False, epoch=2, total_epochs=3, configured=0 B/s, rate=0 B/s, pending=0 bytes
[migrater] timestamp=1779269607.05, migrating=False, epoch=2, total_epochs=3, configured=0 B/s, rate=0 B/s, pending=0 bytes
[migrater] timestamp=1779269607.15, migrating=False, epoch=2, total_epochs=3, configured=0 B/s, rate=0 B/s, pending=0 bytes
[migrater] timestamp=1779269607.25, migrating=False, epoch=2, total_epochs=3, configured=0 B/s, rate=0 B/s, pending=0 bytes
[migrater] timestamp=1779269607.35, migrating=False, epoch=2, total_epochs=3, configured=0 B/s, rate=0 B/s, pending=0 bytes
[migrater] timestamp=1779269607.45, migrating=False, epoch=2, total_epochs=3, configured=0 B/s, rate=0 B/s, pending=0 bytes
[migrater] timestamp=1779269607.55, migrating=False, epoch=2, total_epochs=3, configured=0 B/s, rate=0 B/s, pending=0 bytes
[migrater] timestamp=1779269607.66, migrating=False, epoch=2, total_epochs=3, configured=0 B/s, rate=0 B/s, pending=0 bytes
[migrater] timestamp=1779269607.76, migrating=False, epoch=2, total_epochs=3, configured=0 B/s, rate=0 B/s, pending=0 bytes
[migrater] timestamp=1779269607.86, migrating=False, epoch=2, total_epochs=3, configured=0 B/s, rate=0 B/s, pending=0 bytes
[migrater] timestamp=1779269607.96, migrating=False, epoch=2, total_epochs=3, configured=0 B/s, rate=0 B/s, pending=0 bytes
[migrater] timestamp=1779269608.06, migrating=False, epoch=2, total_epochs=3, configured=0 B/s, rate=0 B/s, pending=0 bytes
[migrater] timestamp=1779269608.16, migrating=False, epoch=2, total_epochs=3, configured=0 B/s, rate=0 B/s, pending=0 bytes
[migrater] timestamp=1779269608.26, migrating=False, epoch=2, total_epochs=3, configured=0 B/s, rate=0 B/s, pending=0 bytes
[migrater] timestamp=1779269608.36, migrating=False, epoch=2, total_epochs=3, configured=0 B/s, rate=0 B/s, pending=0 bytes
[migrater] timestamp=1779269608.46, migrating=False, epoch=2, total_epochs=3, configured=0 B/s, rate=0 B/s, pending=0 bytes
[migrater] timestamp=1779269608.56, migrating=False, epoch=2, total_epochs=3, configured=0 B/s, rate=0 B/s, pending=0 bytes
[migrater] timestamp=1779269608.66, migrating=False, epoch=2, total_epochs=3, configured=0 B/s, rate=0 B/s, pending=0 bytes
[migrater] timestamp=1779269608.76, migrating=False, epoch=2, total_epochs=3, configured=0 B/s, rate=0 B/s, pending=0 bytes
[migrater] timestamp=1779269608.86, migrating=False, epoch=2, total_epochs=3, configured=0 B/s, rate=0 B/s, pending=0 bytes
[migrater] timestamp=1779269608.96, migrating=False, epoch=2, total_epochs=3, configured=0 B/s, rate=0 B/s, pending=0 bytes
[migrater] timestamp=1779269609.06, migrating=False, epoch=2, total_epochs=3, configured=0 B/s, rate=0 B/s, pending=0 bytes
[migrater] timestamp=1779269609.16, migrating=False, epoch=2, total_epochs=3, configured=0 B/s, rate=0 B/s, pending=0 bytes
[migrater] timestamp=1779269609.27, migrating=False, epoch=2, total_epochs=3, configured=0 B/s, rate=0 B/s, pending=0 bytes
[migrater] timestamp=1779269609.37, migrating=False, epoch=2, total_epochs=3, configured=0 B/s, rate=0 B/s, pending=0 bytes
[migrater] timestamp=1779269609.47, migrating=False, epoch=2, total_epochs=3, configured=0 B/s, rate=0 B/s, pending=0 bytes
[migrater] timestamp=1779269609.57, migrating=False, epoch=2, total_epochs=3, configured=0 B/s, rate=0 B/s, pending=0 bytes
[migrater] timestamp=1779269609.67, migrating=False, epoch=2, total_epochs=3, configured=0 B/s, rate=0 B/s, pending=0 bytes
[migrater] timestamp=1779269609.77, migrating=False, epoch=2, total_epochs=3, configured=0 B/s, rate=0 B/s, pending=0 bytes
[migrater] timestamp=1779269609.87, migrating=False, epoch=2, total_epochs=3, configured=0 B/s, rate=0 B/s, pending=0 bytes
[migrater] timestamp=1779269609.97, migrating=False, epoch=2, total_epochs=3, configured=0 B/s, rate=0 B/s, pending=0 bytes
[migrater] timestamp=1779269610.07, migrating=False, epoch=2, total_epochs=3, configured=0 B/s, rate=0 B/s, pending=0 bytes
[migrater] timestamp=1779269610.17, migrating=False, epoch=2, total_epochs=3, configured=0 B/s, rate=0 B/s, pending=0 bytes
[migrater] timestamp=1779269610.27, migrating=False, epoch=2, total_epochs=3, configured=0 B/s, rate=0 B/s, pending=0 bytes
[migrater] timestamp=1779269610.37, migrating=False, epoch=2, total_epochs=3, configured=0 B/s, rate=0 B/s, pending=0 bytes
[migrater] timestamp=1779269610.47, migrating=False, epoch=2, total_epochs=3, configured=0 B/s, rate=0 B/s, pending=0 bytes
[migrater] timestamp=1779269610.57, migrating=False, epoch=2, total_epochs=3, configured=0 B/s, rate=0 B/s, pending=0 bytes
[migrater] timestamp=1779269610.67, migrating=False, epoch=2, total_epochs=3, configured=0 B/s, rate=0 B/s, pending=0 bytes
[migrater] timestamp=1779269610.78, migrating=False, epoch=2, total_epochs=3, configured=0 B/s, rate=0 B/s, pending=0 bytes
[migrater] timestamp=1779269610.88, migrating=False, epoch=2, total_epochs=3, configured=0 B/s, rate=0 B/s, pending=0 bytes
[migrater] timestamp=1779269610.98, migrating=False, epoch=2, total_epochs=3, configured=0 B/s, rate=0 B/s, pending=0 bytes
[migrater] timestamp=1779269611.08, migrating=False, epoch=2, total_epochs=3, configured=0 B/s, rate=0 B/s, pending=0 bytes
[migrater] timestamp=1779269611.18, migrating=False, epoch=2, total_epochs=3, configured=0 B/s, rate=0 B/s, pending=0 bytes
[migrater] timestamp=1779269611.28, migrating=False, epoch=2, total_epochs=3, configured=0 B/s, rate=0 B/s, pending=0 bytes
[migrater] timestamp=1779269611.38, migrating=False, epoch=2, total_epochs=3, configured=0 B/s, rate=0 B/s, pending=0 bytes
[migrater] timestamp=1779269611.48, migrating=False, epoch=2, total_epochs=3, configured=0 B/s, rate=0 B/s, pending=0 bytes
[migrater] timestamp=1779269611.58, migrating=False, epoch=2, total_epochs=3, configured=0 B/s, rate=0 B/s, pending=0 bytes
[migrater] timestamp=1779269611.68, migrating=False, epoch=2, total_epochs=3, configured=0 B/s, rate=0 B/s, pending=0 bytes
[migrater] timestamp=1779269611.78, migrating=False, epoch=2, total_epochs=3, configured=0 B/s, rate=0 B/s, pending=0 bytes
[migrater] timestamp=1779269611.88, migrating=False, epoch=2, total_epochs=3, configured=0 B/s, rate=0 B/s, pending=0 bytes
[migrater] timestamp=1779269611.98, migrating=False, epoch=2, total_epochs=3, configured=0 B/s, rate=0 B/s, pending=0 bytes
[migrater] timestamp=1779269612.08, migrating=False, epoch=2, total_epochs=3, configured=0 B/s, rate=0 B/s, pending=0 bytes
[migrater] timestamp=1779269612.18, migrating=False, epoch=2, total_epochs=3, configured=0 B/s, rate=0 B/s, pending=0 bytes
[migrater] timestamp=1779269612.28, migrating=False, epoch=2, total_epochs=3, configured=0 B/s, rate=0 B/s, pending=0 bytes
[migrater] timestamp=1779269612.38, migrating=False, epoch=2, total_epochs=3, configured=0 B/s, rate=0 B/s, pending=0 bytes
[migrater] timestamp=1779269612.48, migrating=False, epoch=2, total_epochs=3, configured=0 B/s, rate=0 B/s, pending=0 bytes
[migrater] timestamp=1779269612.58, migrating=False, epoch=3, total_epochs=3, configured=0 B/s, rate=0 B/s, pending=5368709120 bytes
[migrater] timestamp=1779269612.68, migrating=False, epoch=3, total_epochs=3, configured=0 B/s, rate=0 B/s, pending=5368709120 bytes
[migrater] timestamp=1779269612.78, migrating=True, epoch=3, total_epochs=3, configured=0 B/s, rate=0 B/s, pending=5368709120 bytes
[migrater] timestamp=1779269612.80, migrating=True, epoch=3, total_epochs=3, configured=500000000 B/s, rate=481118357 B/s, pending=5318377472 bytes ([0.94%] 50331648/5368709120 bytes copied)
[migrater] timestamp=1779269612.90, migrating=True, epoch=3, total_epochs=3, configured=500000000 B/s, rate=499813155 B/s, pending=5268045824 bytes ([1.88%] 100663296/5368709120 bytes copied)
[migrater] timestamp=1779269613.00, migrating=True, epoch=3, total_epochs=3, configured=500000000 B/s, rate=500174653 B/s, pending=5217714176 bytes ([2.81%] 150994944/5368709120 bytes copied)
[migrater] timestamp=1779269613.10, migrating=True, epoch=3, total_epochs=3, configured=500000000 B/s, rate=500105970 B/s, pending=5167382528 bytes ([3.75%] 201326592/5368709120 bytes copied)
[migrater] timestamp=1779269613.20, migrating=True, epoch=3, total_epochs=3, configured=500000000 B/s, rate=500031990 B/s, pending=5117050880 bytes ([4.69%] 251658240/5368709120 bytes copied)
[migrater] timestamp=1779269613.30, migrating=True, epoch=3, total_epochs=3, configured=500000000 B/s, rate=499990413 B/s, pending=5066719232 bytes ([5.62%] 301989888/5368709120 bytes copied)
[migrater] timestamp=1779269613.40, migrating=True, epoch=3, total_epochs=3, configured=500000000 B/s, rate=500094442 B/s, pending=5016387584 bytes ([6.56%] 352321536/5368709120 bytes copied)
[migrater] timestamp=1779269613.50, migrating=True, epoch=3, total_epochs=3, configured=500000000 B/s, rate=499958380 B/s, pending=4966055936 bytes ([7.50%] 402653184/5368709120 bytes copied)
[migrater] timestamp=1779269613.60, migrating=True, epoch=3, total_epochs=3, configured=500000000 B/s, rate=499950081 B/s, pending=4915724288 bytes ([8.44%] 452984832/5368709120 bytes copied)
[migrater] timestamp=1779269613.70, migrating=True, epoch=3, total_epochs=3, configured=500000000 B/s, rate=499997715 B/s, pending=4865392640 bytes ([9.38%] 503316480/5368709120 bytes copied)
[migrater] timestamp=1779269613.81, migrating=True, epoch=3, total_epochs=3, configured=500000000 B/s, rate=500096081 B/s, pending=4815060992 bytes ([10.31%] 553648128/5368709120 bytes copied)
[migrater] timestamp=1779269613.91, migrating=True, epoch=3, total_epochs=3, configured=500000000 B/s, rate=499950185 B/s, pending=4764729344 bytes ([11.25%] 603979776/5368709120 bytes copied)
[migrater] timestamp=1779269614.01, migrating=True, epoch=3, total_epochs=3, configured=500000000 B/s, rate=499995028 B/s, pending=4714397696 bytes ([12.19%] 654311424/5368709120 bytes copied)
[migrater] timestamp=1779269614.11, migrating=True, epoch=3, total_epochs=3, configured=500000000 B/s, rate=499839913 B/s, pending=4664066048 bytes ([13.12%] 704643072/5368709120 bytes copied)
[migrater] timestamp=1779269614.21, migrating=True, epoch=3, total_epochs=3, configured=500000000 B/s, rate=499986783 B/s, pending=4613734400 bytes ([14.06%] 754974720/5368709120 bytes copied)
[migrater] timestamp=1779269614.31, migrating=True, epoch=3, total_epochs=3, configured=500000000 B/s, rate=499940402 B/s, pending=4563402752 bytes ([15.00%] 805306368/5368709120 bytes copied)
[migrater] timestamp=1779269614.41, migrating=True, epoch=3, total_epochs=3, configured=500000000 B/s, rate=500102193 B/s, pending=4513071104 bytes ([15.94%] 855638016/5368709120 bytes copied)
[migrater] timestamp=1779269614.51, migrating=True, epoch=3, total_epochs=3, configured=500000000 B/s, rate=499971635 B/s, pending=4462739456 bytes ([16.88%] 905969664/5368709120 bytes copied)
[migrater] timestamp=1779269614.61, migrating=True, epoch=3, total_epochs=3, configured=500000000 B/s, rate=500007501 B/s, pending=4412407808 bytes ([17.81%] 956301312/5368709120 bytes copied)
[migrater] timestamp=1779269614.71, migrating=True, epoch=3, total_epochs=3, configured=500000000 B/s, rate=500129176 B/s, pending=4362076160 bytes ([18.75%] 1006632960/5368709120 bytes copied)
[migrater] timestamp=1779269614.81, migrating=True, epoch=3, total_epochs=3, configured=500000000 B/s, rate=499809537 B/s, pending=4311744512 bytes ([19.69%] 1056964608/5368709120 bytes copied)
[migrater] timestamp=1779269614.91, migrating=True, epoch=3, total_epochs=3, configured=500000000 B/s, rate=500279901 B/s, pending=4261412864 bytes ([20.62%] 1107296256/5368709120 bytes copied)
[migrater] timestamp=1779269615.01, migrating=True, epoch=3, total_epochs=3, configured=500000000 B/s, rate=499950583 B/s, pending=4211081216 bytes ([21.56%] 1157627904/5368709120 bytes copied)
[migrater] timestamp=1779269615.11, migrating=True, epoch=3, total_epochs=3, configured=500000000 B/s, rate=499975558 B/s, pending=4160749568 bytes ([22.50%] 1207959552/5368709120 bytes copied)
[migrater] timestamp=1779269615.21, migrating=True, epoch=3, total_epochs=3, configured=500000000 B/s, rate=499960714 B/s, pending=4110417920 bytes ([23.44%] 1258291200/5368709120 bytes copied)
[migrater] timestamp=1779269615.32, migrating=True, epoch=3, total_epochs=3, configured=500000000 B/s, rate=499989123 B/s, pending=4060086272 bytes ([24.38%] 1308622848/5368709120 bytes copied)
[migrater] timestamp=1779269615.42, migrating=True, epoch=3, total_epochs=3, configured=500000000 B/s, rate=500102292 B/s, pending=4009754624 bytes ([25.31%] 1358954496/5368709120 bytes copied)
[migrater] timestamp=1779269615.52, migrating=True, epoch=3, total_epochs=3, configured=500000000 B/s, rate=500003969 B/s, pending=3959422976 bytes ([26.25%] 1409286144/5368709120 bytes copied)
[migrater] timestamp=1779269615.62, migrating=True, epoch=3, total_epochs=3, configured=500000000 B/s, rate=499759060 B/s, pending=3909091328 bytes ([27.19%] 1459617792/5368709120 bytes copied)
[migrater] timestamp=1779269615.72, migrating=True, epoch=3, total_epochs=3, configured=500000000 B/s, rate=500029805 B/s, pending=3858759680 bytes ([28.12%] 1509949440/5368709120 bytes copied)
[migrater] timestamp=1779269615.82, migrating=True, epoch=3, total_epochs=3, configured=500000000 B/s, rate=499967170 B/s, pending=3808428032 bytes ([29.06%] 1560281088/5368709120 bytes copied)
[migrater] timestamp=1779269615.92, migrating=True, epoch=3, total_epochs=3, configured=500000000 B/s, rate=500086242 B/s, pending=3758096384 bytes ([30.00%] 1610612736/5368709120 bytes copied)
[migrater] timestamp=1779269616.02, migrating=True, epoch=3, total_epochs=3, configured=500000000 B/s, rate=500042125 B/s, pending=3707764736 bytes ([30.94%] 1660944384/5368709120 bytes copied)
[migrater] timestamp=1779269616.12, migrating=True, epoch=3, total_epochs=3, configured=500000000 B/s, rate=499985293 B/s, pending=3657433088 bytes ([31.87%] 1711276032/5368709120 bytes copied)
[migrater] timestamp=1779269616.22, migrating=True, epoch=3, total_epochs=3, configured=500000000 B/s, rate=500083609 B/s, pending=3607101440 bytes ([32.81%] 1761607680/5368709120 bytes copied)
[migrater] timestamp=1779269616.32, migrating=True, epoch=3, total_epochs=3, configured=500000000 B/s, rate=499967816 B/s, pending=3556769792 bytes ([33.75%] 1811939328/5368709120 bytes copied)
[migrater] timestamp=1779269616.42, migrating=True, epoch=3, total_epochs=3, configured=500000000 B/s, rate=500037256 B/s, pending=3506438144 bytes ([34.69%] 1862270976/5368709120 bytes copied)
[migrater] timestamp=1779269616.52, migrating=True, epoch=3, total_epochs=3, configured=500000000 B/s, rate=500060655 B/s, pending=3456106496 bytes ([35.62%] 1912602624/5368709120 bytes copied)
[migrater] timestamp=1779269616.62, migrating=True, epoch=3, total_epochs=3, configured=500000000 B/s, rate=499957580 B/s, pending=3405774848 bytes ([36.56%] 1962934272/5368709120 bytes copied)
[migrater] timestamp=1779269616.72, migrating=True, epoch=3, total_epochs=3, configured=500000000 B/s, rate=500014753 B/s, pending=3355443200 bytes ([37.50%] 2013265920/5368709120 bytes copied)
[migrater] timestamp=1779269616.83, migrating=True, epoch=3, total_epochs=3, configured=500000000 B/s, rate=499930868 B/s, pending=3305111552 bytes ([38.44%] 2063597568/5368709120 bytes copied)
[migrater] timestamp=1779269616.93, migrating=True, epoch=3, total_epochs=3, configured=500000000 B/s, rate=500054396 B/s, pending=3254779904 bytes ([39.38%] 2113929216/5368709120 bytes copied)
[migrater] timestamp=1779269617.03, migrating=True, epoch=3, total_epochs=3, configured=500000000 B/s, rate=500039337 B/s, pending=3204448256 bytes ([40.31%] 2164260864/5368709120 bytes copied)
[migrater] timestamp=1779269617.13, migrating=True, epoch=3, total_epochs=3, configured=500000000 B/s, rate=499657007 B/s, pending=3154116608 bytes ([41.25%] 2214592512/5368709120 bytes copied)
[migrater] timestamp=1779269617.23, migrating=True, epoch=3, total_epochs=3, configured=500000000 B/s, rate=500114666 B/s, pending=3103784960 bytes ([42.19%] 2264924160/5368709120 bytes copied)
[migrater] timestamp=1779269617.33, migrating=True, epoch=3, total_epochs=3, configured=500000000 B/s, rate=499936083 B/s, pending=3053453312 bytes ([43.12%] 2315255808/5368709120 bytes copied)
[migrater] timestamp=1779269617.43, migrating=True, epoch=3, total_epochs=3, configured=500000000 B/s, rate=500073672 B/s, pending=3003121664 bytes ([44.06%] 2365587456/5368709120 bytes copied)
[migrater] timestamp=1779269617.53, migrating=True, epoch=3, total_epochs=3, configured=500000000 B/s, rate=499962844 B/s, pending=2952790016 bytes ([45.00%] 2415919104/5368709120 bytes copied)
[migrater] timestamp=1779269617.64, migrating=True, epoch=3, total_epochs=3, configured=666666666 B/s, rate=541949065 B/s, pending=2894069760 bytes ([46.09%] 2474639360/5368709120 bytes copied)
[migrater] timestamp=1779269617.74, migrating=True, epoch=3, total_epochs=3, configured=666666666 B/s, rate=666668786 B/s, pending=2826960896 bytes ([47.34%] 2541748224/5368709120 bytes copied)
[migrater] timestamp=1779269617.84, migrating=True, epoch=3, total_epochs=3, configured=666666666 B/s, rate=666634144 B/s, pending=2759852032 bytes ([48.59%] 2608857088/5368709120 bytes copied)
[migrater] timestamp=1779269617.94, migrating=True, epoch=3, total_epochs=3, configured=666666666 B/s, rate=666408480 B/s, pending=2692743168 bytes ([49.84%] 2675965952/5368709120 bytes copied)
[migrater] timestamp=1779269618.04, migrating=True, epoch=3, total_epochs=3, configured=666666666 B/s, rate=667191734 B/s, pending=2625634304 bytes ([51.09%] 2743074816/5368709120 bytes copied)
[migrater] timestamp=1779269618.14, migrating=True, epoch=3, total_epochs=3, configured=666666666 B/s, rate=666631567 B/s, pending=2558525440 bytes ([52.34%] 2810183680/5368709120 bytes copied)
[migrater] timestamp=1779269618.24, migrating=True, epoch=3, total_epochs=3, configured=666666666 B/s, rate=666736875 B/s, pending=2491416576 bytes ([53.59%] 2877292544/5368709120 bytes copied)
[migrater] timestamp=1779269618.34, migrating=True, epoch=3, total_epochs=3, configured=666666666 B/s, rate=666558992 B/s, pending=2424307712 bytes ([54.84%] 2944401408/5368709120 bytes copied)
[migrater] timestamp=1779269618.44, migrating=True, epoch=3, total_epochs=3, configured=666666666 B/s, rate=667130919 B/s, pending=2357198848 bytes ([56.09%] 3011510272/5368709120 bytes copied)
[migrater] timestamp=1779269618.54, migrating=True, epoch=3, total_epochs=3, configured=666666666 B/s, rate=666587336 B/s, pending=2290089984 bytes ([57.34%] 3078619136/5368709120 bytes copied)
[migrater] timestamp=1779269618.64, migrating=True, epoch=3, total_epochs=3, configured=666666666 B/s, rate=666287195 B/s, pending=2222981120 bytes ([58.59%] 3145728000/5368709120 bytes copied)
[migrater] timestamp=1779269618.75, migrating=True, epoch=3, total_epochs=3, configured=666666666 B/s, rate=666644806 B/s, pending=2155872256 bytes ([59.84%] 3212836864/5368709120 bytes copied)
[migrater] timestamp=1779269618.85, migrating=True, epoch=3, total_epochs=3, configured=666666666 B/s, rate=666751979 B/s, pending=2088763392 bytes ([61.09%] 3279945728/5368709120 bytes copied)
[migrater] timestamp=1779269618.95, migrating=True, epoch=3, total_epochs=3, configured=666666666 B/s, rate=666668786 B/s, pending=2021654528 bytes ([62.34%] 3347054592/5368709120 bytes copied)
[migrater] timestamp=1779269619.05, migrating=True, epoch=3, total_epochs=3, configured=666666666 B/s, rate=666100103 B/s, pending=1954545664 bytes ([63.59%] 3414163456/5368709120 bytes copied)
[migrater] timestamp=1779269619.15, migrating=True, epoch=3, total_epochs=3, configured=666666666 B/s, rate=666926844 B/s, pending=1887436800 bytes ([64.84%] 3481272320/5368709120 bytes copied)
[migrater] timestamp=1779269619.25, migrating=True, epoch=3, total_epochs=3, configured=666666666 B/s, rate=666766751 B/s, pending=1820327936 bytes ([66.09%] 3548381184/5368709120 bytes copied)
[migrater] timestamp=1779269619.35, migrating=True, epoch=3, total_epochs=3, configured=666666666 B/s, rate=666504641 B/s, pending=1753219072 bytes ([67.34%] 3615490048/5368709120 bytes copied)
[migrater] timestamp=1779269619.45, migrating=True, epoch=3, total_epochs=3, configured=666666666 B/s, rate=666693755 B/s, pending=1686110208 bytes ([68.59%] 3682598912/5368709120 bytes copied)
[migrater] timestamp=1779269619.55, migrating=True, epoch=3, total_epochs=3, configured=666666666 B/s, rate=666925120 B/s, pending=1619001344 bytes ([69.84%] 3749707776/5368709120 bytes copied)
[migrater] timestamp=1779269619.65, migrating=True, epoch=3, total_epochs=3, configured=666666666 B/s, rate=666767744 B/s, pending=1551892480 bytes ([71.09%] 3816816640/5368709120 bytes copied)
[migrater] timestamp=1779269619.75, migrating=True, epoch=3, total_epochs=3, configured=666666666 B/s, rate=666609041 B/s, pending=1484783616 bytes ([72.34%] 3883925504/5368709120 bytes copied)
[migrater] timestamp=1779269619.85, migrating=True, epoch=3, total_epochs=3, configured=666666666 B/s, rate=666612087 B/s, pending=1417674752 bytes ([73.59%] 3951034368/5368709120 bytes copied)
[migrater] timestamp=1779269619.95, migrating=True, epoch=3, total_epochs=3, configured=666666666 B/s, rate=666691893 B/s, pending=1350565888 bytes ([74.84%] 4018143232/5368709120 bytes copied)
[migrater] timestamp=1779269620.05, migrating=True, epoch=3, total_epochs=3, configured=666666666 B/s, rate=666723349 B/s, pending=1283457024 bytes ([76.09%] 4085252096/5368709120 bytes copied)
[migrater] timestamp=1779269620.15, migrating=True, epoch=3, total_epochs=3, configured=666666666 B/s, rate=666559515 B/s, pending=1216348160 bytes ([77.34%] 4152360960/5368709120 bytes copied)
[migrater] timestamp=1779269620.26, migrating=True, epoch=3, total_epochs=3, configured=666666666 B/s, rate=666713479 B/s, pending=1149239296 bytes ([78.59%] 4219469824/5368709120 bytes copied)
[migrater] timestamp=1779269620.36, migrating=True, epoch=3, total_epochs=3, configured=666666666 B/s, rate=666695206 B/s, pending=1082130432 bytes ([79.84%] 4286578688/5368709120 bytes copied)
[migrater] timestamp=1779269620.46, migrating=True, epoch=3, total_epochs=3, configured=666666666 B/s, rate=666706590 B/s, pending=1015021568 bytes ([81.09%] 4353687552/5368709120 bytes copied)
[migrater] timestamp=1779269620.56, migrating=True, epoch=3, total_epochs=3, configured=666666666 B/s, rate=666390461 B/s, pending=947912704 bytes ([82.34%] 4420796416/5368709120 bytes copied)
[migrater] timestamp=1779269620.66, migrating=True, epoch=3, total_epochs=3, configured=666666666 B/s, rate=666685271 B/s, pending=880803840 bytes ([83.59%] 4487905280/5368709120 bytes copied)
[migrater] timestamp=1779269620.76, migrating=True, epoch=3, total_epochs=3, configured=666666666 B/s, rate=666649700 B/s, pending=813694976 bytes ([84.84%] 4555014144/5368709120 bytes copied)
[migrater] timestamp=1779269620.86, migrating=True, epoch=3, total_epochs=3, configured=1000000000 B/s, rate=790377018 B/s, pending=729808896 bytes ([86.41%] 4638900224/5368709120 bytes copied)
[migrater] timestamp=1779269620.97, migrating=True, epoch=3, total_epochs=3, configured=1000000000 B/s, rate=1000015786 B/s, pending=629145600 bytes ([88.28%] 4739563520/5368709120 bytes copied)
[migrater] timestamp=1779269621.07, migrating=True, epoch=3, total_epochs=3, configured=1000000000 B/s, rate=1000161834 B/s, pending=528482304 bytes ([90.16%] 4840226816/5368709120 bytes copied)
[migrater] timestamp=1779269621.17, migrating=True, epoch=3, total_epochs=3, configured=1000000000 B/s, rate=999880586 B/s, pending=427819008 bytes ([92.03%] 4940890112/5368709120 bytes copied)
[migrater] timestamp=1779269621.27, migrating=True, epoch=3, total_epochs=3, configured=1000000000 B/s, rate=999567736 B/s, pending=327155712 bytes ([93.91%] 5041553408/5368709120 bytes copied)
[migrater] timestamp=1779269621.37, migrating=True, epoch=3, total_epochs=3, configured=1000000000 B/s, rate=1000154578 B/s, pending=226492416 bytes ([95.78%] 5142216704/5368709120 bytes copied)
[migrater] timestamp=1779269621.47, migrating=True, epoch=3, total_epochs=3, configured=1000000000 B/s, rate=999822391 B/s, pending=125829120 bytes ([97.66%] 5242880000/5368709120 bytes copied)
[migrater] timestamp=1779269621.57, migrating=True, epoch=3, total_epochs=3, configured=1000000000 B/s, rate=1000121885 B/s, pending=25165824 bytes ([99.53%] 5343543296/5368709120 bytes copied)
[migrater] timestamp=1779269621.62, migrating=False, epoch=3, total_epochs=3, configured=1000000000 B/s, rate=0 B/s, pending=0 bytes ([100.00%] 5368709120/5368709120 bytes copied)
[migrater] timestamp=1779269621.83, migrating=False, epoch=3, total_epochs=3, configured=0 B/s, rate=0 B/s, pending=0 bytes
[migrater] timestamp=1779269621.93, migrating=False, epoch=3, total_epochs=3, configured=0 B/s, rate=0 B/s, pending=0 bytes
[migrater] timestamp=1779269622.03, migrating=False, epoch=3, total_epochs=3, configured=0 B/s, rate=0 B/s, pending=0 bytes
[migrater] timestamp=1779269622.13, migrating=False, epoch=3, total_epochs=3, configured=0 B/s, rate=0 B/s, pending=0 bytes
[migrater] timestamp=1779269622.23, migrating=False, epoch=3, total_epochs=3, configured=0 B/s, rate=0 B/s, pending=0 bytes
[migrater] timestamp=1779269622.33, migrating=False, epoch=3, total_epochs=3, configured=0 B/s, rate=0 B/s, pending=0 bytes
[migrater] timestamp=1779269622.43, migrating=False, epoch=3, total_epochs=3, configured=0 B/s, rate=0 B/s, pending=0 bytes
[migrater] timestamp=1779269622.53, migrating=False, epoch=3, total_epochs=3, configured=0 B/s, rate=0 B/s, pending=0 bytes
[migrater] timestamp=1779269622.63, migrating=False, epoch=3, total_epochs=3, configured=0 B/s, rate=0 B/s, pending=0 bytes
[migrater] timestamp=1779269622.73, migrating=False, epoch=3, total_epochs=3, configured=0 B/s, rate=0 B/s, pending=0 bytes
[migrater] timestamp=1779269622.83, migrating=False, epoch=3, total_epochs=3, configured=0 B/s, rate=0 B/s, pending=0 bytes
[migrater] timestamp=1779269622.93, migrating=False, epoch=3, total_epochs=3, configured=0 B/s, rate=0 B/s, pending=0 bytes
[migrater] timestamp=1779269623.03, migrating=False, epoch=3, total_epochs=3, configured=0 B/s, rate=0 B/s, pending=0 bytes
