[migrater] timestamp=1779110430.50, migrating=False, epoch=0, total_epochs=0, configured=0 B/s, rate=0 B/s, pending=0 bytes
Migrater running on 50051
[migrater] timestamp=1779110431.05, migrating=False, epoch=0, total_epochs=0, configured=0 B/s, rate=0 B/s, pending=0 bytes
[migrater] timestamp=1779110431.56, migrating=False, epoch=0, total_epochs=0, configured=0 B/s, rate=0 B/s, pending=0 bytes
[migrater] timestamp=1779110432.06, migrating=False, epoch=0, total_epochs=0, configured=0 B/s, rate=0 B/s, pending=0 bytes
[migrater] timestamp=1779110432.56, migrating=False, epoch=0, total_epochs=0, configured=0 B/s, rate=0 B/s, pending=0 bytes
[migrater] timestamp=1779110433.06, migrating=False, epoch=0, total_epochs=0, configured=0 B/s, rate=0 B/s, pending=0 bytes
[migrater] timestamp=1779110433.56, migrating=False, epoch=0, total_epochs=0, configured=0 B/s, rate=0 B/s, pending=0 bytes
[migrater] timestamp=1779110434.06, migrating=False, epoch=0, total_epochs=0, configured=0 B/s, rate=0 B/s, pending=0 bytes
[migrater] timestamp=1779110434.56, migrating=False, epoch=0, total_epochs=0, configured=0 B/s, rate=0 B/s, pending=0 bytes
[migrater] timestamp=1779110435.06, migrating=False, epoch=0, total_epochs=0, configured=0 B/s, rate=0 B/s, pending=0 bytes
[migrater] timestamp=1779110435.56, migrating=False, epoch=0, total_epochs=0, configured=0 B/s, rate=0 B/s, pending=0 bytes
[migrater] timestamp=1779110436.06, migrating=False, epoch=0, total_epochs=0, configured=0 B/s, rate=0 B/s, pending=0 bytes
[migrater] timestamp=1779110436.56, migrating=False, epoch=0, total_epochs=0, configured=0 B/s, rate=0 B/s, pending=0 bytes
[migrater] timestamp=1779110437.06, migrating=False, epoch=0, total_epochs=0, configured=0 B/s, rate=0 B/s, pending=0 bytes
[migrater] timestamp=1779110437.56, migrating=False, epoch=0, total_epochs=0, configured=0 B/s, rate=0 B/s, pending=0 bytes
[migrater] timestamp=1779110438.06, migrating=False, epoch=0, total_epochs=0, configured=0 B/s, rate=0 B/s, pending=0 bytes
[migrater] timestamp=1779110438.56, migrating=False, epoch=0, total_epochs=0, configured=0 B/s, rate=0 B/s, pending=0 bytes
[migrater] timestamp=1779110439.06, migrating=False, epoch=0, total_epochs=0, configured=0 B/s, rate=0 B/s, pending=0 bytes
[migrater] timestamp=1779110439.56, migrating=False, epoch=0, total_epochs=0, configured=0 B/s, rate=0 B/s, pending=0 bytes
[migrater] timestamp=1779110440.06, migrating=False, epoch=0, total_epochs=0, configured=0 B/s, rate=0 B/s, pending=0 bytes
[migrater] timestamp=1779110440.57, migrating=False, epoch=0, total_epochs=0, configured=0 B/s, rate=0 B/s, pending=0 bytes
[migrater] timestamp=1779110441.07, migrating=False, epoch=0, total_epochs=0, configured=0 B/s, rate=0 B/s, pending=0 bytes
[migrater] timestamp=1779110441.57, migrating=False, epoch=0, total_epochs=0, configured=0 B/s, rate=0 B/s, pending=0 bytes
[migrater] timestamp=1779110442.07, migrating=False, epoch=0, total_epochs=0, configured=0 B/s, rate=0 B/s, pending=0 bytes
[migrater] timestamp=1779110442.57, migrating=False, epoch=0, total_epochs=0, configured=0 B/s, rate=0 B/s, pending=0 bytes
[migrater] timestamp=1779110443.07, migrating=False, epoch=0, total_epochs=0, configured=0 B/s, rate=0 B/s, pending=0 bytes
[migrater] timestamp=1779110443.57, migrating=False, epoch=0, total_epochs=0, configured=0 B/s, rate=0 B/s, pending=0 bytes
[migrater] timestamp=1779110444.07, migrating=False, epoch=0, total_epochs=0, configured=0 B/s, rate=0 B/s, pending=0 bytes
[migrater] timestamp=1779110444.57, migrating=False, epoch=0, total_epochs=0, configured=0 B/s, rate=0 B/s, pending=0 bytes
[migrater] timestamp=1779110445.07, migrating=False, epoch=0, total_epochs=0, configured=0 B/s, rate=0 B/s, pending=0 bytes
[migrater] timestamp=1779110445.57, migrating=False, epoch=0, total_epochs=0, configured=0 B/s, rate=0 B/s, pending=0 bytes
[migrater] timestamp=1779110446.08, migrating=False, epoch=0, total_epochs=0, configured=0 B/s, rate=0 B/s, pending=0 bytes
[migrater] timestamp=1779110446.59, migrating=False, epoch=1, total_epochs=3, configured=0 B/s, rate=0 B/s, pending=5368709120 bytes
[migrater] timestamp=1779110447.09, migrating=True, epoch=1, total_epochs=3, configured=0 B/s, rate=0 B/s, pending=5368709120 bytes
[migrater] timestamp=1779110447.10, migrating=True, epoch=1, total_epochs=3, configured=453768646 B/s, rate=282971520 B/s, pending=5226102784 bytes ([2.66%] 142606336/5368709120 bytes copied)
[migrater] timestamp=1779110447.60, migrating=True, epoch=1, total_epochs=3, configured=485338420 B/s, rate=452497302 B/s, pending=4999610368 bytes ([6.88%] 369098752/5368709120 bytes copied)
[migrater] timestamp=1779110448.10, migrating=True, epoch=1, total_epochs=3, configured=497371735 B/s, rate=485085061 B/s, pending=4756340736 bytes ([11.41%] 612368384/5368709120 bytes copied)
[migrater] timestamp=1779110448.61, migrating=True, epoch=1, total_epochs=3, configured=502841846 B/s, rate=497200160 B/s, pending=4504682496 bytes ([16.09%] 864026624/5368709120 bytes copied)
[migrater] timestamp=1779110449.11, migrating=True, epoch=1, total_epochs=3, configured=506364820 B/s, rate=502830225 B/s, pending=4253024256 bytes ([20.78%] 1115684864/5368709120 bytes copied)
[migrater] timestamp=1779110449.61, migrating=True, epoch=1, total_epochs=3, configured=509143531 B/s, rate=516706223 B/s, pending=3992977408 bytes ([25.62%] 1375731712/5368709120 bytes copied)
[migrater] timestamp=1779110450.12, migrating=True, epoch=1, total_epochs=3, configured=511169258 B/s, rate=498951057 B/s, pending=3741319168 bytes ([30.31%] 1627389952/5368709120 bytes copied)
[migrater] timestamp=1779110450.62, migrating=True, epoch=1, total_epochs=3, configured=513230353 B/s, rate=511222395 B/s, pending=3481272320 bytes ([35.16%] 1887436800/5368709120 bytes copied)
[migrater] timestamp=1779110451.13, migrating=True, epoch=1, total_epochs=3, configured=514962877 B/s, rate=513337173 B/s, pending=3221225472 bytes ([40.00%] 2147483648/5368709120 bytes copied)
[migrater] timestamp=1779110451.64, migrating=True, epoch=1, total_epochs=3, configured=516346393 B/s, rate=514992051 B/s, pending=2961178624 bytes ([44.84%] 2407530496/5368709120 bytes copied)
[migrater] timestamp=1779110452.14, migrating=True, epoch=1, total_epochs=3, configured=518137186 B/s, rate=516418035 B/s, pending=2701131776 bytes ([49.69%] 2667577344/5368709120 bytes copied)
[migrater] timestamp=1779110452.64, migrating=True, epoch=1, total_epochs=3, configured=519457845 B/s, rate=518226152 B/s, pending=2441084928 bytes ([54.53%] 2927624192/5368709120 bytes copied)
[migrater] timestamp=1779110453.14, migrating=True, epoch=1, total_epochs=3, configured=521380859 B/s, rate=519545556 B/s, pending=2181038080 bytes ([59.38%] 3187671040/5368709120 bytes copied)
[migrater] timestamp=1779110453.65, migrating=True, epoch=1, total_epochs=3, configured=523370123 B/s, rate=531979053 B/s, pending=1912602624 bytes ([64.38%] 3456106496/5368709120 bytes copied)
[migrater] timestamp=1779110454.15, migrating=True, epoch=1, total_epochs=3, configured=525001886 B/s, rate=512954137 B/s, pending=1652555776 bytes ([69.22%] 3716153344/5368709120 bytes copied)
[migrater] timestamp=1779110454.65, migrating=True, epoch=1, total_epochs=3, configured=527951050 B/s, rate=535629344 B/s, pending=1384120320 bytes ([74.22%] 3984588800/5368709120 bytes copied)
[migrater] timestamp=1779110455.16, migrating=True, epoch=1, total_epochs=3, configured=530427356 B/s, rate=517379804 B/s, pending=1124073472 bytes ([79.06%] 4244635648/5368709120 bytes copied)
[migrater] timestamp=1779110455.67, migrating=True, epoch=1, total_epochs=3, configured=534780472 B/s, rate=538078719 B/s, pending=847249408 bytes ([84.22%] 4521459712/5368709120 bytes copied)
[migrater] timestamp=1779110456.18, migrating=True, epoch=1, total_epochs=3, configured=538348849 B/s, rate=527079256 B/s, pending=578813952 bytes ([89.22%] 4789895168/5368709120 bytes copied)
[migrater] timestamp=1779110456.96, migrating=True, epoch=1, total_epochs=3, configured=546728778 B/s, rate=259428652 B/s, pending=377487360 bytes ([92.97%] 4991221760/5368709120 bytes copied)
[migrater] timestamp=1779110457.24, migrating=False, epoch=1, total_epochs=3, configured=728358468 B/s, rate=0 B/s, pending=0 bytes ([100.00%] 5368709120/5368709120 bytes copied)
[migrater] timestamp=1779110458.17, migrating=False, epoch=1, total_epochs=3, configured=0 B/s, rate=0 B/s, pending=0 bytes
[migrater] timestamp=1779110458.67, migrating=False, epoch=1, total_epochs=3, configured=0 B/s, rate=0 B/s, pending=0 bytes
[migrater] timestamp=1779110459.17, migrating=False, epoch=1, total_epochs=3, configured=0 B/s, rate=0 B/s, pending=0 bytes
[migrater] timestamp=1779110459.67, migrating=False, epoch=1, total_epochs=3, configured=0 B/s, rate=0 B/s, pending=0 bytes
[migrater] timestamp=1779110460.18, migrating=False, epoch=1, total_epochs=3, configured=0 B/s, rate=0 B/s, pending=0 bytes
[migrater] timestamp=1779110460.68, migrating=False, epoch=1, total_epochs=3, configured=0 B/s, rate=0 B/s, pending=0 bytes
[migrater] timestamp=1779110461.18, migrating=False, epoch=1, total_epochs=3, configured=0 B/s, rate=0 B/s, pending=0 bytes
[migrater] timestamp=1779110461.68, migrating=False, epoch=1, total_epochs=3, configured=0 B/s, rate=0 B/s, pending=0 bytes
[migrater] timestamp=1779110462.18, migrating=False, epoch=1, total_epochs=3, configured=0 B/s, rate=0 B/s, pending=0 bytes
[migrater] timestamp=1779110462.68, migrating=False, epoch=2, total_epochs=3, configured=0 B/s, rate=0 B/s, pending=5368709120 bytes
[migrater] timestamp=1779110463.18, migrating=True, epoch=2, total_epochs=3, configured=0 B/s, rate=0 B/s, pending=5368709120 bytes
[migrater] timestamp=1779110463.19, migrating=True, epoch=2, total_epochs=3, configured=441514806 B/s, rate=383040901 B/s, pending=5175771136 bytes ([3.59%] 192937984/5368709120 bytes copied)
[migrater] timestamp=1779110463.69, migrating=True, epoch=2, total_epochs=3, configured=475313749 B/s, rate=433507535 B/s, pending=4957667328 bytes ([7.66%] 411041792/5368709120 bytes copied)
[migrater] timestamp=1779110464.19, migrating=True, epoch=2, total_epochs=3, configured=493659433 B/s, rate=485035956 B/s, pending=4714397696 bytes ([12.19%] 654311424/5368709120 bytes copied)
[migrater] timestamp=1779110464.69, migrating=True, epoch=2, total_epochs=3, configured=511450828 B/s, rate=483732231 B/s, pending=4471128064 bytes ([16.72%] 897581056/5368709120 bytes copied)
[migrater] timestamp=1779110465.20, migrating=True, epoch=2, total_epochs=3, configured=522421747 B/s, rate=511685888 B/s, pending=4211081216 bytes ([21.56%] 1157627904/5368709120 bytes copied)
[migrater] timestamp=1779110465.71, migrating=True, epoch=2, total_epochs=3, configured=526298213 B/s, rate=533103944 B/s, pending=3942645760 bytes ([26.56%] 1426063360/5368709120 bytes copied)
[migrater] timestamp=1779110466.21, migrating=True, epoch=2, total_epochs=3, configured=533791670 B/s, rate=515913431 B/s, pending=3682598912 bytes ([31.41%] 1686110208/5368709120 bytes copied)
[migrater] timestamp=1779110466.71, migrating=True, epoch=2, total_epochs=3, configured=541642182 B/s, rate=534011353 B/s, pending=3414163456 bytes ([36.41%] 1954545664/5368709120 bytes copied)
[migrater] timestamp=1779110467.21, migrating=True, epoch=2, total_epochs=3, configured=549063269 B/s, rate=552919589 B/s, pending=3137339392 bytes ([41.56%] 2231369728/5368709120 bytes copied)
[migrater] timestamp=1779110467.72, migrating=True, epoch=2, total_epochs=3, configured=556269266 B/s, rate=549564917 B/s, pending=2860515328 bytes ([46.72%] 2508193792/5368709120 bytes copied)
[migrater] timestamp=1779110468.23, migrating=True, epoch=2, total_epochs=3, configured=564479366 B/s, rate=545539954 B/s, pending=2583691264 bytes ([51.88%] 2785017856/5368709120 bytes copied)
[migrater] timestamp=1779110468.73, migrating=True, epoch=2, total_epochs=3, configured=679209033 B/s, rate=584281724 B/s, pending=2290089984 bytes ([57.34%] 3078619136/5368709120 bytes copied)
[migrater] timestamp=1779110469.23, migrating=True, epoch=2, total_epochs=3, configured=681531876 B/s, rate=679431167 B/s, pending=1946157056 bytes ([63.75%] 3422552064/5368709120 bytes copied)
[migrater] timestamp=1779110469.74, migrating=True, epoch=2, total_epochs=3, configured=682793017 B/s, rate=681737970 B/s, pending=1602224128 bytes ([70.16%] 3766484992/5368709120 bytes copied)
[migrater] timestamp=1779110470.24, migrating=True, epoch=2, total_epochs=3, configured=687267307 B/s, rate=683148205 B/s, pending=1258291200 bytes ([76.56%] 4110417920/5368709120 bytes copied)
[migrater] timestamp=1779110470.74, migrating=True, epoch=2, total_epochs=3, configured=692846872 B/s, rate=687732062 B/s, pending=914358272 bytes ([82.97%] 4454350848/5368709120 bytes copied)
[migrater] timestamp=1779110471.25, migrating=True, epoch=2, total_epochs=3, configured=700947924 B/s, rate=693785407 B/s, pending=562036736 bytes ([89.53%] 4806672384/5368709120 bytes copied)
[migrater] timestamp=1779110472.08, migrating=False, epoch=2, total_epochs=3, configured=715534458 B/s, rate=0 B/s, pending=0 bytes ([100.00%] 5368709120/5368709120 bytes copied)
[migrater] timestamp=1779110472.69, migrating=False, epoch=2, total_epochs=3, configured=0 B/s, rate=0 B/s, pending=0 bytes
[migrater] timestamp=1779110473.19, migrating=False, epoch=2, total_epochs=3, configured=0 B/s, rate=0 B/s, pending=0 bytes
[migrater] timestamp=1779110473.69, migrating=False, epoch=2, total_epochs=3, configured=0 B/s, rate=0 B/s, pending=0 bytes
[migrater] timestamp=1779110474.19, migrating=False, epoch=2, total_epochs=3, configured=0 B/s, rate=0 B/s, pending=0 bytes
[migrater] timestamp=1779110474.69, migrating=False, epoch=2, total_epochs=3, configured=0 B/s, rate=0 B/s, pending=0 bytes
[migrater] timestamp=1779110475.19, migrating=False, epoch=2, total_epochs=3, configured=0 B/s, rate=0 B/s, pending=0 bytes
[migrater] timestamp=1779110475.69, migrating=False, epoch=2, total_epochs=3, configured=0 B/s, rate=0 B/s, pending=0 bytes
[migrater] timestamp=1779110476.20, migrating=False, epoch=2, total_epochs=3, configured=0 B/s, rate=0 B/s, pending=0 bytes
[migrater] timestamp=1779110476.70, migrating=False, epoch=2, total_epochs=3, configured=0 B/s, rate=0 B/s, pending=0 bytes
[migrater] timestamp=1779110477.20, migrating=False, epoch=3, total_epochs=3, configured=0 B/s, rate=0 B/s, pending=5368709120 bytes
[migrater] timestamp=1779110477.70, migrating=True, epoch=3, total_epochs=3, configured=0 B/s, rate=0 B/s, pending=5368709120 bytes
[migrater] timestamp=1779110478.21, migrating=True, epoch=3, total_epochs=3, configured=496028907 B/s, rate=500717006 B/s, pending=4815060992 bytes ([10.31%] 553648128/5368709120 bytes copied)
[migrater] timestamp=1779110478.72, migrating=True, epoch=3, total_epochs=3, configured=628742990 B/s, rate=623327524 B/s, pending=4496293888 bytes ([16.25%] 872415232/5368709120 bytes copied)
[migrater] timestamp=1779110479.22, migrating=True, epoch=3, total_epochs=3, configured=635503348 B/s, rate=635193508 B/s, pending=4177526784 bytes ([22.19%] 1191182336/5368709120 bytes copied)
[migrater] timestamp=1779110479.73, migrating=True, epoch=3, total_epochs=3, configured=641793719 B/s, rate=641409949 B/s, pending=3850371072 bytes ([28.28%] 1518338048/5368709120 bytes copied)
[migrater] timestamp=1779110480.24, migrating=True, epoch=3, total_epochs=3, configured=645592794 B/s, rate=645417339 B/s, pending=3523215360 bytes ([34.38%] 1845493760/5368709120 bytes copied)
[migrater] timestamp=1779110480.75, migrating=True, epoch=3, total_epochs=3, configured=648458077 B/s, rate=648437229 B/s, pending=3196059648 bytes ([40.47%] 2172649472/5368709120 bytes copied)
[migrater] timestamp=1779110481.25, migrating=True, epoch=3, total_epochs=3, configured=650786640 B/s, rate=650686650 B/s, pending=2868903936 bytes ([46.56%] 2499805184/5368709120 bytes copied)
[migrater] timestamp=1779110481.75, migrating=True, epoch=3, total_epochs=3, configured=652493495 B/s, rate=652452895 B/s, pending=2541748224 bytes ([52.66%] 2826960896/5368709120 bytes copied)
[migrater] timestamp=1779110482.25, migrating=True, epoch=3, total_epochs=3, configured=653984496 B/s, rate=653714587 B/s, pending=2214592512 bytes ([58.75%] 3154116608/5368709120 bytes copied)
[migrater] timestamp=1779110482.76, migrating=True, epoch=3, total_epochs=3, configured=0 B/s, rate=0 B/s, pending=2214592512 bytes
[migrater] timestamp=1779110482.76, migrating=True, epoch=3, total_epochs=3, configured=655365331 B/s, rate=655371812 B/s, pending=1879048192 bytes ([65.00%] 3489660928/5368709120 bytes copied)
[migrater] timestamp=1779110483.27, migrating=True, epoch=3, total_epochs=3, configured=696591105 B/s, rate=690377356 B/s, pending=1526726656 bytes ([71.56%] 3841982464/5368709120 bytes copied)
[migrater] timestamp=1779110483.78, migrating=True, epoch=3, total_epochs=3, configured=694694050 B/s, rate=696757297 B/s, pending=1174405120 bytes ([78.12%] 4194304000/5368709120 bytes copied)
[migrater] timestamp=1779110484.29, migrating=True, epoch=3, total_epochs=3, configured=707513176 B/s, rate=695172104 B/s, pending=822083584 bytes ([84.69%] 4546625536/5368709120 bytes copied)
[migrater] timestamp=1779110484.79, migrating=True, epoch=3, total_epochs=3, configured=951540544 B/s, rate=719027326 B/s, pending=461373440 bytes ([91.41%] 4907335680/5368709120 bytes copied)
