[migrater] timestamp=1779269537.00, migrating=False, epoch=0, total_epochs=0, configured=0 B/s, rate=0 B/s, pending=0 bytesMigrater running on 50051

[migrater] timestamp=1779269537.15, migrating=False, epoch=0, total_epochs=0, configured=0 B/s, rate=0 B/s, pending=0 bytes
[migrater] timestamp=1779269537.25, migrating=False, epoch=0, total_epochs=0, configured=0 B/s, rate=0 B/s, pending=0 bytes
[migrater] timestamp=1779269537.35, migrating=False, epoch=0, total_epochs=0, configured=0 B/s, rate=0 B/s, pending=0 bytes
[migrater] timestamp=1779269537.45, migrating=False, epoch=0, total_epochs=0, configured=0 B/s, rate=0 B/s, pending=0 bytes
[migrater] timestamp=1779269537.55, migrating=False, epoch=0, total_epochs=0, configured=0 B/s, rate=0 B/s, pending=0 bytes
[migrater] timestamp=1779269537.65, migrating=False, epoch=0, total_epochs=0, configured=0 B/s, rate=0 B/s, pending=0 bytes
[migrater] timestamp=1779269537.75, migrating=False, epoch=0, total_epochs=0, configured=0 B/s, rate=0 B/s, pending=0 bytes
[migrater] timestamp=1779269537.85, migrating=False, epoch=0, total_epochs=0, configured=0 B/s, rate=0 B/s, pending=0 bytes
[migrater] timestamp=1779269537.95, migrating=False, epoch=0, total_epochs=0, configured=0 B/s, rate=0 B/s, pending=0 bytes
[migrater] timestamp=1779269538.05, migrating=False, epoch=0, total_epochs=0, configured=0 B/s, rate=0 B/s, pending=0 bytes
[migrater] timestamp=1779269538.15, migrating=False, epoch=0, total_epochs=0, configured=0 B/s, rate=0 B/s, pending=0 bytes
[migrater] timestamp=1779269538.25, migrating=False, epoch=0, total_epochs=0, configured=0 B/s, rate=0 B/s, pending=0 bytes
[migrater] timestamp=1779269538.35, migrating=False, epoch=0, total_epochs=0, configured=0 B/s, rate=0 B/s, pending=0 bytes
[migrater] timestamp=1779269538.46, migrating=False, epoch=0, total_epochs=0, configured=0 B/s, rate=0 B/s, pending=0 bytes
[migrater] timestamp=1779269538.56, migrating=False, epoch=0, total_epochs=0, configured=0 B/s, rate=0 B/s, pending=0 bytes
[migrater] timestamp=1779269538.66, migrating=False, epoch=0, total_epochs=0, configured=0 B/s, rate=0 B/s, pending=0 bytes
[migrater] timestamp=1779269538.76, migrating=False, epoch=0, total_epochs=0, configured=0 B/s, rate=0 B/s, pending=0 bytes
[migrater] timestamp=1779269538.86, migrating=False, epoch=0, total_epochs=0, configured=0 B/s, rate=0 B/s, pending=0 bytes
[migrater] timestamp=1779269538.96, migrating=False, epoch=0, total_epochs=0, configured=0 B/s, rate=0 B/s, pending=0 bytes
[migrater] timestamp=1779269539.06, migrating=False, epoch=0, total_epochs=0, configured=0 B/s, rate=0 B/s, pending=0 bytes
[migrater] timestamp=1779269539.16, migrating=False, epoch=0, total_epochs=0, configured=0 B/s, rate=0 B/s, pending=0 bytes
[migrater] timestamp=1779269539.26, migrating=False, epoch=0, total_epochs=0, configured=0 B/s, rate=0 B/s, pending=0 bytes
[migrater] timestamp=1779269539.36, migrating=False, epoch=0, total_epochs=0, configured=0 B/s, rate=0 B/s, pending=0 bytes
[migrater] timestamp=1779269539.46, migrating=False, epoch=0, total_epochs=0, configured=0 B/s, rate=0 B/s, pending=0 bytes
[migrater] timestamp=1779269539.56, migrating=False, epoch=0, total_epochs=0, configured=0 B/s, rate=0 B/s, pending=0 bytes
[migrater] timestamp=1779269539.66, migrating=False, epoch=0, total_epochs=0, configured=0 B/s, rate=0 B/s, pending=0 bytes
[migrater] timestamp=1779269539.76, migrating=False, epoch=0, total_epochs=0, configured=0 B/s, rate=0 B/s, pending=0 bytes
[migrater] timestamp=1779269539.86, migrating=False, epoch=0, total_epochs=0, configured=0 B/s, rate=0 B/s, pending=0 bytes
[migrater] timestamp=1779269539.96, migrating=False, epoch=0, total_epochs=0, configured=0 B/s, rate=0 B/s, pending=0 bytes
[migrater] timestamp=1779269540.06, migrating=False, epoch=0, total_epochs=0, configured=0 B/s, rate=0 B/s, pending=0 bytes
[migrater] timestamp=1779269540.16, migrating=False, epoch=0, total_epochs=0, configured=0 B/s, rate=0 B/s, pending=0 bytes
[migrater] timestamp=1779269540.26, migrating=False, epoch=0, total_epochs=0, configured=0 B/s, rate=0 B/s, pending=0 bytes
[migrater] timestamp=1779269540.36, migrating=False, epoch=0, total_epochs=0, configured=0 B/s, rate=0 B/s, pending=0 bytes
[migrater] timestamp=1779269540.46, migrating=False, epoch=0, total_epochs=0, configured=0 B/s, rate=0 B/s, pending=0 bytes
[migrater] timestamp=1779269540.56, migrating=False, epoch=0, total_epochs=0, configured=0 B/s, rate=0 B/s, pending=0 bytes
[migrater] timestamp=1779269540.66, migrating=False, epoch=0, total_epochs=0, configured=0 B/s, rate=0 B/s, pending=0 bytes
[migrater] timestamp=1779269540.77, migrating=False, epoch=0, total_epochs=0, configured=0 B/s, rate=0 B/s, pending=0 bytes
[migrater] timestamp=1779269540.87, migrating=False, epoch=0, total_epochs=0, configured=0 B/s, rate=0 B/s, pending=0 bytes
[migrater] timestamp=1779269540.97, migrating=False, epoch=0, total_epochs=0, configured=0 B/s, rate=0 B/s, pending=0 bytes
[migrater] timestamp=1779269541.07, migrating=False, epoch=0, total_epochs=0, configured=0 B/s, rate=0 B/s, pending=0 bytes
[migrater] timestamp=1779269541.17, migrating=False, epoch=0, total_epochs=0, configured=0 B/s, rate=0 B/s, pending=0 bytes
[migrater] timestamp=1779269541.27, migrating=False, epoch=0, total_epochs=0, configured=0 B/s, rate=0 B/s, pending=0 bytes
[migrater] timestamp=1779269541.37, migrating=False, epoch=0, total_epochs=0, configured=0 B/s, rate=0 B/s, pending=0 bytes
[migrater] timestamp=1779269541.47, migrating=False, epoch=0, total_epochs=0, configured=0 B/s, rate=0 B/s, pending=0 bytes
[migrater] timestamp=1779269541.57, migrating=False, epoch=0, total_epochs=0, configured=0 B/s, rate=0 B/s, pending=0 bytes
[migrater] timestamp=1779269541.67, migrating=False, epoch=0, total_epochs=0, configured=0 B/s, rate=0 B/s, pending=0 bytes
[migrater] timestamp=1779269541.77, migrating=False, epoch=0, total_epochs=0, configured=0 B/s, rate=0 B/s, pending=0 bytes
[migrater] timestamp=1779269541.87, migrating=False, epoch=0, total_epochs=0, configured=0 B/s, rate=0 B/s, pending=0 bytes
[migrater] timestamp=1779269541.97, migrating=False, epoch=0, total_epochs=0, configured=0 B/s, rate=0 B/s, pending=0 bytes
[migrater] timestamp=1779269542.07, migrating=False, epoch=0, total_epochs=0, configured=0 B/s, rate=0 B/s, pending=0 bytes
[migrater] timestamp=1779269542.17, migrating=False, epoch=0, total_epochs=0, configured=0 B/s, rate=0 B/s, pending=0 bytes
[migrater] timestamp=1779269542.27, migrating=False, epoch=0, total_epochs=0, configured=0 B/s, rate=0 B/s, pending=0 bytes
[migrater] timestamp=1779269542.37, migrating=False, epoch=0, total_epochs=0, configured=0 B/s, rate=0 B/s, pending=0 bytes
[migrater] timestamp=1779269542.47, migrating=False, epoch=0, total_epochs=0, configured=0 B/s, rate=0 B/s, pending=0 bytes
[migrater] timestamp=1779269542.57, migrating=False, epoch=0, total_epochs=0, configured=0 B/s, rate=0 B/s, pending=0 bytes
[migrater] timestamp=1779269542.67, migrating=False, epoch=0, total_epochs=0, configured=0 B/s, rate=0 B/s, pending=0 bytes
[migrater] timestamp=1779269542.78, migrating=False, epoch=0, total_epochs=0, configured=0 B/s, rate=0 B/s, pending=0 bytes
[migrater] timestamp=1779269542.88, migrating=False, epoch=0, total_epochs=0, configured=0 B/s, rate=0 B/s, pending=0 bytes
[migrater] timestamp=1779269542.98, migrating=False, epoch=0, total_epochs=0, configured=0 B/s, rate=0 B/s, pending=0 bytes
[migrater] timestamp=1779269543.08, migrating=False, epoch=0, total_epochs=0, configured=0 B/s, rate=0 B/s, pending=0 bytes
[migrater] timestamp=1779269543.18, migrating=False, epoch=0, total_epochs=0, configured=0 B/s, rate=0 B/s, pending=0 bytes
[migrater] timestamp=1779269543.28, migrating=False, epoch=0, total_epochs=0, configured=0 B/s, rate=0 B/s, pending=0 bytes
[migrater] timestamp=1779269543.38, migrating=False, epoch=0, total_epochs=0, configured=0 B/s, rate=0 B/s, pending=0 bytes
[migrater] timestamp=1779269543.48, migrating=False, epoch=0, total_epochs=0, configured=0 B/s, rate=0 B/s, pending=0 bytes
[migrater] timestamp=1779269543.58, migrating=False, epoch=0, total_epochs=0, configured=0 B/s, rate=0 B/s, pending=0 bytes
[migrater] timestamp=1779269543.68, migrating=False, epoch=0, total_epochs=0, configured=0 B/s, rate=0 B/s, pending=0 bytes
[migrater] timestamp=1779269543.78, migrating=False, epoch=0, total_epochs=0, configured=0 B/s, rate=0 B/s, pending=0 bytes
[migrater] timestamp=1779269543.88, migrating=False, epoch=0, total_epochs=0, configured=0 B/s, rate=0 B/s, pending=0 bytes
[migrater] timestamp=1779269543.98, migrating=False, epoch=0, total_epochs=0, configured=0 B/s, rate=0 B/s, pending=0 bytes
[migrater] timestamp=1779269544.08, migrating=False, epoch=0, total_epochs=0, configured=0 B/s, rate=0 B/s, pending=0 bytes
[migrater] timestamp=1779269544.18, migrating=False, epoch=0, total_epochs=0, configured=0 B/s, rate=0 B/s, pending=0 bytes
[migrater] timestamp=1779269544.28, migrating=False, epoch=0, total_epochs=0, configured=0 B/s, rate=0 B/s, pending=0 bytes
[migrater] timestamp=1779269544.38, migrating=False, epoch=0, total_epochs=0, configured=0 B/s, rate=0 B/s, pending=0 bytes
[migrater] timestamp=1779269544.48, migrating=False, epoch=0, total_epochs=0, configured=0 B/s, rate=0 B/s, pending=0 bytes
[migrater] timestamp=1779269544.58, migrating=False, epoch=0, total_epochs=0, configured=0 B/s, rate=0 B/s, pending=0 bytes
[migrater] timestamp=1779269544.69, migrating=False, epoch=0, total_epochs=0, configured=0 B/s, rate=0 B/s, pending=0 bytes
[migrater] timestamp=1779269544.79, migrating=False, epoch=0, total_epochs=0, configured=0 B/s, rate=0 B/s, pending=0 bytes
[migrater] timestamp=1779269544.89, migrating=False, epoch=0, total_epochs=0, configured=0 B/s, rate=0 B/s, pending=0 bytes
[migrater] timestamp=1779269544.99, migrating=False, epoch=0, total_epochs=0, configured=0 B/s, rate=0 B/s, pending=0 bytes
[migrater] timestamp=1779269545.09, migrating=False, epoch=0, total_epochs=0, configured=0 B/s, rate=0 B/s, pending=0 bytes
[migrater] timestamp=1779269545.19, migrating=False, epoch=0, total_epochs=0, configured=0 B/s, rate=0 B/s, pending=0 bytes
[migrater] timestamp=1779269545.29, migrating=False, epoch=0, total_epochs=0, configured=0 B/s, rate=0 B/s, pending=0 bytes
[migrater] timestamp=1779269545.39, migrating=False, epoch=0, total_epochs=0, configured=0 B/s, rate=0 B/s, pending=0 bytes
[migrater] timestamp=1779269545.49, migrating=False, epoch=0, total_epochs=0, configured=0 B/s, rate=0 B/s, pending=0 bytes
[migrater] timestamp=1779269545.59, migrating=False, epoch=0, total_epochs=0, configured=0 B/s, rate=0 B/s, pending=0 bytes
[migrater] timestamp=1779269545.69, migrating=False, epoch=1, total_epochs=3, configured=0 B/s, rate=0 B/s, pending=5368709120 bytes
[migrater] timestamp=1779269545.79, migrating=True, epoch=1, total_epochs=3, configured=0 B/s, rate=0 B/s, pending=5368709120 bytes
[migrater] timestamp=1779269545.81, migrating=True, epoch=1, total_epochs=3, configured=381252589 B/s, rate=295237475 B/s, pending=5335154688 bytes ([0.62%] 33554432/5368709120 bytes copied)
[migrater] timestamp=1779269545.92, migrating=True, epoch=1, total_epochs=3, configured=407906273 B/s, rate=389691101 B/s, pending=5293211648 bytes ([1.41%] 75497472/5368709120 bytes copied)
[migrater] timestamp=1779269546.02, migrating=True, epoch=1, total_epochs=3, configured=425445001 B/s, rate=410532381 B/s, pending=5251268608 bytes ([2.19%] 117440512/5368709120 bytes copied)
[migrater] timestamp=1779269546.13, migrating=True, epoch=1, total_epochs=3, configured=438308538 B/s, rate=469886613 B/s, pending=5200936960 bytes ([3.12%] 167772160/5368709120 bytes copied)
[migrater] timestamp=1779269546.23, migrating=True, epoch=1, total_epochs=3, configured=447766270 B/s, rate=398270182 B/s, pending=5158993920 bytes ([3.91%] 209715200/5368709120 bytes copied)
[migrater] timestamp=1779269546.33, migrating=True, epoch=1, total_epochs=3, configured=455598616 B/s, rate=495272595 B/s, pending=5108662272 bytes ([4.84%] 260046848/5368709120 bytes copied)
[migrater] timestamp=1779269546.43, migrating=True, epoch=1, total_epochs=3, configured=461614771 B/s, rate=412171305 B/s, pending=5066719232 bytes ([5.62%] 301989888/5368709120 bytes copied)
[migrater] timestamp=1779269546.54, migrating=True, epoch=1, total_epochs=3, configured=467006002 B/s, rate=463097581 B/s, pending=5016387584 bytes ([6.56%] 352321536/5368709120 bytes copied)
[migrater] timestamp=1779269546.65, migrating=True, epoch=1, total_epochs=3, configured=471324109 B/s, rate=468994850 B/s, pending=4966055936 bytes ([7.50%] 402653184/5368709120 bytes copied)
[migrater] timestamp=1779269546.76, migrating=True, epoch=1, total_epochs=3, configured=474936194 B/s, rate=473004360 B/s, pending=4915724288 bytes ([8.44%] 452984832/5368709120 bytes copied)
[migrater] timestamp=1779269546.86, migrating=True, epoch=1, total_epochs=3, configured=478079886 B/s, rate=476295922 B/s, pending=4865392640 bytes ([9.38%] 503316480/5368709120 bytes copied)
[migrater] timestamp=1779269546.97, migrating=True, epoch=1, total_epochs=3, configured=480849124 B/s, rate=479801962 B/s, pending=4815060992 bytes ([10.31%] 553648128/5368709120 bytes copied)
[migrater] timestamp=1779269547.07, migrating=True, epoch=1, total_epochs=3, configured=483315262 B/s, rate=482193700 B/s, pending=4764729344 bytes ([11.25%] 603979776/5368709120 bytes copied)
[migrater] timestamp=1779269547.18, migrating=True, epoch=1, total_epochs=3, configured=485534810 B/s, rate=484839919 B/s, pending=4714397696 bytes ([12.19%] 654311424/5368709120 bytes copied)
[migrater] timestamp=1779269547.28, migrating=True, epoch=1, total_epochs=3, configured=487549450 B/s, rate=486668208 B/s, pending=4664066048 bytes ([13.12%] 704643072/5368709120 bytes copied)
[migrater] timestamp=1779269547.38, migrating=True, epoch=1, total_epochs=3, configured=489389814 B/s, rate=488767267 B/s, pending=4613734400 bytes ([14.06%] 754974720/5368709120 bytes copied)
[migrater] timestamp=1779269547.48, migrating=True, epoch=1, total_epochs=3, configured=489505057 B/s, rate=489675754 B/s, pending=4563402752 bytes ([15.00%] 805306368/5368709120 bytes copied)
[migrater] timestamp=1779269547.59, migrating=True, epoch=1, total_epochs=3, configured=490324896 B/s, rate=490011702 B/s, pending=4513071104 bytes ([15.94%] 855638016/5368709120 bytes copied)
[migrater] timestamp=1779269547.69, migrating=True, epoch=1, total_epochs=3, configured=491635802 B/s, rate=491304118 B/s, pending=4462739456 bytes ([16.88%] 905969664/5368709120 bytes copied)
[migrater] timestamp=1779269547.79, migrating=True, epoch=1, total_epochs=3, configured=492978532 B/s, rate=492571265 B/s, pending=4412407808 bytes ([17.81%] 956301312/5368709120 bytes copied)
[migrater] timestamp=1779269547.89, migrating=True, epoch=1, total_epochs=3, configured=494116191 B/s, rate=494116505 B/s, pending=4362076160 bytes ([18.75%] 1006632960/5368709120 bytes copied)
[migrater] timestamp=1779269548.00, migrating=True, epoch=1, total_epochs=3, configured=495310573 B/s, rate=494981662 B/s, pending=4311744512 bytes ([19.69%] 1056964608/5368709120 bytes copied)
[migrater] timestamp=1779269548.10, migrating=True, epoch=1, total_epochs=3, configured=496316085 B/s, rate=496183382 B/s, pending=4261412864 bytes ([20.62%] 1107296256/5368709120 bytes copied)
[migrater] timestamp=1779269548.20, migrating=True, epoch=1, total_epochs=3, configured=497398770 B/s, rate=497151985 B/s, pending=4211081216 bytes ([21.56%] 1157627904/5368709120 bytes copied)
[migrater] timestamp=1779269548.30, migrating=True, epoch=1, total_epochs=3, configured=498303000 B/s, rate=498027665 B/s, pending=4160749568 bytes ([22.50%] 1207959552/5368709120 bytes copied)
[migrater] timestamp=1779269548.40, migrating=True, epoch=1, total_epochs=3, configured=499299415 B/s, rate=499068598 B/s, pending=4110417920 bytes ([23.44%] 1258291200/5368709120 bytes copied)
[migrater] timestamp=1779269548.50, migrating=True, epoch=1, total_epochs=3, configured=500125404 B/s, rate=499930143 B/s, pending=4060086272 bytes ([24.38%] 1308622848/5368709120 bytes copied)
[migrater] timestamp=1779269548.60, migrating=True, epoch=1, total_epochs=3, configured=500917904 B/s, rate=500901030 B/s, pending=4009754624 bytes ([25.31%] 1358954496/5368709120 bytes copied)
[migrater] timestamp=1779269548.70, migrating=True, epoch=1, total_epochs=3, configured=501681098 B/s, rate=501564864 B/s, pending=3959422976 bytes ([26.25%] 1409286144/5368709120 bytes copied)
[migrater] timestamp=1779269548.80, migrating=True, epoch=1, total_epochs=3, configured=502418519 B/s, rate=502083258 B/s, pending=3909091328 bytes ([27.19%] 1459617792/5368709120 bytes copied)
[migrater] timestamp=1779269548.90, migrating=True, epoch=1, total_epochs=3, configured=503133035 B/s, rate=503109702 B/s, pending=3858759680 bytes ([28.12%] 1509949440/5368709120 bytes copied)
[migrater] timestamp=1779269549.01, migrating=True, epoch=1, total_epochs=3, configured=0 B/s, rate=0 B/s, pending=3858759680 bytes
[migrater] timestamp=1779269549.01, migrating=True, epoch=1, total_epochs=3, configured=503827459 B/s, rate=551830071 B/s, pending=3800039424 bytes ([29.22%] 1568669696/5368709120 bytes copied)
[migrater] timestamp=1779269549.12, migrating=True, epoch=1, total_epochs=3, configured=507334524 B/s, rate=459746325 B/s, pending=3749707776 bytes ([30.16%] 1619001344/5368709120 bytes copied)
[migrater] timestamp=1779269549.22, migrating=True, epoch=1, total_epochs=3, configured=508011385 B/s, rate=556116846 B/s, pending=3690987520 bytes ([31.25%] 1677721600/5368709120 bytes copied)
[migrater] timestamp=1779269549.33, migrating=True, epoch=1, total_epochs=3, configured=508265908 B/s, rate=460904850 B/s, pending=3640655872 bytes ([32.19%] 1728053248/5368709120 bytes copied)
[migrater] timestamp=1779269549.44, migrating=True, epoch=1, total_epochs=3, configured=507977546 B/s, rate=557149414 B/s, pending=3581935616 bytes ([33.28%] 1786773504/5368709120 bytes copied)
[migrater] timestamp=1779269549.55, migrating=True, epoch=1, total_epochs=3, configured=508342160 B/s, rate=460952384 B/s, pending=3531603968 bytes ([34.22%] 1837105152/5368709120 bytes copied)
[migrater] timestamp=1779269549.65, migrating=True, epoch=1, total_epochs=3, configured=508963282 B/s, rate=557426556 B/s, pending=3472883712 bytes ([35.31%] 1895825408/5368709120 bytes copied)
[migrater] timestamp=1779269549.76, migrating=True, epoch=1, total_epochs=3, configured=509305982 B/s, rate=461608245 B/s, pending=3422552064 bytes ([36.25%] 1946157056/5368709120 bytes copied)
[migrater] timestamp=1779269549.87, migrating=True, epoch=1, total_epochs=3, configured=509915837 B/s, rate=558875136 B/s, pending=3363831808 bytes ([37.34%] 2004877312/5368709120 bytes copied)
[migrater] timestamp=1779269549.98, migrating=True, epoch=1, total_epochs=3, configured=510241341 B/s, rate=462597543 B/s, pending=3313500160 bytes ([38.28%] 2055208960/5368709120 bytes copied)
[migrater] timestamp=1779269550.08, migrating=True, epoch=1, total_epochs=3, configured=510844419 B/s, rate=559724828 B/s, pending=3254779904 bytes ([39.38%] 2113929216/5368709120 bytes copied)
[migrater] timestamp=1779269550.19, migrating=True, epoch=1, total_epochs=3, configured=511157067 B/s, rate=463438706 B/s, pending=3204448256 bytes ([40.31%] 2164260864/5368709120 bytes copied)
[migrater] timestamp=1779269550.29, migrating=True, epoch=1, total_epochs=3, configured=511758293 B/s, rate=561318540 B/s, pending=3145728000 bytes ([41.41%] 2222981120/5368709120 bytes copied)
[migrater] timestamp=1779269550.40, migrating=True, epoch=1, total_epochs=3, configured=512061946 B/s, rate=463989915 B/s, pending=3095396352 bytes ([42.34%] 2273312768/5368709120 bytes copied)
[migrater] timestamp=1779269550.51, migrating=True, epoch=1, total_epochs=3, configured=512665594 B/s, rate=562240386 B/s, pending=3036676096 bytes ([43.44%] 2332033024/5368709120 bytes copied)
[migrater] timestamp=1779269550.61, migrating=True, epoch=1, total_epochs=3, configured=512963987 B/s, rate=465050037 B/s, pending=2986344448 bytes ([44.38%] 2382364672/5368709120 bytes copied)
[migrater] timestamp=1779269550.72, migrating=True, epoch=1, total_epochs=3, configured=0 B/s, rate=0 B/s, pending=2986344448 bytes
[migrater] timestamp=1779269550.72, migrating=True, epoch=1, total_epochs=3, configured=517452665 B/s, rate=563428373 B/s, pending=2927624192 bytes ([45.47%] 2441084928/5368709120 bytes copied)
[migrater] timestamp=1779269550.83, migrating=True, epoch=1, total_epochs=3, configured=517618908 B/s, rate=468752171 B/s, pending=2877292544 bytes ([46.41%] 2491416576/5368709120 bytes copied)
[migrater] timestamp=1779269550.93, migrating=True, epoch=1, total_epochs=3, configured=518505934 B/s, rate=568089985 B/s, pending=2818572288 bytes ([47.50%] 2550136832/5368709120 bytes copied)
[migrater] timestamp=1779269551.04, migrating=True, epoch=1, total_epochs=3, configured=518672819 B/s, rate=469727778 B/s, pending=2768240640 bytes ([48.44%] 2600468480/5368709120 bytes copied)
[migrater] timestamp=1779269551.14, migrating=True, epoch=1, total_epochs=3, configured=516848495 B/s, rate=569108236 B/s, pending=2709520384 bytes ([49.53%] 2659188736/5368709120 bytes copied)
[migrater] timestamp=1779269551.25, migrating=True, epoch=1, total_epochs=3, configured=517174913 B/s, rate=468430690 B/s, pending=2659188736 bytes ([50.47%] 2709520384/5368709120 bytes copied)
[migrater] timestamp=1779269551.35, migrating=True, epoch=1, total_epochs=3, configured=517853282 B/s, rate=567622002 B/s, pending=2600468480 bytes ([51.56%] 2768240640/5368709120 bytes copied)
[migrater] timestamp=1779269551.46, migrating=True, epoch=1, total_epochs=3, configured=518192254 B/s, rate=469203797 B/s, pending=2550136832 bytes ([52.50%] 2818572288/5368709120 bytes copied)
[migrater] timestamp=1779269551.56, migrating=True, epoch=1, total_epochs=3, configured=517528204 B/s, rate=568558740 B/s, pending=2491416576 bytes ([53.59%] 2877292544/5368709120 bytes copied)
[migrater] timestamp=1779269551.67, migrating=True, epoch=1, total_epochs=3, configured=517851020 B/s, rate=468986329 B/s, pending=2441084928 bytes ([54.53%] 2927624192/5368709120 bytes copied)
[migrater] timestamp=1779269551.77, migrating=True, epoch=1, total_epochs=3, configured=518559132 B/s, rate=568868740 B/s, pending=2382364672 bytes ([55.62%] 2986344448/5368709120 bytes copied)
[migrater] timestamp=1779269551.88, migrating=True, epoch=1, total_epochs=3, configured=518900939 B/s, rate=469681616 B/s, pending=2332033024 bytes ([56.56%] 3036676096/5368709120 bytes copied)
[migrater] timestamp=1779269551.98, migrating=True, epoch=1, total_epochs=3, configured=519646413 B/s, rate=570531592 B/s, pending=2273312768 bytes ([57.66%] 3095396352/5368709120 bytes copied)
[migrater] timestamp=1779269552.09, migrating=True, epoch=1, total_epochs=3, configured=520012641 B/s, rate=470599183 B/s, pending=2222981120 bytes ([58.59%] 3145728000/5368709120 bytes copied)
[migrater] timestamp=1779269552.19, migrating=True, epoch=1, total_epochs=3, configured=520802763 B/s, rate=571477583 B/s, pending=2164260864 bytes ([59.69%] 3204448256/5368709120 bytes copied)
[migrater] timestamp=1779269552.30, migrating=True, epoch=1, total_epochs=3, configured=521199860 B/s, rate=471948410 B/s, pending=2113929216 bytes ([60.62%] 3254779904/5368709120 bytes copied)
[migrater] timestamp=1779269552.40, migrating=True, epoch=1, total_epochs=3, configured=522043143 B/s, rate=573154346 B/s, pending=2055208960 bytes ([61.72%] 3313500160/5368709120 bytes copied)
[migrater] timestamp=1779269552.51, migrating=True, epoch=1, total_epochs=3, configured=522478781 B/s, rate=472891657 B/s, pending=2004877312 bytes ([62.66%] 3363831808/5368709120 bytes copied)
[migrater] timestamp=1779269552.61, migrating=True, epoch=1, total_epochs=3, configured=523385405 B/s, rate=574603943 B/s, pending=1946157056 bytes ([63.75%] 3422552064/5368709120 bytes copied)
[migrater] timestamp=1779269552.72, migrating=True, epoch=1, total_epochs=3, configured=523868928 B/s, rate=474060446 B/s, pending=1895825408 bytes ([64.69%] 3472883712/5368709120 bytes copied)
[migrater] timestamp=1779269552.82, migrating=True, epoch=1, total_epochs=3, configured=524851227 B/s, rate=577094836 B/s, pending=1837105152 bytes ([65.78%] 3531603968/5368709120 bytes copied)
[migrater] timestamp=1779269552.92, migrating=True, epoch=1, total_epochs=3, configured=523457554 B/s, rate=473618413 B/s, pending=1786773504 bytes ([66.72%] 3581935616/5368709120 bytes copied)
[migrater] timestamp=1779269553.03, migrating=True, epoch=1, total_epochs=3, configured=524469098 B/s, rate=576066424 B/s, pending=1728053248 bytes ([67.81%] 3640655872/5368709120 bytes copied)
[migrater] timestamp=1779269553.13, migrating=True, epoch=1, total_epochs=3, configured=0 B/s, rate=0 B/s, pending=1728053248 bytes
[migrater] timestamp=1779269553.13, migrating=True, epoch=1, total_epochs=3, configured=531364470 B/s, rate=474904546 B/s, pending=1677721600 bytes ([68.75%] 3690987520/5368709120 bytes copied)
[migrater] timestamp=1779269553.23, migrating=True, epoch=1, total_epochs=3, configured=533054697 B/s, rate=584293707 B/s, pending=1619001344 bytes ([69.84%] 3749707776/5368709120 bytes copied)
[migrater] timestamp=1779269553.34, migrating=True, epoch=1, total_epochs=3, configured=533567515 B/s, rate=481639158 B/s, pending=1568669696 bytes ([70.78%] 3800039424/5368709120 bytes copied)
[migrater] timestamp=1779269553.45, migrating=True, epoch=1, total_epochs=3, configured=532705351 B/s, rate=533425871 B/s, pending=1509949440 bytes ([71.88%] 3858759680/5368709120 bytes copied)
[migrater] timestamp=1779269553.55, migrating=True, epoch=1, total_epochs=3, configured=533629151 B/s, rate=586819484 B/s, pending=1451229184 bytes ([72.97%] 3917479936/5368709120 bytes copied)
[migrater] timestamp=1779269553.65, migrating=True, epoch=1, total_epochs=3, configured=534053478 B/s, rate=481875529 B/s, pending=1400897536 bytes ([73.91%] 3967811584/5368709120 bytes copied)
[migrater] timestamp=1779269553.76, migrating=True, epoch=1, total_epochs=3, configured=535860903 B/s, rate=534201249 B/s, pending=1342177280 bytes ([75.00%] 4026531840/5368709120 bytes copied)
[migrater] timestamp=1779269553.87, migrating=True, epoch=1, total_epochs=3, configured=535938574 B/s, rate=536021711 B/s, pending=1283457024 bytes ([76.09%] 4085252096/5368709120 bytes copied)
[migrater] timestamp=1779269553.98, migrating=True, epoch=1, total_epochs=3, configured=533797066 B/s, rate=535223817 B/s, pending=1224736768 bytes ([77.19%] 4143972352/5368709120 bytes copied)
[migrater] timestamp=1779269554.09, migrating=True, epoch=1, total_epochs=3, configured=534271334 B/s, rate=533954726 B/s, pending=1166016512 bytes ([78.28%] 4202692608/5368709120 bytes copied)
[migrater] timestamp=1779269554.20, migrating=True, epoch=1, total_epochs=3, configured=534962407 B/s, rate=534473636 B/s, pending=1107296256 bytes ([79.38%] 4261412864/5368709120 bytes copied)
[migrater] timestamp=1779269554.31, migrating=True, epoch=1, total_epochs=3, configured=535526852 B/s, rate=535531098 B/s, pending=1048576000 bytes ([80.47%] 4320133120/5368709120 bytes copied)
[migrater] timestamp=1779269554.42, migrating=True, epoch=1, total_epochs=3, configured=536346273 B/s, rate=535920151 B/s, pending=989855744 bytes ([81.56%] 4378853376/5368709120 bytes copied)
[migrater] timestamp=1779269554.53, migrating=True, epoch=1, total_epochs=3, configured=537034911 B/s, rate=537088650 B/s, pending=931135488 bytes ([82.66%] 4437573632/5368709120 bytes copied)
[migrater] timestamp=1779269554.63, migrating=True, epoch=1, total_epochs=3, configured=0 B/s, rate=0 B/s, pending=931135488 bytes
[migrater] timestamp=1779269554.64, migrating=True, epoch=1, total_epochs=3, configured=551383534 B/s, rate=537820732 B/s, pending=872415232 bytes ([83.75%] 4496293888/5368709120 bytes copied)
[migrater] timestamp=1779269554.74, migrating=True, epoch=1, total_epochs=3, configured=553499160 B/s, rate=551010411 B/s, pending=813694976 bytes ([84.84%] 4555014144/5368709120 bytes copied)
[migrater] timestamp=1779269554.85, migrating=True, epoch=1, total_epochs=3, configured=556744094 B/s, rate=553300500 B/s, pending=754974720 bytes ([85.94%] 4613734400/5368709120 bytes copied)
[migrater] timestamp=1779269554.96, migrating=True, epoch=1, total_epochs=3, configured=559638599 B/s, rate=557262723 B/s, pending=696254464 bytes ([87.03%] 4672454656/5368709120 bytes copied)
[migrater] timestamp=1779269555.06, migrating=True, epoch=1, total_epochs=3, configured=557254008 B/s, rate=559033531 B/s, pending=637534208 bytes ([88.12%] 4731174912/5368709120 bytes copied)
[migrater] timestamp=1779269555.17, migrating=True, epoch=1, total_epochs=3, configured=561771367 B/s, rate=558200579 B/s, pending=578813952 bytes ([89.22%] 4789895168/5368709120 bytes copied)
[migrater] timestamp=1779269555.27, migrating=True, epoch=1, total_epochs=3, configured=564916676 B/s, rate=562440073 B/s, pending=520093696 bytes ([90.31%] 4848615424/5368709120 bytes copied)
[migrater] timestamp=1779269555.37, migrating=True, epoch=1, total_epochs=3, configured=571481624 B/s, rate=566625564 B/s, pending=461373440 bytes ([91.41%] 4907335680/5368709120 bytes copied)
[migrater] timestamp=1779269555.48, migrating=True, epoch=1, total_epochs=3, configured=576813863 B/s, rate=572725463 B/s, pending=402653184 bytes ([92.50%] 4966055936/5368709120 bytes copied)
[migrater] timestamp=1779269555.58, migrating=True, epoch=1, total_epochs=3, configured=585648134 B/s, rate=578990832 B/s, pending=343932928 bytes ([93.59%] 5024776192/5368709120 bytes copied)
[migrater] timestamp=1779269555.68, migrating=True, epoch=1, total_epochs=3, configured=584854592 B/s, rate=585433731 B/s, pending=285212672 bytes ([94.69%] 5083496448/5368709120 bytes copied)
[migrater] timestamp=1779269555.78, migrating=True, epoch=1, total_epochs=3, configured=571667126 B/s, rate=581467189 B/s, pending=226492416 bytes ([95.78%] 5142216704/5368709120 bytes copied)
[migrater] timestamp=1779269555.88, migrating=True, epoch=1, total_epochs=3, configured=567366863 B/s, rate=570348610 B/s, pending=167772160 bytes ([96.88%] 5200936960/5368709120 bytes copied)
[migrater] timestamp=1779269555.99, migrating=True, epoch=1, total_epochs=3, configured=544084835 B/s, rate=560411206 B/s, pending=109051904 bytes ([97.97%] 5259657216/5368709120 bytes copied)
[migrater] timestamp=1779269556.09, migrating=True, epoch=1, total_epochs=3, configured=869625468 B/s, rate=746011003 B/s, pending=33554432 bytes ([99.38%] 5335154688/5368709120 bytes copied)
[migrater] timestamp=1779269556.16, migrating=False, epoch=1, total_epochs=3, configured=735649243 B/s, rate=0 B/s, pending=0 bytes ([100.00%] 5368709120/5368709120 bytes copied)
[migrater] timestamp=1779269556.34, migrating=False, epoch=1, total_epochs=3, configured=0 B/s, rate=0 B/s, pending=0 bytes
[migrater] timestamp=1779269556.44, migrating=False, epoch=1, total_epochs=3, configured=0 B/s, rate=0 B/s, pending=0 bytes
[migrater] timestamp=1779269556.54, migrating=False, epoch=1, total_epochs=3, configured=0 B/s, rate=0 B/s, pending=0 bytes
[migrater] timestamp=1779269556.64, migrating=False, epoch=1, total_epochs=3, configured=0 B/s, rate=0 B/s, pending=0 bytes
[migrater] timestamp=1779269556.74, migrating=False, epoch=1, total_epochs=3, configured=0 B/s, rate=0 B/s, pending=0 bytes
[migrater] timestamp=1779269556.84, migrating=False, epoch=1, total_epochs=3, configured=0 B/s, rate=0 B/s, pending=0 bytes
[migrater] timestamp=1779269556.94, migrating=False, epoch=1, total_epochs=3, configured=0 B/s, rate=0 B/s, pending=0 bytes
[migrater] timestamp=1779269557.04, migrating=False, epoch=1, total_epochs=3, configured=0 B/s, rate=0 B/s, pending=0 bytes
[migrater] timestamp=1779269557.14, migrating=False, epoch=1, total_epochs=3, configured=0 B/s, rate=0 B/s, pending=0 bytes
[migrater] timestamp=1779269557.25, migrating=False, epoch=1, total_epochs=3, configured=0 B/s, rate=0 B/s, pending=0 bytes
[migrater] timestamp=1779269557.35, migrating=False, epoch=1, total_epochs=3, configured=0 B/s, rate=0 B/s, pending=0 bytes
[migrater] timestamp=1779269557.45, migrating=False, epoch=1, total_epochs=3, configured=0 B/s, rate=0 B/s, pending=0 bytes
[migrater] timestamp=1779269557.55, migrating=False, epoch=1, total_epochs=3, configured=0 B/s, rate=0 B/s, pending=0 bytes
[migrater] timestamp=1779269557.65, migrating=False, epoch=1, total_epochs=3, configured=0 B/s, rate=0 B/s, pending=0 bytes
[migrater] timestamp=1779269557.75, migrating=False, epoch=1, total_epochs=3, configured=0 B/s, rate=0 B/s, pending=0 bytes
[migrater] timestamp=1779269557.85, migrating=False, epoch=1, total_epochs=3, configured=0 B/s, rate=0 B/s, pending=0 bytes
[migrater] timestamp=1779269557.95, migrating=False, epoch=1, total_epochs=3, configured=0 B/s, rate=0 B/s, pending=0 bytes
[migrater] timestamp=1779269558.05, migrating=False, epoch=1, total_epochs=3, configured=0 B/s, rate=0 B/s, pending=0 bytes
[migrater] timestamp=1779269558.15, migrating=False, epoch=1, total_epochs=3, configured=0 B/s, rate=0 B/s, pending=0 bytes
[migrater] timestamp=1779269558.25, migrating=False, epoch=1, total_epochs=3, configured=0 B/s, rate=0 B/s, pending=0 bytes
[migrater] timestamp=1779269558.35, migrating=False, epoch=1, total_epochs=3, configured=0 B/s, rate=0 B/s, pending=0 bytes
[migrater] timestamp=1779269558.45, migrating=False, epoch=1, total_epochs=3, configured=0 B/s, rate=0 B/s, pending=0 bytes
[migrater] timestamp=1779269558.55, migrating=False, epoch=1, total_epochs=3, configured=0 B/s, rate=0 B/s, pending=0 bytes
[migrater] timestamp=1779269558.65, migrating=False, epoch=1, total_epochs=3, configured=0 B/s, rate=0 B/s, pending=0 bytes
[migrater] timestamp=1779269558.75, migrating=False, epoch=1, total_epochs=3, configured=0 B/s, rate=0 B/s, pending=0 bytes
[migrater] timestamp=1779269558.85, migrating=False, epoch=1, total_epochs=3, configured=0 B/s, rate=0 B/s, pending=0 bytes
[migrater] timestamp=1779269558.95, migrating=False, epoch=1, total_epochs=3, configured=0 B/s, rate=0 B/s, pending=0 bytes
[migrater] timestamp=1779269559.05, migrating=False, epoch=1, total_epochs=3, configured=0 B/s, rate=0 B/s, pending=0 bytes
[migrater] timestamp=1779269559.15, migrating=False, epoch=1, total_epochs=3, configured=0 B/s, rate=0 B/s, pending=0 bytes
[migrater] timestamp=1779269559.25, migrating=False, epoch=1, total_epochs=3, configured=0 B/s, rate=0 B/s, pending=0 bytes
[migrater] timestamp=1779269559.35, migrating=False, epoch=1, total_epochs=3, configured=0 B/s, rate=0 B/s, pending=0 bytes
[migrater] timestamp=1779269559.45, migrating=False, epoch=1, total_epochs=3, configured=0 B/s, rate=0 B/s, pending=0 bytes
[migrater] timestamp=1779269559.55, migrating=False, epoch=1, total_epochs=3, configured=0 B/s, rate=0 B/s, pending=0 bytes
[migrater] timestamp=1779269559.66, migrating=False, epoch=1, total_epochs=3, configured=0 B/s, rate=0 B/s, pending=0 bytes
[migrater] timestamp=1779269559.76, migrating=False, epoch=1, total_epochs=3, configured=0 B/s, rate=0 B/s, pending=0 bytes
[migrater] timestamp=1779269559.86, migrating=False, epoch=1, total_epochs=3, configured=0 B/s, rate=0 B/s, pending=0 bytes
[migrater] timestamp=1779269559.96, migrating=False, epoch=1, total_epochs=3, configured=0 B/s, rate=0 B/s, pending=0 bytes
[migrater] timestamp=1779269560.06, migrating=False, epoch=1, total_epochs=3, configured=0 B/s, rate=0 B/s, pending=0 bytes
[migrater] timestamp=1779269560.16, migrating=False, epoch=1, total_epochs=3, configured=0 B/s, rate=0 B/s, pending=0 bytes
[migrater] timestamp=1779269560.26, migrating=False, epoch=1, total_epochs=3, configured=0 B/s, rate=0 B/s, pending=0 bytes
[migrater] timestamp=1779269560.36, migrating=False, epoch=1, total_epochs=3, configured=0 B/s, rate=0 B/s, pending=0 bytes
[migrater] timestamp=1779269560.46, migrating=False, epoch=1, total_epochs=3, configured=0 B/s, rate=0 B/s, pending=0 bytes
[migrater] timestamp=1779269560.56, migrating=False, epoch=1, total_epochs=3, configured=0 B/s, rate=0 B/s, pending=0 bytes
[migrater] timestamp=1779269560.66, migrating=False, epoch=1, total_epochs=3, configured=0 B/s, rate=0 B/s, pending=0 bytes
[migrater] timestamp=1779269560.76, migrating=False, epoch=1, total_epochs=3, configured=0 B/s, rate=0 B/s, pending=0 bytes
[migrater] timestamp=1779269560.86, migrating=False, epoch=1, total_epochs=3, configured=0 B/s, rate=0 B/s, pending=0 bytes
[migrater] timestamp=1779269560.96, migrating=False, epoch=1, total_epochs=3, configured=0 B/s, rate=0 B/s, pending=0 bytes
[migrater] timestamp=1779269561.06, migrating=False, epoch=1, total_epochs=3, configured=0 B/s, rate=0 B/s, pending=0 bytes
[migrater] timestamp=1779269561.16, migrating=False, epoch=1, total_epochs=3, configured=0 B/s, rate=0 B/s, pending=0 bytes
[migrater] timestamp=1779269561.26, migrating=False, epoch=1, total_epochs=3, configured=0 B/s, rate=0 B/s, pending=0 bytes
[migrater] timestamp=1779269561.36, migrating=False, epoch=1, total_epochs=3, configured=0 B/s, rate=0 B/s, pending=0 bytes
[migrater] timestamp=1779269561.46, migrating=False, epoch=1, total_epochs=3, configured=0 B/s, rate=0 B/s, pending=0 bytes
[migrater] timestamp=1779269561.56, migrating=False, epoch=1, total_epochs=3, configured=0 B/s, rate=0 B/s, pending=0 bytes
[migrater] timestamp=1779269561.66, migrating=False, epoch=1, total_epochs=3, configured=0 B/s, rate=0 B/s, pending=0 bytes
[migrater] timestamp=1779269561.76, migrating=False, epoch=1, total_epochs=3, configured=0 B/s, rate=0 B/s, pending=0 bytes
[migrater] timestamp=1779269561.86, migrating=False, epoch=1, total_epochs=3, configured=0 B/s, rate=0 B/s, pending=0 bytes
[migrater] timestamp=1779269561.97, migrating=False, epoch=1, total_epochs=3, configured=0 B/s, rate=0 B/s, pending=0 bytes
[migrater] timestamp=1779269562.07, migrating=False, epoch=1, total_epochs=3, configured=0 B/s, rate=0 B/s, pending=0 bytes
[migrater] timestamp=1779269562.17, migrating=False, epoch=1, total_epochs=3, configured=0 B/s, rate=0 B/s, pending=0 bytes
[migrater] timestamp=1779269562.27, migrating=False, epoch=2, total_epochs=3, configured=0 B/s, rate=0 B/s, pending=5368709120 bytes
[migrater] timestamp=1779269562.37, migrating=True, epoch=2, total_epochs=3, configured=0 B/s, rate=0 B/s, pending=5368709120 bytes
[migrater] timestamp=1779269562.38, migrating=True, epoch=2, total_epochs=3, configured=421942575 B/s, rate=399011330 B/s, pending=5326766080 bytes ([0.78%] 41943040/5368709120 bytes copied)
[migrater] timestamp=1779269562.49, migrating=True, epoch=2, total_epochs=3, configured=443314747 B/s, rate=465979405 B/s, pending=5276434432 bytes ([1.72%] 92274688/5368709120 bytes copied)
[migrater] timestamp=1779269562.59, migrating=True, epoch=2, total_epochs=3, configured=457397174 B/s, rate=402033856 B/s, pending=5234491392 bytes ([2.50%] 134217728/5368709120 bytes copied)
[migrater] timestamp=1779269562.70, migrating=True, epoch=2, total_epochs=3, configured=467905802 B/s, rate=458897099 B/s, pending=5184159744 bytes ([3.44%] 184549376/5368709120 bytes copied)
[migrater] timestamp=1779269562.81, migrating=True, epoch=2, total_epochs=3, configured=474005008 B/s, rate=469211377 B/s, pending=5133828096 bytes ([4.38%] 234881024/5368709120 bytes copied)
[migrater] timestamp=1779269562.91, migrating=True, epoch=2, total_epochs=3, configured=478409754 B/s, rate=475137648 B/s, pending=5083496448 bytes ([5.31%] 285212672/5368709120 bytes copied)
[migrater] timestamp=1779269563.02, migrating=True, epoch=2, total_epochs=3, configured=481896992 B/s, rate=479584729 B/s, pending=5033164800 bytes ([6.25%] 335544320/5368709120 bytes copied)
[migrater] timestamp=1779269563.12, migrating=True, epoch=2, total_epochs=3, configured=484833204 B/s, rate=482761301 B/s, pending=4982833152 bytes ([7.19%] 385875968/5368709120 bytes copied)
[migrater] timestamp=1779269563.23, migrating=True, epoch=2, total_epochs=3, configured=487178170 B/s, rate=485790269 B/s, pending=4932501504 bytes ([8.12%] 436207616/5368709120 bytes copied)
[migrater] timestamp=1779269563.33, migrating=True, epoch=2, total_epochs=3, configured=489051025 B/s, rate=487968069 B/s, pending=4882169856 bytes ([9.06%] 486539264/5368709120 bytes copied)
[migrater] timestamp=1779269563.43, migrating=True, epoch=2, total_epochs=3, configured=490765366 B/s, rate=489702210 B/s, pending=4831838208 bytes ([10.00%] 536870912/5368709120 bytes copied)
[migrater] timestamp=1779269563.53, migrating=True, epoch=2, total_epochs=3, configured=492149734 B/s, rate=491619764 B/s, pending=4781506560 bytes ([10.94%] 587202560/5368709120 bytes copied)
[migrater] timestamp=1779269563.64, migrating=True, epoch=2, total_epochs=3, configured=493479236 B/s, rate=492746906 B/s, pending=4731174912 bytes ([11.88%] 637534208/5368709120 bytes copied)
[migrater] timestamp=1779269563.74, migrating=True, epoch=2, total_epochs=3, configured=493139775 B/s, rate=493339576 B/s, pending=4680843264 bytes ([12.81%] 687865856/5368709120 bytes copied)
[migrater] timestamp=1779269563.84, migrating=True, epoch=2, total_epochs=3, configured=494087706 B/s, rate=493443514 B/s, pending=4630511616 bytes ([13.75%] 738197504/5368709120 bytes copied)
[migrater] timestamp=1779269563.94, migrating=True, epoch=2, total_epochs=3, configured=495059496 B/s, rate=494560387 B/s, pending=4580179968 bytes ([14.69%] 788529152/5368709120 bytes copied)
[migrater] timestamp=1779269564.04, migrating=True, epoch=2, total_epochs=3, configured=495834203 B/s, rate=495591844 B/s, pending=4529848320 bytes ([15.62%] 838860800/5368709120 bytes copied)
[migrater] timestamp=1779269564.15, migrating=True, epoch=2, total_epochs=3, configured=496663848 B/s, rate=496388740 B/s, pending=4479516672 bytes ([16.56%] 889192448/5368709120 bytes copied)
[migrater] timestamp=1779269564.25, migrating=True, epoch=2, total_epochs=3, configured=497315892 B/s, rate=497120769 B/s, pending=4429185024 bytes ([17.50%] 939524096/5368709120 bytes copied)
[migrater] timestamp=1779269564.35, migrating=True, epoch=2, total_epochs=3, configured=497919173 B/s, rate=497615656 B/s, pending=4378853376 bytes ([18.44%] 989855744/5368709120 bytes copied)
[migrater] timestamp=1779269564.45, migrating=True, epoch=2, total_epochs=3, configured=498480427 B/s, rate=498167229 B/s, pending=4328521728 bytes ([19.38%] 1040187392/5368709120 bytes copied)
[migrater] timestamp=1779269564.55, migrating=True, epoch=2, total_epochs=3, configured=499005431 B/s, rate=498934404 B/s, pending=4278190080 bytes ([20.31%] 1090519040/5368709120 bytes copied)
[migrater] timestamp=1779269564.65, migrating=True, epoch=2, total_epochs=3, configured=499498536 B/s, rate=499242175 B/s, pending=4227858432 bytes ([21.25%] 1140850688/5368709120 bytes copied)
[migrater] timestamp=1779269564.75, migrating=True, epoch=2, total_epochs=3, configured=499964128 B/s, rate=499828338 B/s, pending=4177526784 bytes ([22.19%] 1191182336/5368709120 bytes copied)
[migrater] timestamp=1779269564.85, migrating=True, epoch=2, total_epochs=3, configured=500405572 B/s, rate=500091256 B/s, pending=4127195136 bytes ([23.12%] 1241513984/5368709120 bytes copied)
[migrater] timestamp=1779269564.95, migrating=True, epoch=2, total_epochs=3, configured=500826080 B/s, rate=500730174 B/s, pending=4076863488 bytes ([24.06%] 1291845632/5368709120 bytes copied)
[migrater] timestamp=1779269565.05, migrating=True, epoch=2, total_epochs=3, configured=501227734 B/s, rate=501281942 B/s, pending=4026531840 bytes ([25.00%] 1342177280/5368709120 bytes copied)
[migrater] timestamp=1779269565.15, migrating=True, epoch=2, total_epochs=3, configured=501612993 B/s, rate=501566330 B/s, pending=3976200192 bytes ([25.94%] 1392508928/5368709120 bytes copied)
[migrater] timestamp=1779269565.25, migrating=True, epoch=2, total_epochs=3, configured=501983949 B/s, rate=501785803 B/s, pending=3925868544 bytes ([26.88%] 1442840576/5368709120 bytes copied)
[migrater] timestamp=1779269565.35, migrating=True, epoch=2, total_epochs=3, configured=502500515 B/s, rate=502251571 B/s, pending=3875536896 bytes ([27.81%] 1493172224/5368709120 bytes copied)
[migrater] timestamp=1779269565.45, migrating=True, epoch=2, total_epochs=3, configured=502849587 B/s, rate=502716709 B/s, pending=3825205248 bytes ([28.75%] 1543503872/5368709120 bytes copied)
[migrater] timestamp=1779269565.55, migrating=True, epoch=2, total_epochs=3, configured=503351837 B/s, rate=503202877 B/s, pending=3774873600 bytes ([29.69%] 1593835520/5368709120 bytes copied)
[migrater] timestamp=1779269565.66, migrating=True, epoch=2, total_epochs=3, configured=503685084 B/s, rate=551337250 B/s, pending=3716153344 bytes ([30.78%] 1652555776/5368709120 bytes copied)
[migrater] timestamp=1779269565.77, migrating=True, epoch=2, total_epochs=3, configured=503738955 B/s, rate=457231454 B/s, pending=3665821696 bytes ([31.72%] 1702887424/5368709120 bytes copied)
[migrater] timestamp=1779269565.88, migrating=True, epoch=2, total_epochs=3, configured=504055565 B/s, rate=552181763 B/s, pending=3607101440 bytes ([32.81%] 1761607680/5368709120 bytes copied)
[migrater] timestamp=1779269565.98, migrating=True, epoch=2, total_epochs=3, configured=502897141 B/s, rate=502967542 B/s, pending=3556769792 bytes ([33.75%] 1811939328/5368709120 bytes copied)
[migrater] timestamp=1779269566.08, migrating=True, epoch=2, total_epochs=3, configured=503354715 B/s, rate=503189394 B/s, pending=3506438144 bytes ([34.69%] 1862270976/5368709120 bytes copied)
[migrater] timestamp=1779269566.18, migrating=True, epoch=2, total_epochs=3, configured=0 B/s, rate=0 B/s, pending=3506438144 bytes
[migrater] timestamp=1779269566.19, migrating=True, epoch=2, total_epochs=3, configured=503639634 B/s, rate=457386397 B/s, pending=3456106496 bytes ([35.62%] 1912602624/5368709120 bytes copied)
[migrater] timestamp=1779269566.29, migrating=True, epoch=2, total_epochs=3, configured=507220667 B/s, rate=554997252 B/s, pending=3397386240 bytes ([36.72%] 1971322880/5368709120 bytes copied)
[migrater] timestamp=1779269566.40, migrating=True, epoch=2, total_epochs=3, configured=507246878 B/s, rate=460177529 B/s, pending=3347054592 bytes ([37.66%] 2021654528/5368709120 bytes copied)
[migrater] timestamp=1779269566.51, migrating=True, epoch=2, total_epochs=3, configured=507563104 B/s, rate=555985019 B/s, pending=3288334336 bytes ([38.75%] 2080374784/5368709120 bytes copied)
[migrater] timestamp=1779269566.62, migrating=True, epoch=2, total_epochs=3, configured=507576497 B/s, rate=460602447 B/s, pending=3238002688 bytes ([39.69%] 2130706432/5368709120 bytes copied)
[migrater] timestamp=1779269566.72, migrating=True, epoch=2, total_epochs=3, configured=507890173 B/s, rate=556278024 B/s, pending=3179282432 bytes ([40.78%] 2189426688/5368709120 bytes copied)
[migrater] timestamp=1779269566.83, migrating=True, epoch=2, total_epochs=3, configured=506848258 B/s, rate=460591358 B/s, pending=3128950784 bytes ([41.72%] 2239758336/5368709120 bytes copied)
[migrater] timestamp=1779269566.94, migrating=True, epoch=2, total_epochs=3, configured=507144172 B/s, rate=555553105 B/s, pending=3070230528 bytes ([42.81%] 2298478592/5368709120 bytes copied)
[migrater] timestamp=1779269567.05, migrating=True, epoch=2, total_epochs=3, configured=507116496 B/s, rate=460203410 B/s, pending=3019898880 bytes ([43.75%] 2348810240/5368709120 bytes copied)
[migrater] timestamp=1779269567.15, migrating=True, epoch=2, total_epochs=3, configured=507412286 B/s, rate=555748853 B/s, pending=2961178624 bytes ([44.84%] 2407530496/5368709120 bytes copied)
[migrater] timestamp=1779269567.26, migrating=True, epoch=2, total_epochs=3, configured=507373953 B/s, rate=460396378 B/s, pending=2910846976 bytes ([45.78%] 2457862144/5368709120 bytes copied)
[migrater] timestamp=1779269567.37, migrating=True, epoch=2, total_epochs=3, configured=507671332 B/s, rate=556286719 B/s, pending=2852126720 bytes ([46.88%] 2516582400/5368709120 bytes copied)
[migrater] timestamp=1779269567.48, migrating=True, epoch=2, total_epochs=3, configured=507623085 B/s, rate=460680356 B/s, pending=2801795072 bytes ([47.81%] 2566914048/5368709120 bytes copied)
[migrater] timestamp=1779269567.58, migrating=True, epoch=2, total_epochs=3, configured=506606802 B/s, rate=555259020 B/s, pending=2743074816 bytes ([48.91%] 2625634304/5368709120 bytes copied)
[migrater] timestamp=1779269567.69, migrating=True, epoch=2, total_epochs=3, configured=506303645 B/s, rate=459525854 B/s, pending=2692743168 bytes ([49.84%] 2675965952/5368709120 bytes copied)
[migrater] timestamp=1779269567.79, migrating=True, epoch=2, total_epochs=3, configured=0 B/s, rate=0 B/s, pending=2692743168 bytes
[migrater] timestamp=1779269567.80, migrating=True, epoch=2, total_epochs=3, configured=510712818 B/s, rate=555417894 B/s, pending=2634022912 bytes ([50.94%] 2734686208/5368709120 bytes copied)
[migrater] timestamp=1779269567.91, migrating=True, epoch=2, total_epochs=3, configured=510697068 B/s, rate=462880179 B/s, pending=2583691264 bytes ([51.88%] 2785017856/5368709120 bytes copied)
[migrater] timestamp=1779269568.01, migrating=True, epoch=2, total_epochs=3, configured=511057379 B/s, rate=560056317 B/s, pending=2524971008 bytes ([52.97%] 2843738112/5368709120 bytes copied)
[migrater] timestamp=1779269568.12, migrating=True, epoch=2, total_epochs=3, configured=511038195 B/s, rate=463564554 B/s, pending=2474639360 bytes ([53.91%] 2894069760/5368709120 bytes copied)
[migrater] timestamp=1779269568.22, migrating=True, epoch=2, total_epochs=3, configured=511186384 B/s, rate=560552145 B/s, pending=2415919104 bytes ([55.00%] 2952790016/5368709120 bytes copied)
[migrater] timestamp=1779269568.33, migrating=True, epoch=2, total_epochs=3, configured=511159429 B/s, rate=463550081 B/s, pending=2365587456 bytes ([55.94%] 3003121664/5368709120 bytes copied)
[migrater] timestamp=1779269568.44, migrating=True, epoch=2, total_epochs=3, configured=511542782 B/s, rate=560769966 B/s, pending=2306867200 bytes ([57.03%] 3061841920/5368709120 bytes copied)
[migrater] timestamp=1779269568.55, migrating=True, epoch=2, total_epochs=3, configured=511513925 B/s, rate=463838820 B/s, pending=2256535552 bytes ([57.97%] 3112173568/5368709120 bytes copied)
[migrater] timestamp=1779269568.65, migrating=True, epoch=2, total_epochs=3, configured=510438413 B/s, rate=560143346 B/s, pending=2197815296 bytes ([59.06%] 3170893824/5368709120 bytes copied)
[migrater] timestamp=1779269568.76, migrating=True, epoch=2, total_epochs=3, configured=510370466 B/s, rate=462808078 B/s, pending=2147483648 bytes ([60.00%] 3221225472/5368709120 bytes copied)
[migrater] timestamp=1779269568.86, migrating=True, epoch=2, total_epochs=3, configured=510754819 B/s, rate=560239007 B/s, pending=2088763392 bytes ([61.09%] 3279945728/5368709120 bytes copied)
[migrater] timestamp=1779269568.97, migrating=True, epoch=2, total_epochs=3, configured=510683321 B/s, rate=463135011 B/s, pending=2038431744 bytes ([62.03%] 3330277376/5368709120 bytes copied)
[migrater] timestamp=1779269569.08, migrating=True, epoch=2, total_epochs=3, configured=511087665 B/s, rate=560115728 B/s, pending=1979711488 bytes ([63.12%] 3388997632/5368709120 bytes copied)
[migrater] timestamp=1779269569.19, migrating=True, epoch=2, total_epochs=3, configured=511013459 B/s, rate=463398486 B/s, pending=1929379840 bytes ([64.06%] 3439329280/5368709120 bytes copied)
[migrater] timestamp=1779269569.29, migrating=True, epoch=2, total_epochs=3, configured=511441273 B/s, rate=560846981 B/s, pending=1870659584 bytes ([65.16%] 3498049536/5368709120 bytes copied)
[migrater] timestamp=1779269569.40, migrating=True, epoch=2, total_epochs=3, configured=511365425 B/s, rate=463699301 B/s, pending=1820327936 bytes ([66.09%] 3548381184/5368709120 bytes copied)
[migrater] timestamp=1779269569.50, migrating=True, epoch=2, total_epochs=3, configured=0 B/s, rate=0 B/s, pending=1820327936 bytes
[migrater] timestamp=1779269569.50, migrating=True, epoch=2, total_epochs=3, configured=515541869 B/s, rate=559168236 B/s, pending=1761607680 bytes ([67.19%] 3607101440/5368709120 bytes copied)
[migrater] timestamp=1779269569.61, migrating=True, epoch=2, total_epochs=3, configured=515903660 B/s, rate=467158757 B/s, pending=1711276032 bytes ([68.12%] 3657433088/5368709120 bytes copied)
[migrater] timestamp=1779269569.72, migrating=True, epoch=2, total_epochs=3, configured=516518245 B/s, rate=566345838 B/s, pending=1652555776 bytes ([69.22%] 3716153344/5368709120 bytes copied)
[migrater] timestamp=1779269569.82, migrating=True, epoch=2, total_epochs=3, configured=516249797 B/s, rate=467548457 B/s, pending=1602224128 bytes ([70.16%] 3766484992/5368709120 bytes copied)
[migrater] timestamp=1779269569.93, migrating=True, epoch=2, total_epochs=3, configured=516909881 B/s, rate=566830814 B/s, pending=1543503872 bytes ([71.25%] 3825205248/5368709120 bytes copied)
[migrater] timestamp=1779269570.03, migrating=True, epoch=2, total_epochs=3, configured=516629602 B/s, rate=468185606 B/s, pending=1493172224 bytes ([72.19%] 3875536896/5368709120 bytes copied)
[migrater] timestamp=1779269570.14, migrating=True, epoch=2, total_epochs=3, configured=517343557 B/s, rate=567401261 B/s, pending=1434451968 bytes ([73.28%] 3934257152/5368709120 bytes copied)
[migrater] timestamp=1779269570.25, migrating=True, epoch=2, total_epochs=3, configured=517051900 B/s, rate=468583301 B/s, pending=1384120320 bytes ([74.22%] 3984588800/5368709120 bytes copied)
[migrater] timestamp=1779269570.35, migrating=True, epoch=2, total_epochs=3, configured=517830379 B/s, rate=567782842 B/s, pending=1325400064 bytes ([75.31%] 4043309056/5368709120 bytes copied)
[migrater] timestamp=1779269570.46, migrating=True, epoch=2, total_epochs=3, configured=517528334 B/s, rate=468957331 B/s, pending=1275068416 bytes ([76.25%] 4093640704/5368709120 bytes copied)
[migrater] timestamp=1779269570.56, migrating=True, epoch=2, total_epochs=3, configured=518385058 B/s, rate=568645431 B/s, pending=1216348160 bytes ([77.34%] 4152360960/5368709120 bytes copied)
[migrater] timestamp=1779269570.67, migrating=True, epoch=2, total_epochs=3, configured=518074518 B/s, rate=469475945 B/s, pending=1166016512 bytes ([78.28%] 4202692608/5368709120 bytes copied)
[migrater] timestamp=1779269570.77, migrating=True, epoch=2, total_epochs=3, configured=519027713 B/s, rate=569141029 B/s, pending=1107296256 bytes ([79.38%] 4261412864/5368709120 bytes copied)
[migrater] timestamp=1779269570.88, migrating=True, epoch=2, total_epochs=3, configured=516181251 B/s, rate=468968911 B/s, pending=1056964608 bytes ([80.31%] 4311744512/5368709120 bytes copied)
[migrater] timestamp=1779269570.98, migrating=True, epoch=2, total_epochs=3, configured=516599162 B/s, rate=566901462 B/s, pending=998244352 bytes ([81.41%] 4370464768/5368709120 bytes copied)
[migrater] timestamp=1779269571.09, migrating=True, epoch=2, total_epochs=3, configured=516664605 B/s, rate=468038582 B/s, pending=947912704 bytes ([82.34%] 4420796416/5368709120 bytes copied)
[migrater] timestamp=1779269571.19, migrating=True, epoch=2, total_epochs=3, configured=517147757 B/s, rate=567284942 B/s, pending=889192448 bytes ([83.44%] 4479516672/5368709120 bytes copied)
[migrater] timestamp=1779269571.30, migrating=True, epoch=2, total_epochs=3, configured=517248157 B/s, rate=468558179 B/s, pending=838860800 bytes ([84.38%] 4529848320/5368709120 bytes copied)
[migrater] timestamp=1779269571.40, migrating=True, epoch=2, total_epochs=3, configured=517819840 B/s, rate=568760594 B/s, pending=780140544 bytes ([85.47%] 4588568576/5368709120 bytes copied)
[migrater] timestamp=1779269571.51, migrating=True, epoch=2, total_epochs=3, configured=517974515 B/s, rate=468868784 B/s, pending=729808896 bytes ([86.41%] 4638900224/5368709120 bytes copied)
[migrater] timestamp=1779269571.61, migrating=True, epoch=2, total_epochs=3, configured=0 B/s, rate=0 B/s, pending=729808896 bytes
[migrater] timestamp=1779269571.61, migrating=True, epoch=2, total_epochs=3, configured=518671148 B/s, rate=569441387 B/s, pending=671088640 bytes ([87.50%] 4697620480/5368709120 bytes copied)
[migrater] timestamp=1779269571.72, migrating=True, epoch=2, total_epochs=3, configured=534798200 B/s, rate=482415884 B/s, pending=620756992 bytes ([88.44%] 4747952128/5368709120 bytes copied)
[migrater] timestamp=1779269571.83, migrating=True, epoch=2, total_epochs=3, configured=538968835 B/s, rate=534754896 B/s, pending=562036736 bytes ([89.53%] 4806672384/5368709120 bytes copied)
[migrater] timestamp=1779269571.94, migrating=True, epoch=2, total_epochs=3, configured=539273565 B/s, rate=538838546 B/s, pending=503316480 bytes ([90.62%] 4865392640/5368709120 bytes copied)
[migrater] timestamp=1779269572.05, migrating=True, epoch=2, total_epochs=3, configured=540878225 B/s, rate=539354661 B/s, pending=444596224 bytes ([91.72%] 4924112896/5368709120 bytes copied)
[migrater] timestamp=1779269572.15, migrating=True, epoch=2, total_epochs=3, configured=531066166 B/s, rate=538468110 B/s, pending=385875968 bytes ([92.81%] 4982833152/5368709120 bytes copied)
[migrater] timestamp=1779269572.25, migrating=True, epoch=2, total_epochs=3, configured=529969209 B/s, rate=584279253 B/s, pending=327155712 bytes ([93.91%] 5041553408/5368709120 bytes copied)
[migrater] timestamp=1779269572.36, migrating=True, epoch=2, total_epochs=3, configured=530628508 B/s, rate=479013185 B/s, pending=276824064 bytes ([94.84%] 5091885056/5368709120 bytes copied)
[migrater] timestamp=1779269572.46, migrating=True, epoch=2, total_epochs=3, configured=535076697 B/s, rate=585892002 B/s, pending=218103808 bytes ([95.94%] 5150605312/5368709120 bytes copied)
[migrater] timestamp=1779269572.56, migrating=True, epoch=2, total_epochs=3, configured=537293672 B/s, rate=483979217 B/s, pending=167772160 bytes ([96.88%] 5200936960/5368709120 bytes copied)
[migrater] timestamp=1779269572.67, migrating=True, epoch=2, total_epochs=3, configured=646428079 B/s, rate=639197138 B/s, pending=100663296 bytes ([98.12%] 5268045824/5368709120 bytes copied)
[migrater] timestamp=1779269572.77, migrating=True, epoch=2, total_epochs=3, configured=622503266 B/s, rate=634842516 B/s, pending=33554432 bytes ([99.38%] 5335154688/5368709120 bytes copied)
[migrater] timestamp=1779269572.86, migrating=False, epoch=2, total_epochs=3, configured=556723249 B/s, rate=0 B/s, pending=0 bytes ([100.00%] 5368709120/5368709120 bytes copied)
[migrater] timestamp=1779269573.02, migrating=False, epoch=2, total_epochs=3, configured=0 B/s, rate=0 B/s, pending=0 bytes
[migrater] timestamp=1779269573.12, migrating=False, epoch=2, total_epochs=3, configured=0 B/s, rate=0 B/s, pending=0 bytes
[migrater] timestamp=1779269573.22, migrating=False, epoch=2, total_epochs=3, configured=0 B/s, rate=0 B/s, pending=0 bytes
[migrater] timestamp=1779269573.32, migrating=False, epoch=2, total_epochs=3, configured=0 B/s, rate=0 B/s, pending=0 bytes
[migrater] timestamp=1779269573.42, migrating=False, epoch=2, total_epochs=3, configured=0 B/s, rate=0 B/s, pending=0 bytes
[migrater] timestamp=1779269573.52, migrating=False, epoch=2, total_epochs=3, configured=0 B/s, rate=0 B/s, pending=0 bytes
[migrater] timestamp=1779269573.62, migrating=False, epoch=2, total_epochs=3, configured=0 B/s, rate=0 B/s, pending=0 bytes
[migrater] timestamp=1779269573.72, migrating=False, epoch=2, total_epochs=3, configured=0 B/s, rate=0 B/s, pending=0 bytes
[migrater] timestamp=1779269573.82, migrating=False, epoch=2, total_epochs=3, configured=0 B/s, rate=0 B/s, pending=0 bytes
[migrater] timestamp=1779269573.92, migrating=False, epoch=2, total_epochs=3, configured=0 B/s, rate=0 B/s, pending=0 bytes
[migrater] timestamp=1779269574.02, migrating=False, epoch=2, total_epochs=3, configured=0 B/s, rate=0 B/s, pending=0 bytes
[migrater] timestamp=1779269574.12, migrating=False, epoch=2, total_epochs=3, configured=0 B/s, rate=0 B/s, pending=0 bytes
[migrater] timestamp=1779269574.22, migrating=False, epoch=2, total_epochs=3, configured=0 B/s, rate=0 B/s, pending=0 bytes
[migrater] timestamp=1779269574.32, migrating=False, epoch=2, total_epochs=3, configured=0 B/s, rate=0 B/s, pending=0 bytes
[migrater] timestamp=1779269574.42, migrating=False, epoch=2, total_epochs=3, configured=0 B/s, rate=0 B/s, pending=0 bytes
[migrater] timestamp=1779269574.52, migrating=False, epoch=2, total_epochs=3, configured=0 B/s, rate=0 B/s, pending=0 bytes
[migrater] timestamp=1779269574.62, migrating=False, epoch=2, total_epochs=3, configured=0 B/s, rate=0 B/s, pending=0 bytes
[migrater] timestamp=1779269574.72, migrating=False, epoch=2, total_epochs=3, configured=0 B/s, rate=0 B/s, pending=0 bytes
[migrater] timestamp=1779269574.83, migrating=False, epoch=2, total_epochs=3, configured=0 B/s, rate=0 B/s, pending=0 bytes
[migrater] timestamp=1779269574.93, migrating=False, epoch=2, total_epochs=3, configured=0 B/s, rate=0 B/s, pending=0 bytes
[migrater] timestamp=1779269575.03, migrating=False, epoch=2, total_epochs=3, configured=0 B/s, rate=0 B/s, pending=0 bytes
[migrater] timestamp=1779269575.13, migrating=False, epoch=2, total_epochs=3, configured=0 B/s, rate=0 B/s, pending=0 bytes
[migrater] timestamp=1779269575.23, migrating=False, epoch=2, total_epochs=3, configured=0 B/s, rate=0 B/s, pending=0 bytes
[migrater] timestamp=1779269575.33, migrating=False, epoch=2, total_epochs=3, configured=0 B/s, rate=0 B/s, pending=0 bytes
[migrater] timestamp=1779269575.43, migrating=False, epoch=2, total_epochs=3, configured=0 B/s, rate=0 B/s, pending=0 bytes
[migrater] timestamp=1779269575.53, migrating=False, epoch=2, total_epochs=3, configured=0 B/s, rate=0 B/s, pending=0 bytes
[migrater] timestamp=1779269575.63, migrating=False, epoch=2, total_epochs=3, configured=0 B/s, rate=0 B/s, pending=0 bytes
[migrater] timestamp=1779269575.73, migrating=False, epoch=2, total_epochs=3, configured=0 B/s, rate=0 B/s, pending=0 bytes
[migrater] timestamp=1779269575.83, migrating=False, epoch=2, total_epochs=3, configured=0 B/s, rate=0 B/s, pending=0 bytes
[migrater] timestamp=1779269575.93, migrating=False, epoch=2, total_epochs=3, configured=0 B/s, rate=0 B/s, pending=0 bytes
[migrater] timestamp=1779269576.03, migrating=False, epoch=2, total_epochs=3, configured=0 B/s, rate=0 B/s, pending=0 bytes
[migrater] timestamp=1779269576.13, migrating=False, epoch=2, total_epochs=3, configured=0 B/s, rate=0 B/s, pending=0 bytes
[migrater] timestamp=1779269576.23, migrating=False, epoch=2, total_epochs=3, configured=0 B/s, rate=0 B/s, pending=0 bytes
[migrater] timestamp=1779269576.33, migrating=False, epoch=2, total_epochs=3, configured=0 B/s, rate=0 B/s, pending=0 bytes
[migrater] timestamp=1779269576.43, migrating=False, epoch=2, total_epochs=3, configured=0 B/s, rate=0 B/s, pending=0 bytes
[migrater] timestamp=1779269576.53, migrating=False, epoch=2, total_epochs=3, configured=0 B/s, rate=0 B/s, pending=0 bytes
[migrater] timestamp=1779269576.63, migrating=False, epoch=2, total_epochs=3, configured=0 B/s, rate=0 B/s, pending=0 bytes
[migrater] timestamp=1779269576.73, migrating=False, epoch=2, total_epochs=3, configured=0 B/s, rate=0 B/s, pending=0 bytes
[migrater] timestamp=1779269576.83, migrating=False, epoch=2, total_epochs=3, configured=0 B/s, rate=0 B/s, pending=0 bytes
[migrater] timestamp=1779269576.93, migrating=False, epoch=2, total_epochs=3, configured=0 B/s, rate=0 B/s, pending=0 bytes
[migrater] timestamp=1779269577.03, migrating=False, epoch=2, total_epochs=3, configured=0 B/s, rate=0 B/s, pending=0 bytes
[migrater] timestamp=1779269577.13, migrating=False, epoch=2, total_epochs=3, configured=0 B/s, rate=0 B/s, pending=0 bytes
[migrater] timestamp=1779269577.23, migrating=False, epoch=2, total_epochs=3, configured=0 B/s, rate=0 B/s, pending=0 bytes
[migrater] timestamp=1779269577.33, migrating=False, epoch=2, total_epochs=3, configured=0 B/s, rate=0 B/s, pending=0 bytes
[migrater] timestamp=1779269577.43, migrating=False, epoch=2, total_epochs=3, configured=0 B/s, rate=0 B/s, pending=0 bytes
[migrater] timestamp=1779269577.53, migrating=False, epoch=2, total_epochs=3, configured=0 B/s, rate=0 B/s, pending=0 bytes
[migrater] timestamp=1779269577.64, migrating=False, epoch=2, total_epochs=3, configured=0 B/s, rate=0 B/s, pending=0 bytes
[migrater] timestamp=1779269577.74, migrating=False, epoch=2, total_epochs=3, configured=0 B/s, rate=0 B/s, pending=0 bytes
[migrater] timestamp=1779269577.84, migrating=False, epoch=2, total_epochs=3, configured=0 B/s, rate=0 B/s, pending=0 bytes
[migrater] timestamp=1779269577.94, migrating=False, epoch=2, total_epochs=3, configured=0 B/s, rate=0 B/s, pending=0 bytes
[migrater] timestamp=1779269578.04, migrating=False, epoch=2, total_epochs=3, configured=0 B/s, rate=0 B/s, pending=0 bytes
[migrater] timestamp=1779269578.14, migrating=False, epoch=2, total_epochs=3, configured=0 B/s, rate=0 B/s, pending=0 bytes
[migrater] timestamp=1779269578.24, migrating=False, epoch=2, total_epochs=3, configured=0 B/s, rate=0 B/s, pending=0 bytes
[migrater] timestamp=1779269578.34, migrating=False, epoch=2, total_epochs=3, configured=0 B/s, rate=0 B/s, pending=0 bytes
[migrater] timestamp=1779269578.44, migrating=False, epoch=2, total_epochs=3, configured=0 B/s, rate=0 B/s, pending=0 bytes
[migrater] timestamp=1779269578.54, migrating=False, epoch=2, total_epochs=3, configured=0 B/s, rate=0 B/s, pending=0 bytes
[migrater] timestamp=1779269578.64, migrating=False, epoch=2, total_epochs=3, configured=0 B/s, rate=0 B/s, pending=0 bytes
[migrater] timestamp=1779269578.74, migrating=False, epoch=2, total_epochs=3, configured=0 B/s, rate=0 B/s, pending=0 bytes
[migrater] timestamp=1779269578.84, migrating=False, epoch=2, total_epochs=3, configured=0 B/s, rate=0 B/s, pending=0 bytes
[migrater] timestamp=1779269578.94, migrating=False, epoch=2, total_epochs=3, configured=0 B/s, rate=0 B/s, pending=0 bytes
[migrater] timestamp=1779269579.04, migrating=False, epoch=3, total_epochs=3, configured=0 B/s, rate=0 B/s, pending=5368709120 bytes
[migrater] timestamp=1779269579.14, migrating=True, epoch=3, total_epochs=3, configured=0 B/s, rate=0 B/s, pending=5368709120 bytes
[migrater] timestamp=1779269579.16, migrating=True, epoch=3, total_epochs=3, configured=382772703 B/s, rate=317689451 B/s, pending=5335154688 bytes ([0.62%] 33554432/5368709120 bytes copied)
[migrater] timestamp=1779269579.27, migrating=True, epoch=3, total_epochs=3, configured=396121686 B/s, rate=382289329 B/s, pending=5293211648 bytes ([1.41%] 75497472/5368709120 bytes copied)
[migrater] timestamp=1779269579.37, migrating=True, epoch=3, total_epochs=3, configured=405682698 B/s, rate=397596857 B/s, pending=5251268608 bytes ([2.19%] 117440512/5368709120 bytes copied)
[migrater] timestamp=1779269579.47, migrating=True, epoch=3, total_epochs=3, configured=416041553 B/s, rate=407612444 B/s, pending=5209325568 bytes ([2.97%] 159383552/5368709120 bytes copied)
[migrater] timestamp=1779269579.57, migrating=True, epoch=3, total_epochs=3, configured=425412907 B/s, rate=417436568 B/s, pending=5167382528 bytes ([3.75%] 201326592/5368709120 bytes copied)
[migrater] timestamp=1779269579.68, migrating=True, epoch=3, total_epochs=3, configured=433149270 B/s, rate=467800326 B/s, pending=5117050880 bytes ([4.69%] 251658240/5368709120 bytes copied)
[migrater] timestamp=1779269579.79, migrating=True, epoch=3, total_epochs=3, configured=439770645 B/s, rate=393648328 B/s, pending=5075107840 bytes ([5.47%] 293601280/5368709120 bytes copied)
[migrater] timestamp=1779269579.89, migrating=True, epoch=3, total_epochs=3, configured=446197801 B/s, rate=484887446 B/s, pending=5024776192 bytes ([6.41%] 343932928/5368709120 bytes copied)
[migrater] timestamp=1779269580.00, migrating=True, epoch=3, total_epochs=3, configured=451580705 B/s, rate=404443527 B/s, pending=4982833152 bytes ([7.19%] 385875968/5368709120 bytes copied)
[migrater] timestamp=1779269580.10, migrating=True, epoch=3, total_epochs=3, configured=457066379 B/s, rate=499166420 B/s, pending=4932501504 bytes ([8.12%] 436207616/5368709120 bytes copied)
[migrater] timestamp=1779269580.20, migrating=True, epoch=3, total_epochs=3, configured=461759087 B/s, rate=413018051 B/s, pending=4890558464 bytes ([8.91%] 478150656/5368709120 bytes copied)
[migrater] timestamp=1779269580.31, migrating=True, epoch=3, total_epochs=3, configured=466552420 B/s, rate=463373870 B/s, pending=4840226816 bytes ([9.84%] 528482304/5368709120 bytes copied)
[migrater] timestamp=1779269580.41, migrating=True, epoch=3, total_epochs=3, configured=470637738 B/s, rate=468466725 B/s, pending=4789895168 bytes ([10.78%] 578813952/5368709120 bytes copied)
[migrater] timestamp=1779269580.52, migrating=True, epoch=3, total_epochs=3, configured=473669947 B/s, rate=471962147 B/s, pending=4739563520 bytes ([11.72%] 629145600/5368709120 bytes copied)
[migrater] timestamp=1779269580.63, migrating=True, epoch=3, total_epochs=3, configured=476227074 B/s, rate=475169317 B/s, pending=4689231872 bytes ([12.66%] 679477248/5368709120 bytes copied)
[migrater] timestamp=1779269580.73, migrating=True, epoch=3, total_epochs=3, configured=478679651 B/s, rate=477604104 B/s, pending=4638900224 bytes ([13.59%] 729808896/5368709120 bytes copied)
[migrater] timestamp=1779269580.84, migrating=True, epoch=3, total_epochs=3, configured=481904143 B/s, rate=481010507 B/s, pending=4588568576 bytes ([14.53%] 780140544/5368709120 bytes copied)
[migrater] timestamp=1779269580.94, migrating=True, epoch=3, total_epochs=3, configured=484975248 B/s, rate=483818945 B/s, pending=4538236928 bytes ([15.47%] 830472192/5368709120 bytes copied)
[migrater] timestamp=1779269581.04, migrating=True, epoch=3, total_epochs=3, configured=487912718 B/s, rate=487401066 B/s, pending=4487905280 bytes ([16.41%] 880803840/5368709120 bytes copied)
[migrater] timestamp=1779269581.15, migrating=True, epoch=3, total_epochs=3, configured=490731780 B/s, rate=490068311 B/s, pending=4437573632 bytes ([17.34%] 931135488/5368709120 bytes copied)
[migrater] timestamp=1779269581.25, migrating=True, epoch=3, total_epochs=3, configured=493301143 B/s, rate=492378580 B/s, pending=4387241984 bytes ([18.28%] 981467136/5368709120 bytes copied)
[migrater] timestamp=1779269581.35, migrating=True, epoch=3, total_epochs=3, configured=495919801 B/s, rate=495395263 B/s, pending=4336910336 bytes ([19.22%] 1031798784/5368709120 bytes copied)
[migrater] timestamp=1779269581.45, migrating=True, epoch=3, total_epochs=3, configured=498306079 B/s, rate=498033746 B/s, pending=4286578688 bytes ([20.16%] 1082130432/5368709120 bytes copied)
[migrater] timestamp=1779269581.55, migrating=True, epoch=3, total_epochs=3, configured=500768004 B/s, rate=499914875 B/s, pending=4236247040 bytes ([21.09%] 1132462080/5368709120 bytes copied)
[migrater] timestamp=1779269581.65, migrating=True, epoch=3, total_epochs=3, configured=503287312 B/s, rate=502431863 B/s, pending=4185915392 bytes ([22.03%] 1182793728/5368709120 bytes copied)
[migrater] timestamp=1779269581.75, migrating=True, epoch=3, total_epochs=3, configured=0 B/s, rate=0 B/s, pending=4185915392 bytes
[migrater] timestamp=1779269581.76, migrating=True, epoch=3, total_epochs=3, configured=505472745 B/s, rate=553246722 B/s, pending=4127195136 bytes ([23.12%] 1241513984/5368709120 bytes copied)
[migrater] timestamp=1779269581.87, migrating=True, epoch=3, total_epochs=3, configured=510078600 B/s, rate=462000029 B/s, pending=4076863488 bytes ([24.06%] 1291845632/5368709120 bytes copied)
[migrater] timestamp=1779269581.97, migrating=True, epoch=3, total_epochs=3, configured=514074107 B/s, rate=561378986 B/s, pending=4018143232 bytes ([25.16%] 1350565888/5368709120 bytes copied)
[migrater] timestamp=1779269582.08, migrating=True, epoch=3, total_epochs=3, configured=515754438 B/s, rate=465984798 B/s, pending=3967811584 bytes ([26.09%] 1400897536/5368709120 bytes copied)
[migrater] timestamp=1779269582.18, migrating=True, epoch=3, total_epochs=3, configured=517925904 B/s, rate=566453084 B/s, pending=3909091328 bytes ([27.19%] 1459617792/5368709120 bytes copied)
[migrater] timestamp=1779269582.29, migrating=True, epoch=3, total_epochs=3, configured=519543176 B/s, rate=469227216 B/s, pending=3858759680 bytes ([28.12%] 1509949440/5368709120 bytes copied)
[migrater] timestamp=1779269582.39, migrating=True, epoch=3, total_epochs=3, configured=521675069 B/s, rate=571553138 B/s, pending=3800039424 bytes ([29.22%] 1568669696/5368709120 bytes copied)
[migrater] timestamp=1779269582.50, migrating=True, epoch=3, total_epochs=3, configured=523246591 B/s, rate=472492847 B/s, pending=3749707776 bytes ([30.16%] 1619001344/5368709120 bytes copied)
[migrater] timestamp=1779269582.60, migrating=True, epoch=3, total_epochs=3, configured=525356703 B/s, rate=575419691 B/s, pending=3690987520 bytes ([31.25%] 1677721600/5368709120 bytes copied)
[migrater] timestamp=1779269582.71, migrating=True, epoch=3, total_epochs=3, configured=526899182 B/s, rate=475626877 B/s, pending=3640655872 bytes ([32.19%] 1728053248/5368709120 bytes copied)
[migrater] timestamp=1779269582.81, migrating=True, epoch=3, total_epochs=3, configured=527869818 B/s, rate=579993823 B/s, pending=3581935616 bytes ([33.28%] 1786773504/5368709120 bytes copied)
[migrater] timestamp=1779269582.91, migrating=True, epoch=3, total_epochs=3, configured=529377300 B/s, rate=477916027 B/s, pending=3531603968 bytes ([34.22%] 1837105152/5368709120 bytes copied)
[migrater] timestamp=1779269583.02, migrating=True, epoch=3, total_epochs=3, configured=531470573 B/s, rate=583392551 B/s, pending=3472883712 bytes ([35.31%] 1895825408/5368709120 bytes copied)
[migrater] timestamp=1779269583.12, migrating=True, epoch=3, total_epochs=3, configured=532977146 B/s, rate=480743437 B/s, pending=3422552064 bytes ([36.25%] 1946157056/5368709120 bytes copied)
[migrater] timestamp=1779269583.23, migrating=True, epoch=3, total_epochs=3, configured=535095278 B/s, rate=534148690 B/s, pending=3363831808 bytes ([37.34%] 2004877312/5368709120 bytes copied)
[migrater] timestamp=1779269583.34, migrating=True, epoch=3, total_epochs=3, configured=535068916 B/s, rate=534962679 B/s, pending=3305111552 bytes ([38.44%] 2063597568/5368709120 bytes copied)
[migrater] timestamp=1779269583.45, migrating=True, epoch=3, total_epochs=3, configured=536199800 B/s, rate=535894787 B/s, pending=3246391296 bytes ([39.53%] 2122317824/5368709120 bytes copied)
[migrater] timestamp=1779269583.56, migrating=True, epoch=3, total_epochs=3, configured=536625511 B/s, rate=536553792 B/s, pending=3187671040 bytes ([40.62%] 2181038080/5368709120 bytes copied)
[migrater] timestamp=1779269583.66, migrating=True, epoch=3, total_epochs=3, configured=0 B/s, rate=0 B/s, pending=3187671040 bytes
[migrater] timestamp=1779269583.67, migrating=True, epoch=3, total_epochs=3, configured=543374394 B/s, rate=538139845 B/s, pending=3128950784 bytes ([41.72%] 2239758336/5368709120 bytes copied)
[migrater] timestamp=1779269583.78, migrating=True, epoch=3, total_epochs=3, configured=544954946 B/s, rate=542937902 B/s, pending=3070230528 bytes ([42.81%] 2298478592/5368709120 bytes copied)
[migrater] timestamp=1779269583.88, migrating=True, epoch=3, total_epochs=3, configured=546791593 B/s, rate=545187009 B/s, pending=3011510272 bytes ([43.91%] 2357198848/5368709120 bytes copied)
[migrater] timestamp=1779269583.99, migrating=True, epoch=3, total_epochs=3, configured=548426943 B/s, rate=546953254 B/s, pending=2952790016 bytes ([45.00%] 2415919104/5368709120 bytes copied)
[migrater] timestamp=1779269584.10, migrating=True, epoch=3, total_epochs=3, configured=550337458 B/s, rate=549023109 B/s, pending=2894069760 bytes ([46.09%] 2474639360/5368709120 bytes copied)
[migrater] timestamp=1779269584.20, migrating=True, epoch=3, total_epochs=3, configured=552044060 B/s, rate=550109352 B/s, pending=2835349504 bytes ([47.19%] 2533359616/5368709120 bytes copied)
[migrater] timestamp=1779269584.31, migrating=True, epoch=3, total_epochs=3, configured=554046807 B/s, rate=552584630 B/s, pending=2776629248 bytes ([48.28%] 2592079872/5368709120 bytes copied)
[migrater] timestamp=1779269584.42, migrating=True, epoch=3, total_epochs=3, configured=555843262 B/s, rate=554760462 B/s, pending=2717908992 bytes ([49.38%] 2650800128/5368709120 bytes copied)
[migrater] timestamp=1779269584.52, migrating=True, epoch=3, total_epochs=3, configured=557959607 B/s, rate=556614759 B/s, pending=2659188736 bytes ([50.47%] 2709520384/5368709120 bytes copied)
[migrater] timestamp=1779269584.63, migrating=True, epoch=3, total_epochs=3, configured=559589405 B/s, rate=558941495 B/s, pending=2600468480 bytes ([51.56%] 2768240640/5368709120 bytes copied)
[migrater] timestamp=1779269584.73, migrating=True, epoch=3, total_epochs=3, configured=561836125 B/s, rate=560442677 B/s, pending=2541748224 bytes ([52.66%] 2826960896/5368709120 bytes copied)
[migrater] timestamp=1779269584.84, migrating=True, epoch=3, total_epochs=3, configured=560856057 B/s, rate=561340884 B/s, pending=2483027968 bytes ([53.75%] 2885681152/5368709120 bytes copied)
[migrater] timestamp=1779269584.94, migrating=True, epoch=3, total_epochs=3, configured=561385229 B/s, rate=561156938 B/s, pending=2424307712 bytes ([54.84%] 2944401408/5368709120 bytes copied)
[migrater] timestamp=1779269585.05, migrating=True, epoch=3, total_epochs=3, configured=563432543 B/s, rate=562838761 B/s, pending=2365587456 bytes ([55.94%] 3003121664/5368709120 bytes copied)
[migrater] timestamp=1779269585.15, migrating=True, epoch=3, total_epochs=3, configured=565560526 B/s, rate=564608704 B/s, pending=2306867200 bytes ([57.03%] 3061841920/5368709120 bytes copied)
[migrater] timestamp=1779269585.25, migrating=True, epoch=3, total_epochs=3, configured=567777540 B/s, rate=567257157 B/s, pending=2248146944 bytes ([58.13%] 3120562176/5368709120 bytes copied)
[migrater] timestamp=1779269585.36, migrating=True, epoch=3, total_epochs=3, configured=570092909 B/s, rate=569421950 B/s, pending=2189426688 bytes ([59.22%] 3179282432/5368709120 bytes copied)
[migrater] timestamp=1779269585.46, migrating=True, epoch=3, total_epochs=3, configured=572170154 B/s, rate=571343043 B/s, pending=2130706432 bytes ([60.31%] 3238002688/5368709120 bytes copied)
[migrater] timestamp=1779269585.56, migrating=True, epoch=3, total_epochs=3, configured=572557452 B/s, rate=572594629 B/s, pending=2071986176 bytes ([61.41%] 3296722944/5368709120 bytes copied)
[migrater] timestamp=1779269585.66, migrating=True, epoch=3, total_epochs=3, configured=575143784 B/s, rate=574778437 B/s, pending=2013265920 bytes ([62.50%] 3355443200/5368709120 bytes copied)
[migrater] timestamp=1779269585.77, migrating=True, epoch=3, total_epochs=3, configured=577488482 B/s, rate=577076489 B/s, pending=1954545664 bytes ([63.59%] 3414163456/5368709120 bytes copied)
[migrater] timestamp=1779269585.87, migrating=True, epoch=3, total_epochs=3, configured=580357436 B/s, rate=579634396 B/s, pending=1895825408 bytes ([64.69%] 3472883712/5368709120 bytes copied)
[migrater] timestamp=1779269585.97, migrating=True, epoch=3, total_epochs=3, configured=582986964 B/s, rate=582385428 B/s, pending=1837105152 bytes ([65.78%] 3531603968/5368709120 bytes copied)
[migrater] timestamp=1779269586.07, migrating=True, epoch=3, total_epochs=3, configured=586205665 B/s, rate=585555819 B/s, pending=1778384896 bytes ([66.88%] 3590324224/5368709120 bytes copied)
[migrater] timestamp=1779269586.17, migrating=True, epoch=3, total_epochs=3, configured=0 B/s, rate=0 B/s, pending=1778384896 bytes
[migrater] timestamp=1779269586.17, migrating=True, epoch=3, total_epochs=3, configured=589191922 B/s, rate=645946322 B/s, pending=1711276032 bytes ([68.12%] 3657433088/5368709120 bytes copied)
[migrater] timestamp=1779269586.28, migrating=True, epoch=3, total_epochs=3, configured=602314046 B/s, rate=599342329 B/s, pending=1644167168 bytes ([69.38%] 3724541952/5368709120 bytes copied)
[migrater] timestamp=1779269586.40, migrating=True, epoch=3, total_epochs=3, configured=606024046 B/s, rate=602214359 B/s, pending=1577058304 bytes ([70.62%] 3791650816/5368709120 bytes copied)
[migrater] timestamp=1779269586.51, migrating=True, epoch=3, total_epochs=3, configured=609522437 B/s, rate=607173836 B/s, pending=1509949440 bytes ([71.88%] 3858759680/5368709120 bytes copied)
[migrater] timestamp=1779269586.62, migrating=True, epoch=3, total_epochs=3, configured=613341241 B/s, rate=610837488 B/s, pending=1442840576 bytes ([73.12%] 3925868544/5368709120 bytes copied)
[migrater] timestamp=1779269586.73, migrating=True, epoch=3, total_epochs=3, configured=613341241 B/s, rate=613319892 B/s, pending=1375731712 bytes ([74.38%] 3992977408/5368709120 bytes copied)
[migrater] timestamp=1779269586.83, migrating=True, epoch=3, total_epochs=3, configured=618139445 B/s, rate=616340166 B/s, pending=1308622848 bytes ([75.62%] 4060086272/5368709120 bytes copied)
[migrater] timestamp=1779269586.94, migrating=True, epoch=3, total_epochs=3, configured=628684151 B/s, rate=624324662 B/s, pending=1241513984 bytes ([76.88%] 4127195136/5368709120 bytes copied)
[migrater] timestamp=1779269587.05, migrating=True, epoch=3, total_epochs=3, configured=765482704 B/s, rate=709162543 B/s, pending=1166016512 bytes ([78.28%] 4202692608/5368709120 bytes copied)
[migrater] timestamp=1779269587.16, migrating=True, epoch=3, total_epochs=3, configured=770150668 B/s, rate=768821162 B/s, pending=1082130432 bytes ([79.84%] 4286578688/5368709120 bytes copied)
[migrater] timestamp=1779269587.27, migrating=True, epoch=3, total_epochs=3, configured=775419613 B/s, rate=774230850 B/s, pending=998244352 bytes ([81.41%] 4370464768/5368709120 bytes copied)
[migrater] timestamp=1779269587.37, migrating=True, epoch=3, total_epochs=3, configured=780235673 B/s, rate=779541721 B/s, pending=914358272 bytes ([82.97%] 4454350848/5368709120 bytes copied)
[migrater] timestamp=1779269587.48, migrating=True, epoch=3, total_epochs=3, configured=978574957 B/s, rate=970968669 B/s, pending=813694976 bytes ([84.84%] 4555014144/5368709120 bytes copied)
[migrater] timestamp=1779269587.58, migrating=True, epoch=3, total_epochs=3, configured=0 B/s, rate=0 B/s, pending=813694976 bytes
[migrater] timestamp=1779269587.58, migrating=True, epoch=3, total_epochs=3, configured=1003314587 B/s, rate=972423744 B/s, pending=713031680 bytes ([86.72%] 4655677440/5368709120 bytes copied)
[migrater] timestamp=1779269587.68, migrating=True, epoch=3, total_epochs=3, configured=1003314587 B/s, rate=1001482168 B/s, pending=612368384 bytes ([88.59%] 4756340736/5368709120 bytes copied)
[migrater] timestamp=1779269587.78, migrating=True, epoch=3, total_epochs=3, configured=1004072029 B/s, rate=1004789000 B/s, pending=511705088 bytes ([90.47%] 4857004032/5368709120 bytes copied)
[migrater] timestamp=1779269587.88, migrating=True, epoch=3, total_epochs=3, configured=1005072561 B/s, rate=1004413047 B/s, pending=411041792 bytes ([92.34%] 4957667328/5368709120 bytes copied)
[migrater] timestamp=1779269587.98, migrating=True, epoch=3, total_epochs=3, configured=1006461116 B/s, rate=1006551772 B/s, pending=310378496 bytes ([94.22%] 5058330624/5368709120 bytes copied)
[migrater] timestamp=1779269588.09, migrating=True, epoch=3, total_epochs=3, configured=1011935339 B/s, rate=1008567747 B/s, pending=201326592 bytes ([96.25%] 5167382528/5368709120 bytes copied)
[migrater] timestamp=1779269588.20, migrating=True, epoch=3, total_epochs=3, configured=1008782184 B/s, rate=1012132401 B/s, pending=92274688 bytes ([98.28%] 5276434432/5368709120 bytes copied)
[migrater] timestamp=1779269588.30, migrating=False, epoch=3, total_epochs=3, configured=976923699 B/s, rate=0 B/s, pending=0 bytes ([100.00%] 5368709120/5368709120 bytes copied)
[migrater] timestamp=1779269588.48, migrating=False, epoch=3, total_epochs=3, configured=0 B/s, rate=0 B/s, pending=0 bytes
[migrater] timestamp=1779269588.58, migrating=False, epoch=3, total_epochs=3, configured=0 B/s, rate=0 B/s, pending=0 bytes
[migrater] timestamp=1779269588.68, migrating=False, epoch=3, total_epochs=3, configured=0 B/s, rate=0 B/s, pending=0 bytes
[migrater] timestamp=1779269588.78, migrating=False, epoch=3, total_epochs=3, configured=0 B/s, rate=0 B/s, pending=0 bytes
[migrater] timestamp=1779269588.88, migrating=False, epoch=3, total_epochs=3, configured=0 B/s, rate=0 B/s, pending=0 bytes
[migrater] timestamp=1779269588.98, migrating=False, epoch=3, total_epochs=3, configured=0 B/s, rate=0 B/s, pending=0 bytes
[migrater] timestamp=1779269589.08, migrating=False, epoch=3, total_epochs=3, configured=0 B/s, rate=0 B/s, pending=0 bytes
[migrater] timestamp=1779269589.18, migrating=False, epoch=3, total_epochs=3, configured=0 B/s, rate=0 B/s, pending=0 bytes
[migrater] timestamp=1779269589.28, migrating=False, epoch=3, total_epochs=3, configured=0 B/s, rate=0 B/s, pending=0 bytes
[migrater] timestamp=1779269589.39, migrating=False, epoch=3, total_epochs=3, configured=0 B/s, rate=0 B/s, pending=0 bytes
[migrater] timestamp=1779269589.49, migrating=False, epoch=3, total_epochs=3, configured=0 B/s, rate=0 B/s, pending=0 bytes
[migrater] timestamp=1779269589.59, migrating=False, epoch=3, total_epochs=3, configured=0 B/s, rate=0 B/s, pending=0 bytes
[migrater] timestamp=1779269589.69, migrating=False, epoch=3, total_epochs=3, configured=0 B/s, rate=0 B/s, pending=0 bytes
