[migrater] timestamp=1779269536.98, migrating=False, epoch=0, total_epochs=0, configured=0 B/s, rate=0 B/s, pending=0 bytes
Migrater running on 50051
[migrater] timestamp=1779269537.13, migrating=False, epoch=0, total_epochs=0, configured=0 B/s, rate=0 B/s, pending=0 bytes
[migrater] timestamp=1779269537.23, migrating=False, epoch=0, total_epochs=0, configured=0 B/s, rate=0 B/s, pending=0 bytes
[migrater] timestamp=1779269537.33, migrating=False, epoch=0, total_epochs=0, configured=0 B/s, rate=0 B/s, pending=0 bytes
[migrater] timestamp=1779269537.43, migrating=False, epoch=0, total_epochs=0, configured=0 B/s, rate=0 B/s, pending=0 bytes
[migrater] timestamp=1779269537.53, migrating=False, epoch=0, total_epochs=0, configured=0 B/s, rate=0 B/s, pending=0 bytes
[migrater] timestamp=1779269537.63, migrating=False, epoch=0, total_epochs=0, configured=0 B/s, rate=0 B/s, pending=0 bytes
[migrater] timestamp=1779269537.73, migrating=False, epoch=0, total_epochs=0, configured=0 B/s, rate=0 B/s, pending=0 bytes
[migrater] timestamp=1779269537.83, migrating=False, epoch=0, total_epochs=0, configured=0 B/s, rate=0 B/s, pending=0 bytes
[migrater] timestamp=1779269537.93, migrating=False, epoch=0, total_epochs=0, configured=0 B/s, rate=0 B/s, pending=0 bytes
[migrater] timestamp=1779269538.04, migrating=False, epoch=0, total_epochs=0, configured=0 B/s, rate=0 B/s, pending=0 bytes
[migrater] timestamp=1779269538.14, migrating=False, epoch=0, total_epochs=0, configured=0 B/s, rate=0 B/s, pending=0 bytes
[migrater] timestamp=1779269538.24, migrating=False, epoch=0, total_epochs=0, configured=0 B/s, rate=0 B/s, pending=0 bytes
[migrater] timestamp=1779269538.34, migrating=False, epoch=0, total_epochs=0, configured=0 B/s, rate=0 B/s, pending=0 bytes
[migrater] timestamp=1779269538.44, migrating=False, epoch=0, total_epochs=0, configured=0 B/s, rate=0 B/s, pending=0 bytes
[migrater] timestamp=1779269538.54, migrating=False, epoch=0, total_epochs=0, configured=0 B/s, rate=0 B/s, pending=0 bytes
[migrater] timestamp=1779269538.64, migrating=False, epoch=0, total_epochs=0, configured=0 B/s, rate=0 B/s, pending=0 bytes
[migrater] timestamp=1779269538.74, migrating=False, epoch=0, total_epochs=0, configured=0 B/s, rate=0 B/s, pending=0 bytes
[migrater] timestamp=1779269538.84, migrating=False, epoch=0, total_epochs=0, configured=0 B/s, rate=0 B/s, pending=0 bytes
[migrater] timestamp=1779269538.94, migrating=False, epoch=0, total_epochs=0, configured=0 B/s, rate=0 B/s, pending=0 bytes
[migrater] timestamp=1779269539.04, migrating=False, epoch=0, total_epochs=0, configured=0 B/s, rate=0 B/s, pending=0 bytes
[migrater] timestamp=1779269539.14, migrating=False, epoch=0, total_epochs=0, configured=0 B/s, rate=0 B/s, pending=0 bytes
[migrater] timestamp=1779269539.24, migrating=False, epoch=0, total_epochs=0, configured=0 B/s, rate=0 B/s, pending=0 bytes
[migrater] timestamp=1779269539.34, migrating=False, epoch=0, total_epochs=0, configured=0 B/s, rate=0 B/s, pending=0 bytes
[migrater] timestamp=1779269539.44, migrating=False, epoch=0, total_epochs=0, configured=0 B/s, rate=0 B/s, pending=0 bytes
[migrater] timestamp=1779269539.54, migrating=False, epoch=0, total_epochs=0, configured=0 B/s, rate=0 B/s, pending=0 bytes
[migrater] timestamp=1779269539.64, migrating=False, epoch=0, total_epochs=0, configured=0 B/s, rate=0 B/s, pending=0 bytes
[migrater] timestamp=1779269539.74, migrating=False, epoch=0, total_epochs=0, configured=0 B/s, rate=0 B/s, pending=0 bytes
[migrater] timestamp=1779269539.84, migrating=False, epoch=0, total_epochs=0, configured=0 B/s, rate=0 B/s, pending=0 bytes
[migrater] timestamp=1779269539.94, migrating=False, epoch=0, total_epochs=0, configured=0 B/s, rate=0 B/s, pending=0 bytes
[migrater] timestamp=1779269540.04, migrating=False, epoch=0, total_epochs=0, configured=0 B/s, rate=0 B/s, pending=0 bytes
[migrater] timestamp=1779269540.14, migrating=False, epoch=0, total_epochs=0, configured=0 B/s, rate=0 B/s, pending=0 bytes
[migrater] timestamp=1779269540.25, migrating=False, epoch=0, total_epochs=0, configured=0 B/s, rate=0 B/s, pending=0 bytes
[migrater] timestamp=1779269540.35, migrating=False, epoch=0, total_epochs=0, configured=0 B/s, rate=0 B/s, pending=0 bytes
[migrater] timestamp=1779269540.45, migrating=False, epoch=0, total_epochs=0, configured=0 B/s, rate=0 B/s, pending=0 bytes
[migrater] timestamp=1779269540.55, migrating=False, epoch=0, total_epochs=0, configured=0 B/s, rate=0 B/s, pending=0 bytes
[migrater] timestamp=1779269540.65, migrating=False, epoch=0, total_epochs=0, configured=0 B/s, rate=0 B/s, pending=0 bytes
[migrater] timestamp=1779269540.75, migrating=False, epoch=0, total_epochs=0, configured=0 B/s, rate=0 B/s, pending=0 bytes
[migrater] timestamp=1779269540.85, migrating=False, epoch=0, total_epochs=0, configured=0 B/s, rate=0 B/s, pending=0 bytes
[migrater] timestamp=1779269540.95, migrating=False, epoch=0, total_epochs=0, configured=0 B/s, rate=0 B/s, pending=0 bytes
[migrater] timestamp=1779269541.05, migrating=False, epoch=0, total_epochs=0, configured=0 B/s, rate=0 B/s, pending=0 bytes
[migrater] timestamp=1779269541.15, migrating=False, epoch=0, total_epochs=0, configured=0 B/s, rate=0 B/s, pending=0 bytes
[migrater] timestamp=1779269541.25, migrating=False, epoch=0, total_epochs=0, configured=0 B/s, rate=0 B/s, pending=0 bytes
[migrater] timestamp=1779269541.35, migrating=False, epoch=0, total_epochs=0, configured=0 B/s, rate=0 B/s, pending=0 bytes
[migrater] timestamp=1779269541.45, migrating=False, epoch=0, total_epochs=0, configured=0 B/s, rate=0 B/s, pending=0 bytes
[migrater] timestamp=1779269541.55, migrating=False, epoch=0, total_epochs=0, configured=0 B/s, rate=0 B/s, pending=0 bytes
[migrater] timestamp=1779269541.65, migrating=False, epoch=0, total_epochs=0, configured=0 B/s, rate=0 B/s, pending=0 bytes
[migrater] timestamp=1779269541.75, migrating=False, epoch=0, total_epochs=0, configured=0 B/s, rate=0 B/s, pending=0 bytes
[migrater] timestamp=1779269541.85, migrating=False, epoch=0, total_epochs=0, configured=0 B/s, rate=0 B/s, pending=0 bytes
[migrater] timestamp=1779269541.95, migrating=False, epoch=0, total_epochs=0, configured=0 B/s, rate=0 B/s, pending=0 bytes
[migrater] timestamp=1779269542.05, migrating=False, epoch=0, total_epochs=0, configured=0 B/s, rate=0 B/s, pending=0 bytes
[migrater] timestamp=1779269542.15, migrating=False, epoch=0, total_epochs=0, configured=0 B/s, rate=0 B/s, pending=0 bytes
[migrater] timestamp=1779269542.26, migrating=False, epoch=0, total_epochs=0, configured=0 B/s, rate=0 B/s, pending=0 bytes
[migrater] timestamp=1779269542.36, migrating=False, epoch=0, total_epochs=0, configured=0 B/s, rate=0 B/s, pending=0 bytes
[migrater] timestamp=1779269542.46, migrating=False, epoch=0, total_epochs=0, configured=0 B/s, rate=0 B/s, pending=0 bytes
[migrater] timestamp=1779269542.56, migrating=False, epoch=0, total_epochs=0, configured=0 B/s, rate=0 B/s, pending=0 bytes
[migrater] timestamp=1779269542.66, migrating=False, epoch=0, total_epochs=0, configured=0 B/s, rate=0 B/s, pending=0 bytes
[migrater] timestamp=1779269542.76, migrating=False, epoch=0, total_epochs=0, configured=0 B/s, rate=0 B/s, pending=0 bytes
[migrater] timestamp=1779269542.86, migrating=False, epoch=0, total_epochs=0, configured=0 B/s, rate=0 B/s, pending=0 bytes
[migrater] timestamp=1779269542.96, migrating=False, epoch=0, total_epochs=0, configured=0 B/s, rate=0 B/s, pending=0 bytes
[migrater] timestamp=1779269543.06, migrating=False, epoch=0, total_epochs=0, configured=0 B/s, rate=0 B/s, pending=0 bytes
[migrater] timestamp=1779269543.16, migrating=False, epoch=0, total_epochs=0, configured=0 B/s, rate=0 B/s, pending=0 bytes
[migrater] timestamp=1779269543.26, migrating=False, epoch=0, total_epochs=0, configured=0 B/s, rate=0 B/s, pending=0 bytes
[migrater] timestamp=1779269543.36, migrating=False, epoch=0, total_epochs=0, configured=0 B/s, rate=0 B/s, pending=0 bytes
[migrater] timestamp=1779269543.46, migrating=False, epoch=0, total_epochs=0, configured=0 B/s, rate=0 B/s, pending=0 bytes
[migrater] timestamp=1779269543.56, migrating=False, epoch=0, total_epochs=0, configured=0 B/s, rate=0 B/s, pending=0 bytes
[migrater] timestamp=1779269543.66, migrating=False, epoch=0, total_epochs=0, configured=0 B/s, rate=0 B/s, pending=0 bytes
[migrater] timestamp=1779269543.76, migrating=False, epoch=0, total_epochs=0, configured=0 B/s, rate=0 B/s, pending=0 bytes
[migrater] timestamp=1779269543.86, migrating=False, epoch=0, total_epochs=0, configured=0 B/s, rate=0 B/s, pending=0 bytes
[migrater] timestamp=1779269543.96, migrating=False, epoch=0, total_epochs=0, configured=0 B/s, rate=0 B/s, pending=0 bytes
[migrater] timestamp=1779269544.06, migrating=False, epoch=0, total_epochs=0, configured=0 B/s, rate=0 B/s, pending=0 bytes
[migrater] timestamp=1779269544.17, migrating=False, epoch=0, total_epochs=0, configured=0 B/s, rate=0 B/s, pending=0 bytes
[migrater] timestamp=1779269544.27, migrating=False, epoch=0, total_epochs=0, configured=0 B/s, rate=0 B/s, pending=0 bytes
[migrater] timestamp=1779269544.37, migrating=False, epoch=0, total_epochs=0, configured=0 B/s, rate=0 B/s, pending=0 bytes
[migrater] timestamp=1779269544.47, migrating=False, epoch=0, total_epochs=0, configured=0 B/s, rate=0 B/s, pending=0 bytes
[migrater] timestamp=1779269544.57, migrating=False, epoch=0, total_epochs=0, configured=0 B/s, rate=0 B/s, pending=0 bytes
[migrater] timestamp=1779269544.67, migrating=False, epoch=0, total_epochs=0, configured=0 B/s, rate=0 B/s, pending=0 bytes
[migrater] timestamp=1779269544.77, migrating=False, epoch=0, total_epochs=0, configured=0 B/s, rate=0 B/s, pending=0 bytes
[migrater] timestamp=1779269544.87, migrating=False, epoch=0, total_epochs=0, configured=0 B/s, rate=0 B/s, pending=0 bytes
[migrater] timestamp=1779269544.97, migrating=False, epoch=0, total_epochs=0, configured=0 B/s, rate=0 B/s, pending=0 bytes
[migrater] timestamp=1779269545.07, migrating=False, epoch=0, total_epochs=0, configured=0 B/s, rate=0 B/s, pending=0 bytes
[migrater] timestamp=1779269545.17, migrating=False, epoch=0, total_epochs=0, configured=0 B/s, rate=0 B/s, pending=0 bytes
[migrater] timestamp=1779269545.27, migrating=False, epoch=0, total_epochs=0, configured=0 B/s, rate=0 B/s, pending=0 bytes
[migrater] timestamp=1779269545.37, migrating=False, epoch=0, total_epochs=0, configured=0 B/s, rate=0 B/s, pending=0 bytes
[migrater] timestamp=1779269545.47, migrating=False, epoch=0, total_epochs=0, configured=0 B/s, rate=0 B/s, pending=0 bytes
[migrater] timestamp=1779269545.57, migrating=False, epoch=0, total_epochs=0, configured=0 B/s, rate=0 B/s, pending=0 bytes
[migrater] timestamp=1779269545.67, migrating=False, epoch=1, total_epochs=3, configured=0 B/s, rate=0 B/s, pending=5368709120 bytes
[migrater] timestamp=1779269545.77, migrating=True, epoch=1, total_epochs=3, configured=0 B/s, rate=0 B/s, pending=5368709120 bytes
[migrater] timestamp=1779269545.78, migrating=True, epoch=1, total_epochs=3, configured=500000000 B/s, rate=481454756 B/s, pending=5318377472 bytes ([0.94%] 50331648/5368709120 bytes copied)
[migrater] timestamp=1779269545.88, migrating=True, epoch=1, total_epochs=3, configured=500000000 B/s, rate=499992664 B/s, pending=5268045824 bytes ([1.88%] 100663296/5368709120 bytes copied)
[migrater] timestamp=1779269545.98, migrating=True, epoch=1, total_epochs=3, configured=500000000 B/s, rate=500070159 B/s, pending=5217714176 bytes ([2.81%] 150994944/5368709120 bytes copied)
[migrater] timestamp=1779269546.08, migrating=True, epoch=1, total_epochs=3, configured=500000000 B/s, rate=499907198 B/s, pending=5167382528 bytes ([3.75%] 201326592/5368709120 bytes copied)
[migrater] timestamp=1779269546.19, migrating=True, epoch=1, total_epochs=3, configured=500000000 B/s, rate=499986798 B/s, pending=5117050880 bytes ([4.69%] 251658240/5368709120 bytes copied)
[migrater] timestamp=1779269546.29, migrating=True, epoch=1, total_epochs=3, configured=500000000 B/s, rate=499991720 B/s, pending=5066719232 bytes ([5.62%] 301989888/5368709120 bytes copied)
[migrater] timestamp=1779269546.39, migrating=True, epoch=1, total_epochs=3, configured=500000000 B/s, rate=499932224 B/s, pending=5016387584 bytes ([6.56%] 352321536/5368709120 bytes copied)
[migrater] timestamp=1779269546.49, migrating=True, epoch=1, total_epochs=3, configured=500000000 B/s, rate=500007912 B/s, pending=4966055936 bytes ([7.50%] 402653184/5368709120 bytes copied)
[migrater] timestamp=1779269546.59, migrating=True, epoch=1, total_epochs=3, configured=500000000 B/s, rate=499912064 B/s, pending=4915724288 bytes ([8.44%] 452984832/5368709120 bytes copied)
[migrater] timestamp=1779269546.69, migrating=True, epoch=1, total_epochs=3, configured=500000000 B/s, rate=500101661 B/s, pending=4865392640 bytes ([9.38%] 503316480/5368709120 bytes copied)
[migrater] timestamp=1779269546.79, migrating=True, epoch=1, total_epochs=3, configured=500000000 B/s, rate=499841562 B/s, pending=4815060992 bytes ([10.31%] 553648128/5368709120 bytes copied)
[migrater] timestamp=1779269546.89, migrating=True, epoch=1, total_epochs=3, configured=500000000 B/s, rate=499937140 B/s, pending=4764729344 bytes ([11.25%] 603979776/5368709120 bytes copied)
[migrater] timestamp=1779269546.99, migrating=True, epoch=1, total_epochs=3, configured=500000000 B/s, rate=499978657 B/s, pending=4714397696 bytes ([12.19%] 654311424/5368709120 bytes copied)
[migrater] timestamp=1779269547.09, migrating=True, epoch=1, total_epochs=3, configured=500000000 B/s, rate=500035085 B/s, pending=4664066048 bytes ([13.12%] 704643072/5368709120 bytes copied)
[migrater] timestamp=1779269547.19, migrating=True, epoch=1, total_epochs=3, configured=500000000 B/s, rate=499925763 B/s, pending=4613734400 bytes ([14.06%] 754974720/5368709120 bytes copied)
[migrater] timestamp=1779269547.29, migrating=True, epoch=1, total_epochs=3, configured=500000000 B/s, rate=500155830 B/s, pending=4563402752 bytes ([15.00%] 805306368/5368709120 bytes copied)
[migrater] timestamp=1779269547.39, migrating=True, epoch=1, total_epochs=3, configured=500000000 B/s, rate=500163484 B/s, pending=4513071104 bytes ([15.94%] 855638016/5368709120 bytes copied)
[migrater] timestamp=1779269547.49, migrating=True, epoch=1, total_epochs=3, configured=500000000 B/s, rate=499945483 B/s, pending=4462739456 bytes ([16.88%] 905969664/5368709120 bytes copied)
[migrater] timestamp=1779269547.59, migrating=True, epoch=1, total_epochs=3, configured=500000000 B/s, rate=500016903 B/s, pending=4412407808 bytes ([17.81%] 956301312/5368709120 bytes copied)
[migrater] timestamp=1779269547.70, migrating=True, epoch=1, total_epochs=3, configured=500000000 B/s, rate=500004684 B/s, pending=4362076160 bytes ([18.75%] 1006632960/5368709120 bytes copied)
[migrater] timestamp=1779269547.80, migrating=True, epoch=1, total_epochs=3, configured=500000000 B/s, rate=499968818 B/s, pending=4311744512 bytes ([19.69%] 1056964608/5368709120 bytes copied)
[migrater] timestamp=1779269547.90, migrating=True, epoch=1, total_epochs=3, configured=500000000 B/s, rate=500108767 B/s, pending=4261412864 bytes ([20.62%] 1107296256/5368709120 bytes copied)
[migrater] timestamp=1779269548.00, migrating=True, epoch=1, total_epochs=3, configured=500000000 B/s, rate=499924825 B/s, pending=4211081216 bytes ([21.56%] 1157627904/5368709120 bytes copied)
[migrater] timestamp=1779269548.10, migrating=True, epoch=1, total_epochs=3, configured=500000000 B/s, rate=499992117 B/s, pending=4160749568 bytes ([22.50%] 1207959552/5368709120 bytes copied)
[migrater] timestamp=1779269548.20, migrating=True, epoch=1, total_epochs=3, configured=500000000 B/s, rate=499788310 B/s, pending=4110417920 bytes ([23.44%] 1258291200/5368709120 bytes copied)
[migrater] timestamp=1779269548.30, migrating=True, epoch=1, total_epochs=3, configured=500000000 B/s, rate=499993454 B/s, pending=4060086272 bytes ([24.38%] 1308622848/5368709120 bytes copied)
[migrater] timestamp=1779269548.40, migrating=True, epoch=1, total_epochs=3, configured=500000000 B/s, rate=500149618 B/s, pending=4009754624 bytes ([25.31%] 1358954496/5368709120 bytes copied)
[migrater] timestamp=1779269548.50, migrating=True, epoch=1, total_epochs=3, configured=500000000 B/s, rate=499879444 B/s, pending=3959422976 bytes ([26.25%] 1409286144/5368709120 bytes copied)
[migrater] timestamp=1779269548.60, migrating=True, epoch=1, total_epochs=3, configured=500000000 B/s, rate=500067526 B/s, pending=3909091328 bytes ([27.19%] 1459617792/5368709120 bytes copied)
[migrater] timestamp=1779269548.70, migrating=True, epoch=1, total_epochs=3, configured=500000000 B/s, rate=499895133 B/s, pending=3858759680 bytes ([28.12%] 1509949440/5368709120 bytes copied)
[migrater] timestamp=1779269548.80, migrating=True, epoch=1, total_epochs=3, configured=500000000 B/s, rate=500073638 B/s, pending=3808428032 bytes ([29.06%] 1560281088/5368709120 bytes copied)
[migrater] timestamp=1779269548.90, migrating=True, epoch=1, total_epochs=3, configured=500000000 B/s, rate=500243618 B/s, pending=3758096384 bytes ([30.00%] 1610612736/5368709120 bytes copied)
[migrater] timestamp=1779269549.00, migrating=True, epoch=1, total_epochs=3, configured=500000000 B/s, rate=500080042 B/s, pending=3707764736 bytes ([30.94%] 1660944384/5368709120 bytes copied)
[migrater] timestamp=1779269549.10, migrating=True, epoch=1, total_epochs=3, configured=500000000 B/s, rate=499947569 B/s, pending=3657433088 bytes ([31.87%] 1711276032/5368709120 bytes copied)
[migrater] timestamp=1779269549.21, migrating=True, epoch=1, total_epochs=3, configured=500000000 B/s, rate=499963311 B/s, pending=3607101440 bytes ([32.81%] 1761607680/5368709120 bytes copied)
[migrater] timestamp=1779269549.31, migrating=True, epoch=1, total_epochs=3, configured=500000000 B/s, rate=500028279 B/s, pending=3556769792 bytes ([33.75%] 1811939328/5368709120 bytes copied)
[migrater] timestamp=1779269549.41, migrating=True, epoch=1, total_epochs=3, configured=500000000 B/s, rate=500067328 B/s, pending=3506438144 bytes ([34.69%] 1862270976/5368709120 bytes copied)
[migrater] timestamp=1779269549.51, migrating=True, epoch=1, total_epochs=3, configured=500000000 B/s, rate=500009497 B/s, pending=3456106496 bytes ([35.62%] 1912602624/5368709120 bytes copied)
[migrater] timestamp=1779269549.61, migrating=True, epoch=1, total_epochs=3, configured=500000000 B/s, rate=499920505 B/s, pending=3405774848 bytes ([36.56%] 1962934272/5368709120 bytes copied)
[migrater] timestamp=1779269549.71, migrating=True, epoch=1, total_epochs=3, configured=500000000 B/s, rate=500023063 B/s, pending=3355443200 bytes ([37.50%] 2013265920/5368709120 bytes copied)
[migrater] timestamp=1779269549.81, migrating=True, epoch=1, total_epochs=3, configured=500000000 B/s, rate=499925272 B/s, pending=3305111552 bytes ([38.44%] 2063597568/5368709120 bytes copied)
[migrater] timestamp=1779269549.91, migrating=True, epoch=1, total_epochs=3, configured=500000000 B/s, rate=500015860 B/s, pending=3254779904 bytes ([39.38%] 2113929216/5368709120 bytes copied)
[migrater] timestamp=1779269550.01, migrating=True, epoch=1, total_epochs=3, configured=500000000 B/s, rate=500047201 B/s, pending=3204448256 bytes ([40.31%] 2164260864/5368709120 bytes copied)
[migrater] timestamp=1779269550.11, migrating=True, epoch=1, total_epochs=3, configured=500000000 B/s, rate=499925073 B/s, pending=3154116608 bytes ([41.25%] 2214592512/5368709120 bytes copied)
[migrater] timestamp=1779269550.21, migrating=True, epoch=1, total_epochs=3, configured=500000000 B/s, rate=499930436 B/s, pending=3103784960 bytes ([42.19%] 2264924160/5368709120 bytes copied)
[migrater] timestamp=1779269550.31, migrating=True, epoch=1, total_epochs=3, configured=500000000 B/s, rate=500096395 B/s, pending=3053453312 bytes ([43.12%] 2315255808/5368709120 bytes copied)
[migrater] timestamp=1779269550.41, migrating=True, epoch=1, total_epochs=3, configured=500000000 B/s, rate=500052323 B/s, pending=3003121664 bytes ([44.06%] 2365587456/5368709120 bytes copied)
[migrater] timestamp=1779269550.51, migrating=True, epoch=1, total_epochs=3, configured=500000000 B/s, rate=499843497 B/s, pending=2952790016 bytes ([45.00%] 2415919104/5368709120 bytes copied)
[migrater] timestamp=1779269550.61, migrating=True, epoch=1, total_epochs=3, configured=500000000 B/s, rate=500297420 B/s, pending=2902458368 bytes ([45.94%] 2466250752/5368709120 bytes copied)
[migrater] timestamp=1779269550.72, migrating=True, epoch=1, total_epochs=3, configured=500000000 B/s, rate=499960977 B/s, pending=2852126720 bytes ([46.88%] 2516582400/5368709120 bytes copied)
[migrater] timestamp=1779269550.82, migrating=True, epoch=1, total_epochs=3, configured=500000000 B/s, rate=500005181 B/s, pending=2801795072 bytes ([47.81%] 2566914048/5368709120 bytes copied)
[migrater] timestamp=1779269550.92, migrating=True, epoch=1, total_epochs=3, configured=500000000 B/s, rate=499990876 B/s, pending=2751463424 bytes ([48.75%] 2617245696/5368709120 bytes copied)
[migrater] timestamp=1779269551.02, migrating=True, epoch=1, total_epochs=3, configured=500000000 B/s, rate=499898409 B/s, pending=2701131776 bytes ([49.69%] 2667577344/5368709120 bytes copied)
[migrater] timestamp=1779269551.12, migrating=True, epoch=1, total_epochs=3, configured=500000000 B/s, rate=500151457 B/s, pending=2650800128 bytes ([50.62%] 2717908992/5368709120 bytes copied)
[migrater] timestamp=1779269551.22, migrating=True, epoch=1, total_epochs=3, configured=500000000 B/s, rate=499954863 B/s, pending=2600468480 bytes ([51.56%] 2768240640/5368709120 bytes copied)
[migrater] timestamp=1779269551.32, migrating=True, epoch=1, total_epochs=3, configured=500000000 B/s, rate=499892253 B/s, pending=2550136832 bytes ([52.50%] 2818572288/5368709120 bytes copied)
[migrater] timestamp=1779269551.42, migrating=True, epoch=1, total_epochs=3, configured=500000000 B/s, rate=499981290 B/s, pending=2499805184 bytes ([53.44%] 2868903936/5368709120 bytes copied)
[migrater] timestamp=1779269551.52, migrating=True, epoch=1, total_epochs=3, configured=500000000 B/s, rate=499913653 B/s, pending=2449473536 bytes ([54.37%] 2919235584/5368709120 bytes copied)
[migrater] timestamp=1779269551.62, migrating=True, epoch=1, total_epochs=3, configured=500000000 B/s, rate=499771680 B/s, pending=2399141888 bytes ([55.31%] 2969567232/5368709120 bytes copied)
[migrater] timestamp=1779269551.72, migrating=True, epoch=1, total_epochs=3, configured=500000000 B/s, rate=499310001 B/s, pending=2348810240 bytes ([56.25%] 3019898880/5368709120 bytes copied)
[migrater] timestamp=1779269551.82, migrating=True, epoch=1, total_epochs=3, configured=500000000 B/s, rate=500421079 B/s, pending=2298478592 bytes ([57.19%] 3070230528/5368709120 bytes copied)
[migrater] timestamp=1779269551.92, migrating=True, epoch=1, total_epochs=3, configured=500000000 B/s, rate=500243768 B/s, pending=2248146944 bytes ([58.13%] 3120562176/5368709120 bytes copied)
[migrater] timestamp=1779269552.02, migrating=True, epoch=1, total_epochs=3, configured=500000000 B/s, rate=499932671 B/s, pending=2197815296 bytes ([59.06%] 3170893824/5368709120 bytes copied)
[migrater] timestamp=1779269552.12, migrating=True, epoch=1, total_epochs=3, configured=500000000 B/s, rate=499930183 B/s, pending=2147483648 bytes ([60.00%] 3221225472/5368709120 bytes copied)
[migrater] timestamp=1779269552.23, migrating=True, epoch=1, total_epochs=3, configured=500000000 B/s, rate=500118905 B/s, pending=2097152000 bytes ([60.94%] 3271557120/5368709120 bytes copied)
[migrater] timestamp=1779269552.33, migrating=True, epoch=1, total_epochs=3, configured=500000000 B/s, rate=499976075 B/s, pending=2046820352 bytes ([61.88%] 3321888768/5368709120 bytes copied)
[migrater] timestamp=1779269552.43, migrating=True, epoch=1, total_epochs=3, configured=500000000 B/s, rate=499939623 B/s, pending=1996488704 bytes ([62.81%] 3372220416/5368709120 bytes copied)
[migrater] timestamp=1779269552.53, migrating=True, epoch=1, total_epochs=3, configured=500000000 B/s, rate=500019288 B/s, pending=1946157056 bytes ([63.75%] 3422552064/5368709120 bytes copied)
[migrater] timestamp=1779269552.63, migrating=True, epoch=1, total_epochs=3, configured=500000000 B/s, rate=499988536 B/s, pending=1895825408 bytes ([64.69%] 3472883712/5368709120 bytes copied)
[migrater] timestamp=1779269552.73, migrating=True, epoch=1, total_epochs=3, configured=500000000 B/s, rate=500127701 B/s, pending=1845493760 bytes ([65.62%] 3523215360/5368709120 bytes copied)
[migrater] timestamp=1779269552.83, migrating=True, epoch=1, total_epochs=3, configured=500000000 B/s, rate=499783892 B/s, pending=1795162112 bytes ([66.56%] 3573547008/5368709120 bytes copied)
[migrater] timestamp=1779269552.93, migrating=True, epoch=1, total_epochs=3, configured=500000000 B/s, rate=499961871 B/s, pending=1744830464 bytes ([67.50%] 3623878656/5368709120 bytes copied)
[migrater] timestamp=1779269553.03, migrating=True, epoch=1, total_epochs=3, configured=500000000 B/s, rate=499973194 B/s, pending=1694498816 bytes ([68.44%] 3674210304/5368709120 bytes copied)
[migrater] timestamp=1779269553.13, migrating=True, epoch=1, total_epochs=3, configured=500000000 B/s, rate=500002941 B/s, pending=1644167168 bytes ([69.38%] 3724541952/5368709120 bytes copied)
[migrater] timestamp=1779269553.23, migrating=True, epoch=1, total_epochs=3, configured=500000000 B/s, rate=500020828 B/s, pending=1593835520 bytes ([70.31%] 3774873600/5368709120 bytes copied)
[migrater] timestamp=1779269553.33, migrating=True, epoch=1, total_epochs=3, configured=500000000 B/s, rate=500102059 B/s, pending=1543503872 bytes ([71.25%] 3825205248/5368709120 bytes copied)
[migrater] timestamp=1779269553.43, migrating=True, epoch=1, total_epochs=3, configured=500000000 B/s, rate=500079600 B/s, pending=1493172224 bytes ([72.19%] 3875536896/5368709120 bytes copied)
[migrater] timestamp=1779269553.53, migrating=True, epoch=1, total_epochs=3, configured=500000000 B/s, rate=499988988 B/s, pending=1442840576 bytes ([73.12%] 3925868544/5368709120 bytes copied)
[migrater] timestamp=1779269553.63, migrating=True, epoch=1, total_epochs=3, configured=500000000 B/s, rate=500157023 B/s, pending=1392508928 bytes ([74.06%] 3976200192/5368709120 bytes copied)
[migrater] timestamp=1779269553.74, migrating=True, epoch=1, total_epochs=3, configured=500000000 B/s, rate=500092469 B/s, pending=1342177280 bytes ([75.00%] 4026531840/5368709120 bytes copied)
[migrater] timestamp=1779269553.84, migrating=True, epoch=1, total_epochs=3, configured=500000000 B/s, rate=500137486 B/s, pending=1291845632 bytes ([75.94%] 4076863488/5368709120 bytes copied)
[migrater] timestamp=1779269553.94, migrating=True, epoch=1, total_epochs=3, configured=500000000 B/s, rate=499928698 B/s, pending=1241513984 bytes ([76.88%] 4127195136/5368709120 bytes copied)
[migrater] timestamp=1779269554.04, migrating=True, epoch=1, total_epochs=3, configured=500000000 B/s, rate=499989634 B/s, pending=1191182336 bytes ([77.81%] 4177526784/5368709120 bytes copied)
[migrater] timestamp=1779269554.14, migrating=True, epoch=1, total_epochs=3, configured=500000000 B/s, rate=499993260 B/s, pending=1140850688 bytes ([78.75%] 4227858432/5368709120 bytes copied)
[migrater] timestamp=1779269554.24, migrating=True, epoch=1, total_epochs=3, configured=500000000 B/s, rate=499929990 B/s, pending=1090519040 bytes ([79.69%] 4278190080/5368709120 bytes copied)
[migrater] timestamp=1779269554.34, migrating=True, epoch=1, total_epochs=3, configured=500000000 B/s, rate=499989281 B/s, pending=1040187392 bytes ([80.62%] 4328521728/5368709120 bytes copied)
[migrater] timestamp=1779269554.44, migrating=True, epoch=1, total_epochs=3, configured=500000000 B/s, rate=499996489 B/s, pending=989855744 bytes ([81.56%] 4378853376/5368709120 bytes copied)
[migrater] timestamp=1779269554.54, migrating=True, epoch=1, total_epochs=3, configured=500000000 B/s, rate=499816251 B/s, pending=939524096 bytes ([82.50%] 4429185024/5368709120 bytes copied)
[migrater] timestamp=1779269554.64, migrating=True, epoch=1, total_epochs=3, configured=500000000 B/s, rate=499308759 B/s, pending=889192448 bytes ([83.44%] 4479516672/5368709120 bytes copied)
[migrater] timestamp=1779269554.74, migrating=True, epoch=1, total_epochs=3, configured=500000000 B/s, rate=499488683 B/s, pending=838860800 bytes ([84.38%] 4529848320/5368709120 bytes copied)
[migrater] timestamp=1779269554.84, migrating=True, epoch=1, total_epochs=3, configured=500000000 B/s, rate=499659403 B/s, pending=788529152 bytes ([85.31%] 4580179968/5368709120 bytes copied)
[migrater] timestamp=1779269554.94, migrating=True, epoch=1, total_epochs=3, configured=500000000 B/s, rate=499959189 B/s, pending=738197504 bytes ([86.25%] 4630511616/5368709120 bytes copied)
[migrater] timestamp=1779269555.04, migrating=True, epoch=1, total_epochs=3, configured=500000000 B/s, rate=499437087 B/s, pending=687865856 bytes ([87.19%] 4680843264/5368709120 bytes copied)
[migrater] timestamp=1779269555.15, migrating=True, epoch=1, total_epochs=3, configured=500000000 B/s, rate=499486596 B/s, pending=637534208 bytes ([88.12%] 4731174912/5368709120 bytes copied)
[migrater] timestamp=1779269555.25, migrating=True, epoch=1, total_epochs=3, configured=500000000 B/s, rate=499470244 B/s, pending=587202560 bytes ([89.06%] 4781506560/5368709120 bytes copied)
[migrater] timestamp=1779269555.35, migrating=True, epoch=1, total_epochs=3, configured=500000000 B/s, rate=499629544 B/s, pending=536870912 bytes ([90.00%] 4831838208/5368709120 bytes copied)
[migrater] timestamp=1779269555.45, migrating=True, epoch=1, total_epochs=3, configured=500000000 B/s, rate=499465338 B/s, pending=486539264 bytes ([90.94%] 4882169856/5368709120 bytes copied)
[migrater] timestamp=1779269555.55, migrating=True, epoch=1, total_epochs=3, configured=500000000 B/s, rate=499400660 B/s, pending=436207616 bytes ([91.88%] 4932501504/5368709120 bytes copied)
[migrater] timestamp=1779269555.66, migrating=True, epoch=1, total_epochs=3, configured=500000000 B/s, rate=458158087 B/s, pending=385875968 bytes ([92.81%] 4982833152/5368709120 bytes copied)
[migrater] timestamp=1779269555.76, migrating=True, epoch=1, total_epochs=3, configured=500000000 B/s, rate=500043878 B/s, pending=335544320 bytes ([93.75%] 5033164800/5368709120 bytes copied)
[migrater] timestamp=1779269555.86, migrating=True, epoch=1, total_epochs=3, configured=500000000 B/s, rate=499842609 B/s, pending=285212672 bytes ([94.69%] 5083496448/5368709120 bytes copied)
[migrater] timestamp=1779269555.96, migrating=True, epoch=1, total_epochs=3, configured=500000000 B/s, rate=500063899 B/s, pending=234881024 bytes ([95.62%] 5133828096/5368709120 bytes copied)
[migrater] timestamp=1779269556.07, migrating=True, epoch=1, total_epochs=3, configured=666666666 B/s, rate=619603350 B/s, pending=167772160 bytes ([96.88%] 5200936960/5368709120 bytes copied)
[migrater] timestamp=1779269556.17, migrating=True, epoch=1, total_epochs=3, configured=666666666 B/s, rate=666655495 B/s, pending=100663296 bytes ([98.12%] 5268045824/5368709120 bytes copied)
[migrater] timestamp=1779269556.30, migrating=False, epoch=1, total_epochs=3, configured=1000000000 B/s, rate=0 B/s, pending=0 bytes ([100.00%] 5368709120/5368709120 bytes copied)
[migrater] timestamp=1779269556.43, migrating=False, epoch=1, total_epochs=3, configured=0 B/s, rate=0 B/s, pending=0 bytes
[migrater] timestamp=1779269556.53, migrating=False, epoch=1, total_epochs=3, configured=0 B/s, rate=0 B/s, pending=0 bytes
[migrater] timestamp=1779269556.63, migrating=False, epoch=1, total_epochs=3, configured=0 B/s, rate=0 B/s, pending=0 bytes
[migrater] timestamp=1779269556.73, migrating=False, epoch=1, total_epochs=3, configured=0 B/s, rate=0 B/s, pending=0 bytes
[migrater] timestamp=1779269556.83, migrating=False, epoch=1, total_epochs=3, configured=0 B/s, rate=0 B/s, pending=0 bytes
[migrater] timestamp=1779269556.93, migrating=False, epoch=1, total_epochs=3, configured=0 B/s, rate=0 B/s, pending=0 bytes
[migrater] timestamp=1779269557.03, migrating=False, epoch=1, total_epochs=3, configured=0 B/s, rate=0 B/s, pending=0 bytes
[migrater] timestamp=1779269557.13, migrating=False, epoch=1, total_epochs=3, configured=0 B/s, rate=0 B/s, pending=0 bytes
[migrater] timestamp=1779269557.23, migrating=False, epoch=1, total_epochs=3, configured=0 B/s, rate=0 B/s, pending=0 bytes
[migrater] timestamp=1779269557.33, migrating=False, epoch=1, total_epochs=3, configured=0 B/s, rate=0 B/s, pending=0 bytes
[migrater] timestamp=1779269557.43, migrating=False, epoch=1, total_epochs=3, configured=0 B/s, rate=0 B/s, pending=0 bytes
[migrater] timestamp=1779269557.53, migrating=False, epoch=1, total_epochs=3, configured=0 B/s, rate=0 B/s, pending=0 bytes
[migrater] timestamp=1779269557.63, migrating=False, epoch=1, total_epochs=3, configured=0 B/s, rate=0 B/s, pending=0 bytes
[migrater] timestamp=1779269557.73, migrating=False, epoch=1, total_epochs=3, configured=0 B/s, rate=0 B/s, pending=0 bytes
[migrater] timestamp=1779269557.83, migrating=False, epoch=1, total_epochs=3, configured=0 B/s, rate=0 B/s, pending=0 bytes
[migrater] timestamp=1779269557.93, migrating=False, epoch=1, total_epochs=3, configured=0 B/s, rate=0 B/s, pending=0 bytes
[migrater] timestamp=1779269558.03, migrating=False, epoch=1, total_epochs=3, configured=0 B/s, rate=0 B/s, pending=0 bytes
[migrater] timestamp=1779269558.13, migrating=False, epoch=1, total_epochs=3, configured=0 B/s, rate=0 B/s, pending=0 bytes
[migrater] timestamp=1779269558.23, migrating=False, epoch=1, total_epochs=3, configured=0 B/s, rate=0 B/s, pending=0 bytes
[migrater] timestamp=1779269558.33, migrating=False, epoch=1, total_epochs=3, configured=0 B/s, rate=0 B/s, pending=0 bytes
[migrater] timestamp=1779269558.44, migrating=False, epoch=1, total_epochs=3, configured=0 B/s, rate=0 B/s, pending=0 bytes
[migrater] timestamp=1779269558.54, migrating=False, epoch=1, total_epochs=3, configured=0 B/s, rate=0 B/s, pending=0 bytes
[migrater] timestamp=1779269558.64, migrating=False, epoch=1, total_epochs=3, configured=0 B/s, rate=0 B/s, pending=0 bytes
[migrater] timestamp=1779269558.74, migrating=False, epoch=1, total_epochs=3, configured=0 B/s, rate=0 B/s, pending=0 bytes
[migrater] timestamp=1779269558.84, migrating=False, epoch=1, total_epochs=3, configured=0 B/s, rate=0 B/s, pending=0 bytes
[migrater] timestamp=1779269558.94, migrating=False, epoch=1, total_epochs=3, configured=0 B/s, rate=0 B/s, pending=0 bytes
[migrater] timestamp=1779269559.04, migrating=False, epoch=1, total_epochs=3, configured=0 B/s, rate=0 B/s, pending=0 bytes
[migrater] timestamp=1779269559.14, migrating=False, epoch=1, total_epochs=3, configured=0 B/s, rate=0 B/s, pending=0 bytes
[migrater] timestamp=1779269559.24, migrating=False, epoch=1, total_epochs=3, configured=0 B/s, rate=0 B/s, pending=0 bytes
[migrater] timestamp=1779269559.34, migrating=False, epoch=1, total_epochs=3, configured=0 B/s, rate=0 B/s, pending=0 bytes
[migrater] timestamp=1779269559.44, migrating=False, epoch=1, total_epochs=3, configured=0 B/s, rate=0 B/s, pending=0 bytes
[migrater] timestamp=1779269559.54, migrating=False, epoch=1, total_epochs=3, configured=0 B/s, rate=0 B/s, pending=0 bytes
[migrater] timestamp=1779269559.64, migrating=False, epoch=1, total_epochs=3, configured=0 B/s, rate=0 B/s, pending=0 bytes
[migrater] timestamp=1779269559.74, migrating=False, epoch=1, total_epochs=3, configured=0 B/s, rate=0 B/s, pending=0 bytes
[migrater] timestamp=1779269559.84, migrating=False, epoch=1, total_epochs=3, configured=0 B/s, rate=0 B/s, pending=0 bytes
[migrater] timestamp=1779269559.94, migrating=False, epoch=1, total_epochs=3, configured=0 B/s, rate=0 B/s, pending=0 bytes
[migrater] timestamp=1779269560.04, migrating=False, epoch=1, total_epochs=3, configured=0 B/s, rate=0 B/s, pending=0 bytes
[migrater] timestamp=1779269560.14, migrating=False, epoch=1, total_epochs=3, configured=0 B/s, rate=0 B/s, pending=0 bytes
[migrater] timestamp=1779269560.24, migrating=False, epoch=1, total_epochs=3, configured=0 B/s, rate=0 B/s, pending=0 bytes
[migrater] timestamp=1779269560.34, migrating=False, epoch=1, total_epochs=3, configured=0 B/s, rate=0 B/s, pending=0 bytes
[migrater] timestamp=1779269560.44, migrating=False, epoch=1, total_epochs=3, configured=0 B/s, rate=0 B/s, pending=0 bytes
[migrater] timestamp=1779269560.54, migrating=False, epoch=1, total_epochs=3, configured=0 B/s, rate=0 B/s, pending=0 bytes
[migrater] timestamp=1779269560.64, migrating=False, epoch=1, total_epochs=3, configured=0 B/s, rate=0 B/s, pending=0 bytes
[migrater] timestamp=1779269560.74, migrating=False, epoch=1, total_epochs=3, configured=0 B/s, rate=0 B/s, pending=0 bytes
[migrater] timestamp=1779269560.85, migrating=False, epoch=1, total_epochs=3, configured=0 B/s, rate=0 B/s, pending=0 bytes
[migrater] timestamp=1779269560.95, migrating=False, epoch=1, total_epochs=3, configured=0 B/s, rate=0 B/s, pending=0 bytes
[migrater] timestamp=1779269561.05, migrating=False, epoch=1, total_epochs=3, configured=0 B/s, rate=0 B/s, pending=0 bytes
[migrater] timestamp=1779269561.15, migrating=False, epoch=1, total_epochs=3, configured=0 B/s, rate=0 B/s, pending=0 bytes
[migrater] timestamp=1779269561.25, migrating=False, epoch=1, total_epochs=3, configured=0 B/s, rate=0 B/s, pending=0 bytes
[migrater] timestamp=1779269561.35, migrating=False, epoch=1, total_epochs=3, configured=0 B/s, rate=0 B/s, pending=0 bytes
[migrater] timestamp=1779269561.45, migrating=False, epoch=1, total_epochs=3, configured=0 B/s, rate=0 B/s, pending=0 bytes
[migrater] timestamp=1779269561.55, migrating=False, epoch=1, total_epochs=3, configured=0 B/s, rate=0 B/s, pending=0 bytes
[migrater] timestamp=1779269561.65, migrating=False, epoch=1, total_epochs=3, configured=0 B/s, rate=0 B/s, pending=0 bytes
[migrater] timestamp=1779269561.75, migrating=False, epoch=1, total_epochs=3, configured=0 B/s, rate=0 B/s, pending=0 bytes
[migrater] timestamp=1779269561.85, migrating=False, epoch=1, total_epochs=3, configured=0 B/s, rate=0 B/s, pending=0 bytes
[migrater] timestamp=1779269561.95, migrating=False, epoch=1, total_epochs=3, configured=0 B/s, rate=0 B/s, pending=0 bytes
[migrater] timestamp=1779269562.05, migrating=False, epoch=1, total_epochs=3, configured=0 B/s, rate=0 B/s, pending=0 bytes
[migrater] timestamp=1779269562.15, migrating=False, epoch=1, total_epochs=3, configured=0 B/s, rate=0 B/s, pending=0 bytes
[migrater] timestamp=1779269562.25, migrating=False, epoch=1, total_epochs=3, configured=0 B/s, rate=0 B/s, pending=0 bytes
[migrater] timestamp=1779269562.35, migrating=False, epoch=1, total_epochs=3, configured=0 B/s, rate=0 B/s, pending=0 bytes
[migrater] timestamp=1779269562.45, migrating=False, epoch=2, total_epochs=3, configured=0 B/s, rate=0 B/s, pending=5368709120 bytes
[migrater] timestamp=1779269562.55, migrating=True, epoch=2, total_epochs=3, configured=0 B/s, rate=0 B/s, pending=5368709120 bytes
[migrater] timestamp=1779269562.56, migrating=True, epoch=2, total_epochs=3, configured=500000000 B/s, rate=481176192 B/s, pending=5318377472 bytes ([0.94%] 50331648/5368709120 bytes copied)
[migrater] timestamp=1779269562.66, migrating=True, epoch=2, total_epochs=3, configured=500000000 B/s, rate=500142709 B/s, pending=5268045824 bytes ([1.88%] 100663296/5368709120 bytes copied)
[migrater] timestamp=1779269562.76, migrating=True, epoch=2, total_epochs=3, configured=500000000 B/s, rate=500070061 B/s, pending=5217714176 bytes ([2.81%] 150994944/5368709120 bytes copied)
[migrater] timestamp=1779269562.86, migrating=True, epoch=2, total_epochs=3, configured=500000000 B/s, rate=499964950 B/s, pending=5167382528 bytes ([3.75%] 201326592/5368709120 bytes copied)
[migrater] timestamp=1779269562.96, migrating=True, epoch=2, total_epochs=3, configured=500000000 B/s, rate=499947469 B/s, pending=5117050880 bytes ([4.69%] 251658240/5368709120 bytes copied)
[migrater] timestamp=1779269563.06, migrating=True, epoch=2, total_epochs=3, configured=500000000 B/s, rate=500183317 B/s, pending=5066719232 bytes ([5.62%] 301989888/5368709120 bytes copied)
[migrater] timestamp=1779269563.16, migrating=True, epoch=2, total_epochs=3, configured=500000000 B/s, rate=500045314 B/s, pending=5016387584 bytes ([6.56%] 352321536/5368709120 bytes copied)
[migrater] timestamp=1779269563.26, migrating=True, epoch=2, total_epochs=3, configured=500000000 B/s, rate=499692594 B/s, pending=4966055936 bytes ([7.50%] 402653184/5368709120 bytes copied)
[migrater] timestamp=1779269563.37, migrating=True, epoch=2, total_epochs=3, configured=500000000 B/s, rate=500169499 B/s, pending=4915724288 bytes ([8.44%] 452984832/5368709120 bytes copied)
[migrater] timestamp=1779269563.47, migrating=True, epoch=2, total_epochs=3, configured=500000000 B/s, rate=499927209 B/s, pending=4865392640 bytes ([9.38%] 503316480/5368709120 bytes copied)
[migrater] timestamp=1779269563.57, migrating=True, epoch=2, total_epochs=3, configured=500000000 B/s, rate=500126310 B/s, pending=4815060992 bytes ([10.31%] 553648128/5368709120 bytes copied)
[migrater] timestamp=1779269563.67, migrating=True, epoch=2, total_epochs=3, configured=500000000 B/s, rate=499846575 B/s, pending=4764729344 bytes ([11.25%] 603979776/5368709120 bytes copied)
[migrater] timestamp=1779269563.77, migrating=True, epoch=2, total_epochs=3, configured=500000000 B/s, rate=500114681 B/s, pending=4714397696 bytes ([12.19%] 654311424/5368709120 bytes copied)
[migrater] timestamp=1779269563.87, migrating=True, epoch=2, total_epochs=3, configured=500000000 B/s, rate=499994750 B/s, pending=4664066048 bytes ([13.12%] 704643072/5368709120 bytes copied)
[migrater] timestamp=1779269563.97, migrating=True, epoch=2, total_epochs=3, configured=500000000 B/s, rate=499983525 B/s, pending=4613734400 bytes ([14.06%] 754974720/5368709120 bytes copied)
[migrater] timestamp=1779269564.07, migrating=True, epoch=2, total_epochs=3, configured=500000000 B/s, rate=499847225 B/s, pending=4563402752 bytes ([15.00%] 805306368/5368709120 bytes copied)
[migrater] timestamp=1779269564.17, migrating=True, epoch=2, total_epochs=3, configured=500000000 B/s, rate=499930431 B/s, pending=4513071104 bytes ([15.94%] 855638016/5368709120 bytes copied)
[migrater] timestamp=1779269564.27, migrating=True, epoch=2, total_epochs=3, configured=500000000 B/s, rate=500020629 B/s, pending=4462739456 bytes ([16.88%] 905969664/5368709120 bytes copied)
[migrater] timestamp=1779269564.37, migrating=True, epoch=2, total_epochs=3, configured=500000000 B/s, rate=500177054 B/s, pending=4412407808 bytes ([17.81%] 956301312/5368709120 bytes copied)
[migrater] timestamp=1779269564.47, migrating=True, epoch=2, total_epochs=3, configured=500000000 B/s, rate=499890764 B/s, pending=4362076160 bytes ([18.75%] 1006632960/5368709120 bytes copied)
[migrater] timestamp=1779269564.57, migrating=True, epoch=2, total_epochs=3, configured=500000000 B/s, rate=500144896 B/s, pending=4311744512 bytes ([19.69%] 1056964608/5368709120 bytes copied)
[migrater] timestamp=1779269564.67, migrating=True, epoch=2, total_epochs=3, configured=500000000 B/s, rate=499983574 B/s, pending=4261412864 bytes ([20.62%] 1107296256/5368709120 bytes copied)
[migrater] timestamp=1779269564.77, migrating=True, epoch=2, total_epochs=3, configured=500000000 B/s, rate=500089334 B/s, pending=4211081216 bytes ([21.56%] 1157627904/5368709120 bytes copied)
[migrater] timestamp=1779269564.88, migrating=True, epoch=2, total_epochs=3, configured=500000000 B/s, rate=499748014 B/s, pending=4160749568 bytes ([22.50%] 1207959552/5368709120 bytes copied)
[migrater] timestamp=1779269564.98, migrating=True, epoch=2, total_epochs=3, configured=500000000 B/s, rate=500147928 B/s, pending=4110417920 bytes ([23.44%] 1258291200/5368709120 bytes copied)
[migrater] timestamp=1779269565.08, migrating=True, epoch=2, total_epochs=3, configured=500000000 B/s, rate=500014320 B/s, pending=4060086272 bytes ([24.38%] 1308622848/5368709120 bytes copied)
[migrater] timestamp=1779269565.18, migrating=True, epoch=2, total_epochs=3, configured=500000000 B/s, rate=500102705 B/s, pending=4009754624 bytes ([25.31%] 1358954496/5368709120 bytes copied)
[migrater] timestamp=1779269565.28, migrating=True, epoch=2, total_epochs=3, configured=500000000 B/s, rate=500002995 B/s, pending=3959422976 bytes ([26.25%] 1409286144/5368709120 bytes copied)
[migrater] timestamp=1779269565.38, migrating=True, epoch=2, total_epochs=3, configured=500000000 B/s, rate=499918117 B/s, pending=3909091328 bytes ([27.19%] 1459617792/5368709120 bytes copied)
[migrater] timestamp=1779269565.48, migrating=True, epoch=2, total_epochs=3, configured=500000000 B/s, rate=500015512 B/s, pending=3858759680 bytes ([28.12%] 1509949440/5368709120 bytes copied)
[migrater] timestamp=1779269565.58, migrating=True, epoch=2, total_epochs=3, configured=500000000 B/s, rate=499627714 B/s, pending=3808428032 bytes ([29.06%] 1560281088/5368709120 bytes copied)
[migrater] timestamp=1779269565.68, migrating=True, epoch=2, total_epochs=3, configured=500000000 B/s, rate=500020778 B/s, pending=3758096384 bytes ([30.00%] 1610612736/5368709120 bytes copied)
[migrater] timestamp=1779269565.78, migrating=True, epoch=2, total_epochs=3, configured=500000000 B/s, rate=500189282 B/s, pending=3707764736 bytes ([30.94%] 1660944384/5368709120 bytes copied)
[migrater] timestamp=1779269565.88, migrating=True, epoch=2, total_epochs=3, configured=500000000 B/s, rate=499731784 B/s, pending=3657433088 bytes ([31.87%] 1711276032/5368709120 bytes copied)
[migrater] timestamp=1779269565.98, migrating=True, epoch=2, total_epochs=3, configured=500000000 B/s, rate=500258833 B/s, pending=3607101440 bytes ([32.81%] 1761607680/5368709120 bytes copied)
[migrater] timestamp=1779269566.08, migrating=True, epoch=2, total_epochs=3, configured=500000000 B/s, rate=500146685 B/s, pending=3556769792 bytes ([33.75%] 1811939328/5368709120 bytes copied)
[migrater] timestamp=1779269566.18, migrating=True, epoch=2, total_epochs=3, configured=500000000 B/s, rate=500013426 B/s, pending=3506438144 bytes ([34.69%] 1862270976/5368709120 bytes copied)
[migrater] timestamp=1779269566.28, migrating=True, epoch=2, total_epochs=3, configured=500000000 B/s, rate=500046312 B/s, pending=3456106496 bytes ([35.62%] 1912602624/5368709120 bytes copied)
[migrater] timestamp=1779269566.39, migrating=True, epoch=2, total_epochs=3, configured=500000000 B/s, rate=499840966 B/s, pending=3405774848 bytes ([36.56%] 1962934272/5368709120 bytes copied)
[migrater] timestamp=1779269566.49, migrating=True, epoch=2, total_epochs=3, configured=500000000 B/s, rate=500131925 B/s, pending=3355443200 bytes ([37.50%] 2013265920/5368709120 bytes copied)
[migrater] timestamp=1779269566.59, migrating=True, epoch=2, total_epochs=3, configured=500000000 B/s, rate=499990280 B/s, pending=3305111552 bytes ([38.44%] 2063597568/5368709120 bytes copied)
[migrater] timestamp=1779269566.69, migrating=True, epoch=2, total_epochs=3, configured=500000000 B/s, rate=499994352 B/s, pending=3254779904 bytes ([39.38%] 2113929216/5368709120 bytes copied)
[migrater] timestamp=1779269566.79, migrating=True, epoch=2, total_epochs=3, configured=500000000 B/s, rate=500051032 B/s, pending=3204448256 bytes ([40.31%] 2164260864/5368709120 bytes copied)
[migrater] timestamp=1779269566.89, migrating=True, epoch=2, total_epochs=3, configured=500000000 B/s, rate=500000860 B/s, pending=3154116608 bytes ([41.25%] 2214592512/5368709120 bytes copied)
[migrater] timestamp=1779269566.99, migrating=True, epoch=2, total_epochs=3, configured=500000000 B/s, rate=499990920 B/s, pending=3103784960 bytes ([42.19%] 2264924160/5368709120 bytes copied)
[migrater] timestamp=1779269567.09, migrating=True, epoch=2, total_epochs=3, configured=500000000 B/s, rate=499871252 B/s, pending=3053453312 bytes ([43.12%] 2315255808/5368709120 bytes copied)
[migrater] timestamp=1779269567.19, migrating=True, epoch=2, total_epochs=3, configured=500000000 B/s, rate=499804439 B/s, pending=3003121664 bytes ([44.06%] 2365587456/5368709120 bytes copied)
[migrater] timestamp=1779269567.29, migrating=True, epoch=2, total_epochs=3, configured=500000000 B/s, rate=500079799 B/s, pending=2952790016 bytes ([45.00%] 2415919104/5368709120 bytes copied)
[migrater] timestamp=1779269567.39, migrating=True, epoch=2, total_epochs=3, configured=500000000 B/s, rate=500138087 B/s, pending=2902458368 bytes ([45.94%] 2466250752/5368709120 bytes copied)
[migrater] timestamp=1779269567.49, migrating=True, epoch=2, total_epochs=3, configured=500000000 B/s, rate=499998769 B/s, pending=2852126720 bytes ([46.88%] 2516582400/5368709120 bytes copied)
[migrater] timestamp=1779269567.59, migrating=True, epoch=2, total_epochs=3, configured=500000000 B/s, rate=500039903 B/s, pending=2801795072 bytes ([47.81%] 2566914048/5368709120 bytes copied)
[migrater] timestamp=1779269567.69, migrating=True, epoch=2, total_epochs=3, configured=500000000 B/s, rate=499920257 B/s, pending=2751463424 bytes ([48.75%] 2617245696/5368709120 bytes copied)
[migrater] timestamp=1779269567.79, migrating=True, epoch=2, total_epochs=3, configured=500000000 B/s, rate=500098432 B/s, pending=2701131776 bytes ([49.69%] 2667577344/5368709120 bytes copied)
[migrater] timestamp=1779269567.90, migrating=True, epoch=2, total_epochs=3, configured=500000000 B/s, rate=500099922 B/s, pending=2650800128 bytes ([50.62%] 2717908992/5368709120 bytes copied)
[migrater] timestamp=1779269568.00, migrating=True, epoch=2, total_epochs=3, configured=500000000 B/s, rate=499949853 B/s, pending=2600468480 bytes ([51.56%] 2768240640/5368709120 bytes copied)
[migrater] timestamp=1779269568.10, migrating=True, epoch=2, total_epochs=3, configured=500000000 B/s, rate=499974679 B/s, pending=2550136832 bytes ([52.50%] 2818572288/5368709120 bytes copied)
[migrater] timestamp=1779269568.20, migrating=True, epoch=2, total_epochs=3, configured=500000000 B/s, rate=499984568 B/s, pending=2499805184 bytes ([53.44%] 2868903936/5368709120 bytes copied)
[migrater] timestamp=1779269568.30, migrating=True, epoch=2, total_epochs=3, configured=500000000 B/s, rate=499983127 B/s, pending=2449473536 bytes ([54.37%] 2919235584/5368709120 bytes copied)
[migrater] timestamp=1779269568.40, migrating=True, epoch=2, total_epochs=3, configured=500000000 B/s, rate=500107227 B/s, pending=2399141888 bytes ([55.31%] 2969567232/5368709120 bytes copied)
[migrater] timestamp=1779269568.50, migrating=True, epoch=2, total_epochs=3, configured=500000000 B/s, rate=499968079 B/s, pending=2348810240 bytes ([56.25%] 3019898880/5368709120 bytes copied)
[migrater] timestamp=1779269568.60, migrating=True, epoch=2, total_epochs=3, configured=500000000 B/s, rate=499787957 B/s, pending=2298478592 bytes ([57.19%] 3070230528/5368709120 bytes copied)
[migrater] timestamp=1779269568.70, migrating=True, epoch=2, total_epochs=3, configured=500000000 B/s, rate=500038016 B/s, pending=2248146944 bytes ([58.13%] 3120562176/5368709120 bytes copied)
[migrater] timestamp=1779269568.80, migrating=True, epoch=2, total_epochs=3, configured=500000000 B/s, rate=500001753 B/s, pending=2197815296 bytes ([59.06%] 3170893824/5368709120 bytes copied)
[migrater] timestamp=1779269568.90, migrating=True, epoch=2, total_epochs=3, configured=500000000 B/s, rate=499947072 B/s, pending=2147483648 bytes ([60.00%] 3221225472/5368709120 bytes copied)
[migrater] timestamp=1779269569.00, migrating=True, epoch=2, total_epochs=3, configured=500000000 B/s, rate=500072892 B/s, pending=2097152000 bytes ([60.94%] 3271557120/5368709120 bytes copied)
[migrater] timestamp=1779269569.10, migrating=True, epoch=2, total_epochs=3, configured=500000000 B/s, rate=499949749 B/s, pending=2046820352 bytes ([61.88%] 3321888768/5368709120 bytes copied)
[migrater] timestamp=1779269569.20, migrating=True, epoch=2, total_epochs=3, configured=500000000 B/s, rate=500160999 B/s, pending=1996488704 bytes ([62.81%] 3372220416/5368709120 bytes copied)
[migrater] timestamp=1779269569.30, migrating=True, epoch=2, total_epochs=3, configured=500000000 B/s, rate=499996637 B/s, pending=1946157056 bytes ([63.75%] 3422552064/5368709120 bytes copied)
[migrater] timestamp=1779269569.40, migrating=True, epoch=2, total_epochs=3, configured=500000000 B/s, rate=499964305 B/s, pending=1895825408 bytes ([64.69%] 3472883712/5368709120 bytes copied)
[migrater] timestamp=1779269569.51, migrating=True, epoch=2, total_epochs=3, configured=500000000 B/s, rate=500023461 B/s, pending=1845493760 bytes ([65.62%] 3523215360/5368709120 bytes copied)
[migrater] timestamp=1779269569.61, migrating=True, epoch=2, total_epochs=3, configured=500000000 B/s, rate=499988640 B/s, pending=1795162112 bytes ([66.56%] 3573547008/5368709120 bytes copied)
[migrater] timestamp=1779269569.71, migrating=True, epoch=2, total_epochs=3, configured=500000000 B/s, rate=500006119 B/s, pending=1744830464 bytes ([67.50%] 3623878656/5368709120 bytes copied)
[migrater] timestamp=1779269569.81, migrating=True, epoch=2, total_epochs=3, configured=500000000 B/s, rate=499978161 B/s, pending=1694498816 bytes ([68.44%] 3674210304/5368709120 bytes copied)
[migrater] timestamp=1779269569.91, migrating=True, epoch=2, total_epochs=3, configured=500000000 B/s, rate=499983674 B/s, pending=1644167168 bytes ([69.38%] 3724541952/5368709120 bytes copied)
[migrater] timestamp=1779269570.01, migrating=True, epoch=2, total_epochs=3, configured=500000000 B/s, rate=500118756 B/s, pending=1593835520 bytes ([70.31%] 3774873600/5368709120 bytes copied)
[migrater] timestamp=1779269570.11, migrating=True, epoch=2, total_epochs=3, configured=500000000 B/s, rate=499823350 B/s, pending=1543503872 bytes ([71.25%] 3825205248/5368709120 bytes copied)
[migrater] timestamp=1779269570.21, migrating=True, epoch=2, total_epochs=3, configured=500000000 B/s, rate=499926657 B/s, pending=1493172224 bytes ([72.19%] 3875536896/5368709120 bytes copied)
[migrater] timestamp=1779269570.31, migrating=True, epoch=2, total_epochs=3, configured=500000000 B/s, rate=500079699 B/s, pending=1442840576 bytes ([73.12%] 3925868544/5368709120 bytes copied)
[migrater] timestamp=1779269570.41, migrating=True, epoch=2, total_epochs=3, configured=500000000 B/s, rate=500024255 B/s, pending=1392508928 bytes ([74.06%] 3976200192/5368709120 bytes copied)
[migrater] timestamp=1779269570.51, migrating=True, epoch=2, total_epochs=3, configured=500000000 B/s, rate=499860629 B/s, pending=1342177280 bytes ([75.00%] 4026531840/5368709120 bytes copied)
[migrater] timestamp=1779269570.61, migrating=True, epoch=2, total_epochs=3, configured=500000000 B/s, rate=500137491 B/s, pending=1291845632 bytes ([75.94%] 4076863488/5368709120 bytes copied)
[migrater] timestamp=1779269570.71, migrating=True, epoch=2, total_epochs=3, configured=500000000 B/s, rate=500140274 B/s, pending=1241513984 bytes ([76.88%] 4127195136/5368709120 bytes copied)
[migrater] timestamp=1779269570.81, migrating=True, epoch=2, total_epochs=3, configured=500000000 B/s, rate=500007709 B/s, pending=1191182336 bytes ([77.81%] 4177526784/5368709120 bytes copied)
[migrater] timestamp=1779269570.91, migrating=True, epoch=2, total_epochs=3, configured=500000000 B/s, rate=499925123 B/s, pending=1140850688 bytes ([78.75%] 4227858432/5368709120 bytes copied)
[migrater] timestamp=1779269571.02, migrating=True, epoch=2, total_epochs=3, configured=500000000 B/s, rate=499991819 B/s, pending=1090519040 bytes ([79.69%] 4278190080/5368709120 bytes copied)
[migrater] timestamp=1779269571.12, migrating=True, epoch=2, total_epochs=3, configured=500000000 B/s, rate=500000860 B/s, pending=1040187392 bytes ([80.62%] 4328521728/5368709120 bytes copied)
[migrater] timestamp=1779269571.22, migrating=True, epoch=2, total_epochs=3, configured=500000000 B/s, rate=500079699 B/s, pending=989855744 bytes ([81.56%] 4378853376/5368709120 bytes copied)
[migrater] timestamp=1779269571.32, migrating=True, epoch=2, total_epochs=3, configured=500000000 B/s, rate=499999066 B/s, pending=939524096 bytes ([82.50%] 4429185024/5368709120 bytes copied)
[migrater] timestamp=1779269571.42, migrating=True, epoch=2, total_epochs=3, configured=500000000 B/s, rate=499909780 B/s, pending=889192448 bytes ([83.44%] 4479516672/5368709120 bytes copied)
[migrater] timestamp=1779269571.52, migrating=True, epoch=2, total_epochs=3, configured=500000000 B/s, rate=499962020 B/s, pending=838860800 bytes ([84.38%] 4529848320/5368709120 bytes copied)
[migrater] timestamp=1779269571.62, migrating=True, epoch=2, total_epochs=3, configured=500000000 B/s, rate=499987399 B/s, pending=788529152 bytes ([85.31%] 4580179968/5368709120 bytes copied)
[migrater] timestamp=1779269571.72, migrating=True, epoch=2, total_epochs=3, configured=500000000 B/s, rate=500017598 B/s, pending=738197504 bytes ([86.25%] 4630511616/5368709120 bytes copied)
[migrater] timestamp=1779269571.82, migrating=True, epoch=2, total_epochs=3, configured=500000000 B/s, rate=499893936 B/s, pending=687865856 bytes ([87.19%] 4680843264/5368709120 bytes copied)
[migrater] timestamp=1779269571.92, migrating=True, epoch=2, total_epochs=3, configured=500000000 B/s, rate=499812430 B/s, pending=637534208 bytes ([88.12%] 4731174912/5368709120 bytes copied)
[migrater] timestamp=1779269572.02, migrating=True, epoch=2, total_epochs=3, configured=500000000 B/s, rate=500124371 B/s, pending=587202560 bytes ([89.06%] 4781506560/5368709120 bytes copied)
[migrater] timestamp=1779269572.12, migrating=True, epoch=2, total_epochs=3, configured=666666666 B/s, rate=500040897 B/s, pending=536870912 bytes ([90.00%] 4831838208/5368709120 bytes copied)
[migrater] timestamp=1779269572.24, migrating=True, epoch=2, total_epochs=3, configured=666666666 B/s, rate=670735703 B/s, pending=461373440 bytes ([91.41%] 4907335680/5368709120 bytes copied)
[migrater] timestamp=1779269572.34, migrating=True, epoch=2, total_epochs=3, configured=666666666 B/s, rate=667062961 B/s, pending=394264576 bytes ([92.66%] 4974444544/5368709120 bytes copied)
[migrater] timestamp=1779269572.44, migrating=True, epoch=2, total_epochs=3, configured=666666666 B/s, rate=666594506 B/s, pending=327155712 bytes ([93.91%] 5041553408/5368709120 bytes copied)
[migrater] timestamp=1779269572.54, migrating=True, epoch=2, total_epochs=3, configured=666666666 B/s, rate=666812485 B/s, pending=260046848 bytes ([95.16%] 5108662272/5368709120 bytes copied)
[migrater] timestamp=1779269572.64, migrating=True, epoch=2, total_epochs=3, configured=666666666 B/s, rate=666121875 B/s, pending=192937984 bytes ([96.41%] 5175771136/5368709120 bytes copied)
[migrater] timestamp=1779269572.74, migrating=True, epoch=2, total_epochs=3, configured=666666666 B/s, rate=666768162 B/s, pending=125829120 bytes ([97.66%] 5242880000/5368709120 bytes copied)
[migrater] timestamp=1779269572.84, migrating=True, epoch=2, total_epochs=3, configured=666666666 B/s, rate=666180072 B/s, pending=58720256 bytes ([98.91%] 5309988864/5368709120 bytes copied)
[migrater] timestamp=1779269573.00, migrating=False, epoch=2, total_epochs=3, configured=2000000000 B/s, rate=0 B/s, pending=0 bytes ([100.00%] 5368709120/5368709120 bytes copied)
[migrater] timestamp=1779269573.10, migrating=False, epoch=2, total_epochs=3, configured=0 B/s, rate=0 B/s, pending=0 bytes
[migrater] timestamp=1779269573.20, migrating=False, epoch=2, total_epochs=3, configured=0 B/s, rate=0 B/s, pending=0 bytes
[migrater] timestamp=1779269573.30, migrating=False, epoch=2, total_epochs=3, configured=0 B/s, rate=0 B/s, pending=0 bytes
[migrater] timestamp=1779269573.40, migrating=False, epoch=2, total_epochs=3, configured=0 B/s, rate=0 B/s, pending=0 bytes
[migrater] timestamp=1779269573.50, migrating=False, epoch=2, total_epochs=3, configured=0 B/s, rate=0 B/s, pending=0 bytes
[migrater] timestamp=1779269573.60, migrating=False, epoch=2, total_epochs=3, configured=0 B/s, rate=0 B/s, pending=0 bytes
[migrater] timestamp=1779269573.70, migrating=False, epoch=2, total_epochs=3, configured=0 B/s, rate=0 B/s, pending=0 bytes
[migrater] timestamp=1779269573.80, migrating=False, epoch=2, total_epochs=3, configured=0 B/s, rate=0 B/s, pending=0 bytes
[migrater] timestamp=1779269573.90, migrating=False, epoch=2, total_epochs=3, configured=0 B/s, rate=0 B/s, pending=0 bytes
[migrater] timestamp=1779269574.00, migrating=False, epoch=2, total_epochs=3, configured=0 B/s, rate=0 B/s, pending=0 bytes
[migrater] timestamp=1779269574.10, migrating=False, epoch=2, total_epochs=3, configured=0 B/s, rate=0 B/s, pending=0 bytes
[migrater] timestamp=1779269574.20, migrating=False, epoch=2, total_epochs=3, configured=0 B/s, rate=0 B/s, pending=0 bytes
[migrater] timestamp=1779269574.30, migrating=False, epoch=2, total_epochs=3, configured=0 B/s, rate=0 B/s, pending=0 bytes
[migrater] timestamp=1779269574.40, migrating=False, epoch=2, total_epochs=3, configured=0 B/s, rate=0 B/s, pending=0 bytes
[migrater] timestamp=1779269574.51, migrating=False, epoch=2, total_epochs=3, configured=0 B/s, rate=0 B/s, pending=0 bytes
[migrater] timestamp=1779269574.61, migrating=False, epoch=2, total_epochs=3, configured=0 B/s, rate=0 B/s, pending=0 bytes
[migrater] timestamp=1779269574.71, migrating=False, epoch=2, total_epochs=3, configured=0 B/s, rate=0 B/s, pending=0 bytes
[migrater] timestamp=1779269574.81, migrating=False, epoch=2, total_epochs=3, configured=0 B/s, rate=0 B/s, pending=0 bytes
[migrater] timestamp=1779269574.91, migrating=False, epoch=2, total_epochs=3, configured=0 B/s, rate=0 B/s, pending=0 bytes
[migrater] timestamp=1779269575.01, migrating=False, epoch=2, total_epochs=3, configured=0 B/s, rate=0 B/s, pending=0 bytes
[migrater] timestamp=1779269575.11, migrating=False, epoch=2, total_epochs=3, configured=0 B/s, rate=0 B/s, pending=0 bytes
[migrater] timestamp=1779269575.21, migrating=False, epoch=2, total_epochs=3, configured=0 B/s, rate=0 B/s, pending=0 bytes
[migrater] timestamp=1779269575.31, migrating=False, epoch=2, total_epochs=3, configured=0 B/s, rate=0 B/s, pending=0 bytes
[migrater] timestamp=1779269575.41, migrating=False, epoch=2, total_epochs=3, configured=0 B/s, rate=0 B/s, pending=0 bytes
[migrater] timestamp=1779269575.51, migrating=False, epoch=2, total_epochs=3, configured=0 B/s, rate=0 B/s, pending=0 bytes
[migrater] timestamp=1779269575.61, migrating=False, epoch=2, total_epochs=3, configured=0 B/s, rate=0 B/s, pending=0 bytes
[migrater] timestamp=1779269575.71, migrating=False, epoch=2, total_epochs=3, configured=0 B/s, rate=0 B/s, pending=0 bytes
[migrater] timestamp=1779269575.81, migrating=False, epoch=2, total_epochs=3, configured=0 B/s, rate=0 B/s, pending=0 bytes
[migrater] timestamp=1779269575.91, migrating=False, epoch=2, total_epochs=3, configured=0 B/s, rate=0 B/s, pending=0 bytes
[migrater] timestamp=1779269576.01, migrating=False, epoch=2, total_epochs=3, configured=0 B/s, rate=0 B/s, pending=0 bytes
[migrater] timestamp=1779269576.11, migrating=False, epoch=2, total_epochs=3, configured=0 B/s, rate=0 B/s, pending=0 bytes
[migrater] timestamp=1779269576.21, migrating=False, epoch=2, total_epochs=3, configured=0 B/s, rate=0 B/s, pending=0 bytes
[migrater] timestamp=1779269576.31, migrating=False, epoch=2, total_epochs=3, configured=0 B/s, rate=0 B/s, pending=0 bytes
[migrater] timestamp=1779269576.41, migrating=False, epoch=2, total_epochs=3, configured=0 B/s, rate=0 B/s, pending=0 bytes
[migrater] timestamp=1779269576.51, migrating=False, epoch=2, total_epochs=3, configured=0 B/s, rate=0 B/s, pending=0 bytes
[migrater] timestamp=1779269576.61, migrating=False, epoch=2, total_epochs=3, configured=0 B/s, rate=0 B/s, pending=0 bytes
[migrater] timestamp=1779269576.71, migrating=False, epoch=2, total_epochs=3, configured=0 B/s, rate=0 B/s, pending=0 bytes
[migrater] timestamp=1779269576.81, migrating=False, epoch=2, total_epochs=3, configured=0 B/s, rate=0 B/s, pending=0 bytes
[migrater] timestamp=1779269576.91, migrating=False, epoch=2, total_epochs=3, configured=0 B/s, rate=0 B/s, pending=0 bytes
[migrater] timestamp=1779269577.02, migrating=False, epoch=2, total_epochs=3, configured=0 B/s, rate=0 B/s, pending=0 bytes
[migrater] timestamp=1779269577.12, migrating=False, epoch=2, total_epochs=3, configured=0 B/s, rate=0 B/s, pending=0 bytes
[migrater] timestamp=1779269577.22, migrating=False, epoch=2, total_epochs=3, configured=0 B/s, rate=0 B/s, pending=0 bytes
[migrater] timestamp=1779269577.32, migrating=False, epoch=2, total_epochs=3, configured=0 B/s, rate=0 B/s, pending=0 bytes
[migrater] timestamp=1779269577.42, migrating=False, epoch=2, total_epochs=3, configured=0 B/s, rate=0 B/s, pending=0 bytes
[migrater] timestamp=1779269577.52, migrating=False, epoch=2, total_epochs=3, configured=0 B/s, rate=0 B/s, pending=0 bytes
[migrater] timestamp=1779269577.62, migrating=False, epoch=2, total_epochs=3, configured=0 B/s, rate=0 B/s, pending=0 bytes
[migrater] timestamp=1779269577.72, migrating=False, epoch=2, total_epochs=3, configured=0 B/s, rate=0 B/s, pending=0 bytes
[migrater] timestamp=1779269577.82, migrating=False, epoch=2, total_epochs=3, configured=0 B/s, rate=0 B/s, pending=0 bytes
[migrater] timestamp=1779269577.92, migrating=False, epoch=2, total_epochs=3, configured=0 B/s, rate=0 B/s, pending=0 bytes
[migrater] timestamp=1779269578.02, migrating=False, epoch=2, total_epochs=3, configured=0 B/s, rate=0 B/s, pending=0 bytes
[migrater] timestamp=1779269578.12, migrating=False, epoch=2, total_epochs=3, configured=0 B/s, rate=0 B/s, pending=0 bytes
[migrater] timestamp=1779269578.22, migrating=False, epoch=2, total_epochs=3, configured=0 B/s, rate=0 B/s, pending=0 bytes
[migrater] timestamp=1779269578.32, migrating=False, epoch=2, total_epochs=3, configured=0 B/s, rate=0 B/s, pending=0 bytes
[migrater] timestamp=1779269578.42, migrating=False, epoch=2, total_epochs=3, configured=0 B/s, rate=0 B/s, pending=0 bytes
[migrater] timestamp=1779269578.52, migrating=False, epoch=2, total_epochs=3, configured=0 B/s, rate=0 B/s, pending=0 bytes
[migrater] timestamp=1779269578.62, migrating=False, epoch=2, total_epochs=3, configured=0 B/s, rate=0 B/s, pending=0 bytes
[migrater] timestamp=1779269578.72, migrating=False, epoch=2, total_epochs=3, configured=0 B/s, rate=0 B/s, pending=0 bytes
[migrater] timestamp=1779269578.82, migrating=False, epoch=2, total_epochs=3, configured=0 B/s, rate=0 B/s, pending=0 bytes
[migrater] timestamp=1779269578.92, migrating=False, epoch=2, total_epochs=3, configured=0 B/s, rate=0 B/s, pending=0 bytes
[migrater] timestamp=1779269579.02, migrating=False, epoch=2, total_epochs=3, configured=0 B/s, rate=0 B/s, pending=0 bytes
[migrater] timestamp=1779269579.12, migrating=False, epoch=3, total_epochs=3, configured=0 B/s, rate=0 B/s, pending=5368709120 bytes
[migrater] timestamp=1779269579.22, migrating=True, epoch=3, total_epochs=3, configured=0 B/s, rate=0 B/s, pending=5368709120 bytes
[migrater] timestamp=1779269579.25, migrating=True, epoch=3, total_epochs=3, configured=500000000 B/s, rate=481323399 B/s, pending=5318377472 bytes ([0.94%] 50331648/5368709120 bytes copied)
[migrater] timestamp=1779269579.35, migrating=True, epoch=3, total_epochs=3, configured=500000000 B/s, rate=500054311 B/s, pending=5268045824 bytes ([1.88%] 100663296/5368709120 bytes copied)
[migrater] timestamp=1779269579.45, migrating=True, epoch=3, total_epochs=3, configured=500000000 B/s, rate=500127899 B/s, pending=5217714176 bytes ([2.81%] 150994944/5368709120 bytes copied)
[migrater] timestamp=1779269579.55, migrating=True, epoch=3, total_epochs=3, configured=500000000 B/s, rate=500001555 B/s, pending=5167382528 bytes ([3.75%] 201326592/5368709120 bytes copied)
[migrater] timestamp=1779269579.65, migrating=True, epoch=3, total_epochs=3, configured=500000000 B/s, rate=499955117 B/s, pending=5117050880 bytes ([4.69%] 251658240/5368709120 bytes copied)
[migrater] timestamp=1779269579.75, migrating=True, epoch=3, total_epochs=3, configured=500000000 B/s, rate=499833024 B/s, pending=5066719232 bytes ([5.62%] 301989888/5368709120 bytes copied)
[migrater] timestamp=1779269579.85, migrating=True, epoch=3, total_epochs=3, configured=500000000 B/s, rate=500007267 B/s, pending=5016387584 bytes ([6.56%] 352321536/5368709120 bytes copied)
[migrater] timestamp=1779269579.95, migrating=True, epoch=3, total_epochs=3, configured=500000000 B/s, rate=499937438 B/s, pending=4966055936 bytes ([7.50%] 402653184/5368709120 bytes copied)
[migrater] timestamp=1779269580.05, migrating=True, epoch=3, total_epochs=3, configured=500000000 B/s, rate=499885253 B/s, pending=4915724288 bytes ([8.44%] 452984832/5368709120 bytes copied)
[migrater] timestamp=1779269580.15, migrating=True, epoch=3, total_epochs=3, configured=500000000 B/s, rate=500005032 B/s, pending=4865392640 bytes ([9.38%] 503316480/5368709120 bytes copied)
[migrater] timestamp=1779269580.25, migrating=True, epoch=3, total_epochs=3, configured=500000000 B/s, rate=500045761 B/s, pending=4815060992 bytes ([10.31%] 553648128/5368709120 bytes copied)
[migrater] timestamp=1779269580.35, migrating=True, epoch=3, total_epochs=3, configured=500000000 B/s, rate=500157023 B/s, pending=4764729344 bytes ([11.25%] 603979776/5368709120 bytes copied)
[migrater] timestamp=1779269580.45, migrating=True, epoch=3, total_epochs=3, configured=500000000 B/s, rate=499984469 B/s, pending=4714397696 bytes ([12.19%] 654311424/5368709120 bytes copied)
[migrater] timestamp=1779269580.55, migrating=True, epoch=3, total_epochs=3, configured=500000000 B/s, rate=500028875 B/s, pending=4664066048 bytes ([13.12%] 704643072/5368709120 bytes copied)
[migrater] timestamp=1779269580.66, migrating=True, epoch=3, total_epochs=3, configured=500000000 B/s, rate=499989485 B/s, pending=4613734400 bytes ([14.06%] 754974720/5368709120 bytes copied)
[migrater] timestamp=1779269580.76, migrating=True, epoch=3, total_epochs=3, configured=500000000 B/s, rate=499840618 B/s, pending=4563402752 bytes ([15.00%] 805306368/5368709120 bytes copied)
[migrater] timestamp=1779269580.86, migrating=True, epoch=3, total_epochs=3, configured=500000000 B/s, rate=500232830 B/s, pending=4513071104 bytes ([15.94%] 855638016/5368709120 bytes copied)
[migrater] timestamp=1779269580.96, migrating=True, epoch=3, total_epochs=3, configured=500000000 B/s, rate=499999071 B/s, pending=4462739456 bytes ([16.88%] 905969664/5368709120 bytes copied)
[migrater] timestamp=1779269581.06, migrating=True, epoch=3, total_epochs=3, configured=500000000 B/s, rate=499973691 B/s, pending=4412407808 bytes ([17.81%] 956301312/5368709120 bytes copied)
[migrater] timestamp=1779269581.16, migrating=True, epoch=3, total_epochs=3, configured=500000000 B/s, rate=499963858 B/s, pending=4362076160 bytes ([18.75%] 1006632960/5368709120 bytes copied)
[migrater] timestamp=1779269581.26, migrating=True, epoch=3, total_epochs=3, configured=500000000 B/s, rate=499809253 B/s, pending=4311744512 bytes ([19.69%] 1056964608/5368709120 bytes copied)
[migrater] timestamp=1779269581.36, migrating=True, epoch=3, total_epochs=3, configured=500000000 B/s, rate=500140120 B/s, pending=4261412864 bytes ([20.62%] 1107296256/5368709120 bytes copied)
[migrater] timestamp=1779269581.46, migrating=True, epoch=3, total_epochs=3, configured=500000000 B/s, rate=499945185 B/s, pending=4211081216 bytes ([21.56%] 1157627904/5368709120 bytes copied)
[migrater] timestamp=1779269581.56, migrating=True, epoch=3, total_epochs=3, configured=500000000 B/s, rate=499996836 B/s, pending=4160749568 bytes ([22.50%] 1207959552/5368709120 bytes copied)
[migrater] timestamp=1779269581.66, migrating=True, epoch=3, total_epochs=3, configured=500000000 B/s, rate=499995892 B/s, pending=4110417920 bytes ([23.44%] 1258291200/5368709120 bytes copied)
[migrater] timestamp=1779269581.76, migrating=True, epoch=3, total_epochs=3, configured=500000000 B/s, rate=499897615 B/s, pending=4060086272 bytes ([24.38%] 1308622848/5368709120 bytes copied)
[migrater] timestamp=1779269581.86, migrating=True, epoch=3, total_epochs=3, configured=500000000 B/s, rate=500294288 B/s, pending=4009754624 bytes ([25.31%] 1358954496/5368709120 bytes copied)
[migrater] timestamp=1779269581.96, migrating=True, epoch=3, total_epochs=3, configured=500000000 B/s, rate=499933957 B/s, pending=3959422976 bytes ([26.25%] 1409286144/5368709120 bytes copied)
[migrater] timestamp=1779269582.06, migrating=True, epoch=3, total_epochs=3, configured=500000000 B/s, rate=499971059 B/s, pending=3909091328 bytes ([27.19%] 1459617792/5368709120 bytes copied)
[migrater] timestamp=1779269582.17, migrating=True, epoch=3, total_epochs=3, configured=500000000 B/s, rate=499988095 B/s, pending=3858759680 bytes ([28.12%] 1509949440/5368709120 bytes copied)
[migrater] timestamp=1779269582.27, migrating=True, epoch=3, total_epochs=3, configured=500000000 B/s, rate=500003442 B/s, pending=3808428032 bytes ([29.06%] 1560281088/5368709120 bytes copied)
[migrater] timestamp=1779269582.37, migrating=True, epoch=3, total_epochs=3, configured=500000000 B/s, rate=499815800 B/s, pending=3758096384 bytes ([30.00%] 1610612736/5368709120 bytes copied)
[migrater] timestamp=1779269582.47, migrating=True, epoch=3, total_epochs=3, configured=500000000 B/s, rate=500186846 B/s, pending=3707764736 bytes ([30.94%] 1660944384/5368709120 bytes copied)
[migrater] timestamp=1779269582.57, migrating=True, epoch=3, total_epochs=3, configured=500000000 B/s, rate=499989087 B/s, pending=3657433088 bytes ([31.87%] 1711276032/5368709120 bytes copied)
[migrater] timestamp=1779269582.67, migrating=True, epoch=3, total_epochs=3, configured=500000000 B/s, rate=500025200 B/s, pending=3607101440 bytes ([32.81%] 1761607680/5368709120 bytes copied)
[migrater] timestamp=1779269582.77, migrating=True, epoch=3, total_epochs=3, configured=500000000 B/s, rate=499865642 B/s, pending=3556769792 bytes ([33.75%] 1811939328/5368709120 bytes copied)
[migrater] timestamp=1779269582.87, migrating=True, epoch=3, total_epochs=3, configured=500000000 B/s, rate=499790786 B/s, pending=3506438144 bytes ([34.69%] 1862270976/5368709120 bytes copied)
[migrater] timestamp=1779269582.97, migrating=True, epoch=3, total_epochs=3, configured=500000000 B/s, rate=500265197 B/s, pending=3456106496 bytes ([35.62%] 1912602624/5368709120 bytes copied)
[migrater] timestamp=1779269583.07, migrating=True, epoch=3, total_epochs=3, configured=500000000 B/s, rate=499992565 B/s, pending=3405774848 bytes ([36.56%] 1962934272/5368709120 bytes copied)
[migrater] timestamp=1779269583.17, migrating=True, epoch=3, total_epochs=3, configured=500000000 B/s, rate=500025348 B/s, pending=3355443200 bytes ([37.50%] 2013265920/5368709120 bytes copied)
[migrater] timestamp=1779269583.27, migrating=True, epoch=3, total_epochs=3, configured=500000000 B/s, rate=499827717 B/s, pending=3305111552 bytes ([38.44%] 2063597568/5368709120 bytes copied)
[migrater] timestamp=1779269583.37, migrating=True, epoch=3, total_epochs=3, configured=500000000 B/s, rate=500201610 B/s, pending=3254779904 bytes ([39.38%] 2113929216/5368709120 bytes copied)
[migrater] timestamp=1779269583.47, migrating=True, epoch=3, total_epochs=3, configured=500000000 B/s, rate=500180285 B/s, pending=3204448256 bytes ([40.31%] 2164260864/5368709120 bytes copied)
[migrater] timestamp=1779269583.57, migrating=True, epoch=3, total_epochs=3, configured=500000000 B/s, rate=499875715 B/s, pending=3154116608 bytes ([41.25%] 2214592512/5368709120 bytes copied)
[migrater] timestamp=1779269583.68, migrating=True, epoch=3, total_epochs=3, configured=500000000 B/s, rate=500016059 B/s, pending=3103784960 bytes ([42.19%] 2264924160/5368709120 bytes copied)
[migrater] timestamp=1779269583.78, migrating=True, epoch=3, total_epochs=3, configured=500000000 B/s, rate=499876614 B/s, pending=3053453312 bytes ([43.12%] 2315255808/5368709120 bytes copied)
[migrater] timestamp=1779269583.88, migrating=True, epoch=3, total_epochs=3, configured=500000000 B/s, rate=500088544 B/s, pending=3003121664 bytes ([44.06%] 2365587456/5368709120 bytes copied)
[migrater] timestamp=1779269583.98, migrating=True, epoch=3, total_epochs=3, configured=500000000 B/s, rate=499978857 B/s, pending=2952790016 bytes ([45.00%] 2415919104/5368709120 bytes copied)
[migrater] timestamp=1779269584.08, migrating=True, epoch=3, total_epochs=3, configured=500000000 B/s, rate=500086451 B/s, pending=2902458368 bytes ([45.94%] 2466250752/5368709120 bytes copied)
[migrater] timestamp=1779269584.18, migrating=True, epoch=3, total_epochs=3, configured=500000000 B/s, rate=499896275 B/s, pending=2852126720 bytes ([46.88%] 2516582400/5368709120 bytes copied)
[migrater] timestamp=1779269584.28, migrating=True, epoch=3, total_epochs=3, configured=500000000 B/s, rate=499986356 B/s, pending=2801795072 bytes ([47.81%] 2566914048/5368709120 bytes copied)
[migrater] timestamp=1779269584.38, migrating=True, epoch=3, total_epochs=3, configured=500000000 B/s, rate=499898559 B/s, pending=2751463424 bytes ([48.75%] 2617245696/5368709120 bytes copied)
[migrater] timestamp=1779269584.48, migrating=True, epoch=3, total_epochs=3, configured=500000000 B/s, rate=500025249 B/s, pending=2701131776 bytes ([49.69%] 2667577344/5368709120 bytes copied)
[migrater] timestamp=1779269584.58, migrating=True, epoch=3, total_epochs=3, configured=500000000 B/s, rate=500074080 B/s, pending=2650800128 bytes ([50.62%] 2717908992/5368709120 bytes copied)
[migrater] timestamp=1779269584.68, migrating=True, epoch=3, total_epochs=3, configured=500000000 B/s, rate=499889671 B/s, pending=2600468480 bytes ([51.56%] 2768240640/5368709120 bytes copied)
[migrater] timestamp=1779269584.78, migrating=True, epoch=3, total_epochs=3, configured=500000000 B/s, rate=499921001 B/s, pending=2550136832 bytes ([52.50%] 2818572288/5368709120 bytes copied)
[migrater] timestamp=1779269584.88, migrating=True, epoch=3, total_epochs=3, configured=500000000 B/s, rate=500186796 B/s, pending=2499805184 bytes ([53.44%] 2868903936/5368709120 bytes copied)
[migrater] timestamp=1779269584.98, migrating=True, epoch=3, total_epochs=3, configured=500000000 B/s, rate=500097587 B/s, pending=2449473536 bytes ([54.37%] 2919235584/5368709120 bytes copied)
[migrater] timestamp=1779269585.08, migrating=True, epoch=3, total_epochs=3, configured=500000000 B/s, rate=499818530 B/s, pending=2399141888 bytes ([55.31%] 2969567232/5368709120 bytes copied)
[migrater] timestamp=1779269585.19, migrating=True, epoch=3, total_epochs=3, configured=500000000 B/s, rate=500086407 B/s, pending=2348810240 bytes ([56.25%] 3019898880/5368709120 bytes copied)
[migrater] timestamp=1779269585.29, migrating=True, epoch=3, total_epochs=3, configured=500000000 B/s, rate=500021871 B/s, pending=2298478592 bytes ([57.19%] 3070230528/5368709120 bytes copied)
[migrater] timestamp=1779269585.39, migrating=True, epoch=3, total_epochs=3, configured=500000000 B/s, rate=499989485 B/s, pending=2248146944 bytes ([58.13%] 3120562176/5368709120 bytes copied)
[migrater] timestamp=1779269585.49, migrating=True, epoch=3, total_epochs=3, configured=500000000 B/s, rate=500001505 B/s, pending=2197815296 bytes ([59.06%] 3170893824/5368709120 bytes copied)
[migrater] timestamp=1779269585.59, migrating=True, epoch=3, total_epochs=3, configured=500000000 B/s, rate=500003393 B/s, pending=2147483648 bytes ([60.00%] 3221225472/5368709120 bytes copied)
[migrater] timestamp=1779269585.69, migrating=True, epoch=3, total_epochs=3, configured=500000000 B/s, rate=500046158 B/s, pending=2097152000 bytes ([60.94%] 3271557120/5368709120 bytes copied)
[migrater] timestamp=1779269585.79, migrating=True, epoch=3, total_epochs=3, configured=500000000 B/s, rate=499982432 B/s, pending=2046820352 bytes ([61.88%] 3321888768/5368709120 bytes copied)
[migrater] timestamp=1779269585.90, migrating=True, epoch=3, total_epochs=3, configured=666666666 B/s, rate=533766312 B/s, pending=1988100096 bytes ([62.97%] 3380609024/5368709120 bytes copied)
[migrater] timestamp=1779269586.00, migrating=True, epoch=3, total_epochs=3, configured=666666666 B/s, rate=666352050 B/s, pending=1920991232 bytes ([64.22%] 3447717888/5368709120 bytes copied)
[migrater] timestamp=1779269586.10, migrating=True, epoch=3, total_epochs=3, configured=666666666 B/s, rate=666811293 B/s, pending=1853882368 bytes ([65.47%] 3514826752/5368709120 bytes copied)
[migrater] timestamp=1779269586.20, migrating=True, epoch=3, total_epochs=3, configured=666666666 B/s, rate=666628403 B/s, pending=1786773504 bytes ([66.72%] 3581935616/5368709120 bytes copied)
[migrater] timestamp=1779269586.30, migrating=True, epoch=3, total_epochs=3, configured=666666666 B/s, rate=666654852 B/s, pending=1719664640 bytes ([67.97%] 3649044480/5368709120 bytes copied)
[migrater] timestamp=1779269586.40, migrating=True, epoch=3, total_epochs=3, configured=666666666 B/s, rate=666606848 B/s, pending=1652555776 bytes ([69.22%] 3716153344/5368709120 bytes copied)
[migrater] timestamp=1779269586.50, migrating=True, epoch=3, total_epochs=3, configured=666666666 B/s, rate=667012792 B/s, pending=1585446912 bytes ([70.47%] 3783262208/5368709120 bytes copied)
[migrater] timestamp=1779269586.60, migrating=True, epoch=3, total_epochs=3, configured=666666666 B/s, rate=666600485 B/s, pending=1518338048 bytes ([71.72%] 3850371072/5368709120 bytes copied)
[migrater] timestamp=1779269586.70, migrating=True, epoch=3, total_epochs=3, configured=666666666 B/s, rate=666520575 B/s, pending=1451229184 bytes ([72.97%] 3917479936/5368709120 bytes copied)
[migrater] timestamp=1779269586.81, migrating=True, epoch=3, total_epochs=3, configured=666666666 B/s, rate=666734927 B/s, pending=1384120320 bytes ([74.22%] 3984588800/5368709120 bytes copied)
[migrater] timestamp=1779269586.91, migrating=True, epoch=3, total_epochs=3, configured=666666666 B/s, rate=666803826 B/s, pending=1317011456 bytes ([75.47%] 4051697664/5368709120 bytes copied)
[migrater] timestamp=1779269587.01, migrating=True, epoch=3, total_epochs=3, configured=666666666 B/s, rate=666592149 B/s, pending=1249902592 bytes ([76.72%] 4118806528/5368709120 bytes copied)
[migrater] timestamp=1779269587.11, migrating=True, epoch=3, total_epochs=3, configured=666666666 B/s, rate=666465899 B/s, pending=1182793728 bytes ([77.97%] 4185915392/5368709120 bytes copied)
[migrater] timestamp=1779269587.21, migrating=True, epoch=3, total_epochs=3, configured=666666666 B/s, rate=666806210 B/s, pending=1115684864 bytes ([79.22%] 4253024256/5368709120 bytes copied)
[migrater] timestamp=1779269587.31, migrating=True, epoch=3, total_epochs=3, configured=666666666 B/s, rate=666809192 B/s, pending=1048576000 bytes ([80.47%] 4320133120/5368709120 bytes copied)
[migrater] timestamp=1779269587.41, migrating=True, epoch=3, total_epochs=3, configured=666666666 B/s, rate=666504423 B/s, pending=981467136 bytes ([81.72%] 4387241984/5368709120 bytes copied)
[migrater] timestamp=1779269587.51, migrating=True, epoch=3, total_epochs=3, configured=666666666 B/s, rate=666425991 B/s, pending=914358272 bytes ([82.97%] 4454350848/5368709120 bytes copied)
[migrater] timestamp=1779269587.61, migrating=True, epoch=3, total_epochs=3, configured=666666666 B/s, rate=666579695 B/s, pending=847249408 bytes ([84.22%] 4521459712/5368709120 bytes copied)
[migrater] timestamp=1779269587.71, migrating=True, epoch=3, total_epochs=3, configured=666666666 B/s, rate=666675978 B/s, pending=780140544 bytes ([85.47%] 4588568576/5368709120 bytes copied)
[migrater] timestamp=1779269587.82, migrating=True, epoch=3, total_epochs=3, configured=1000000000 B/s, rate=800033716 B/s, pending=696254464 bytes ([87.03%] 4672454656/5368709120 bytes copied)
[migrater] timestamp=1779269587.92, migrating=True, epoch=3, total_epochs=3, configured=1000000000 B/s, rate=1000116213 B/s, pending=595591168 bytes ([88.91%] 4773117952/5368709120 bytes copied)
[migrater] timestamp=1779269588.02, migrating=True, epoch=3, total_epochs=3, configured=1000000000 B/s, rate=999947809 B/s, pending=494927872 bytes ([90.78%] 4873781248/5368709120 bytes copied)
[migrater] timestamp=1779269588.12, migrating=True, epoch=3, total_epochs=3, configured=1000000000 B/s, rate=1000124251 B/s, pending=394264576 bytes ([92.66%] 4974444544/5368709120 bytes copied)
[migrater] timestamp=1779269588.22, migrating=True, epoch=3, total_epochs=3, configured=1000000000 B/s, rate=999985656 B/s, pending=293601280 bytes ([94.53%] 5075107840/5368709120 bytes copied)
[migrater] timestamp=1779269588.32, migrating=True, epoch=3, total_epochs=3, configured=1000000000 B/s, rate=998950629 B/s, pending=192937984 bytes ([96.41%] 5175771136/5368709120 bytes copied)
[migrater] timestamp=1779269588.42, migrating=True, epoch=3, total_epochs=3, configured=1000000000 B/s, rate=1000047149 B/s, pending=92274688 bytes ([98.28%] 5276434432/5368709120 bytes copied)
[migrater] timestamp=1779269588.50, migrating=False, epoch=3, total_epochs=3, configured=2000000000 B/s, rate=0 B/s, pending=0 bytes ([100.00%] 5368709120/5368709120 bytes copied)
[migrater] timestamp=1779269588.67, migrating=False, epoch=3, total_epochs=3, configured=0 B/s, rate=0 B/s, pending=0 bytes
[migrater] timestamp=1779269588.77, migrating=False, epoch=3, total_epochs=3, configured=0 B/s, rate=0 B/s, pending=0 bytes
[migrater] timestamp=1779269588.87, migrating=False, epoch=3, total_epochs=3, configured=0 B/s, rate=0 B/s, pending=0 bytes
[migrater] timestamp=1779269588.97, migrating=False, epoch=3, total_epochs=3, configured=0 B/s, rate=0 B/s, pending=0 bytes
[migrater] timestamp=1779269589.07, migrating=False, epoch=3, total_epochs=3, configured=0 B/s, rate=0 B/s, pending=0 bytes
[migrater] timestamp=1779269589.17, migrating=False, epoch=3, total_epochs=3, configured=0 B/s, rate=0 B/s, pending=0 bytes
[migrater] timestamp=1779269589.27, migrating=False, epoch=3, total_epochs=3, configured=0 B/s, rate=0 B/s, pending=0 bytes
[migrater] timestamp=1779269589.37, migrating=False, epoch=3, total_epochs=3, configured=0 B/s, rate=0 B/s, pending=0 bytes
[migrater] timestamp=1779269589.47, migrating=False, epoch=3, total_epochs=3, configured=0 B/s, rate=0 B/s, pending=0 bytes
[migrater] timestamp=1779269589.57, migrating=False, epoch=3, total_epochs=3, configured=0 B/s, rate=0 B/s, pending=0 bytes
[migrater] timestamp=1779269589.67, migrating=False, epoch=3, total_epochs=3, configured=0 B/s, rate=0 B/s, pending=0 bytes
[migrater] timestamp=1779269589.77, migrating=False, epoch=3, total_epochs=3, configured=0 B/s, rate=0 B/s, pending=0 bytes
[migrater] timestamp=1779269589.87, migrating=False, epoch=3, total_epochs=3, configured=0 B/s, rate=0 B/s, pending=0 bytes
[migrater] timestamp=1779269589.97, migrating=False, epoch=3, total_epochs=3, configured=0 B/s, rate=0 B/s, pending=0 bytes
[migrater] timestamp=1779269590.07, migrating=False, epoch=3, total_epochs=3, configured=0 B/s, rate=0 B/s, pending=0 bytes
